Component: ARM Compiler 5.06 update 6 (build 750) Tool: armlink [4d35ed]

==============================================================================

Section Cross References

    stm32f4xx_adc.o(i.ADC_DeInit) refers to stm32f4xx_rcc.o(i.RCC_APB2PeriphResetCmd) for RCC_APB2PeriphResetCmd
    stm32f4xx_can.o(i.CAN_DeInit) refers to stm32f4xx_rcc.o(i.RCC_APB1PeriphResetCmd) for RCC_APB1PeriphResetCmd
    stm32f4xx_can.o(i.CAN_GetITStatus) refers to stm32f4xx_can.o(i.CheckITStatus) for CheckITStatus
    stm32f4xx_cryp.o(i.CRYP_DeInit) refers to stm32f4xx_rcc.o(i.RCC_AHB2PeriphResetCmd) for RCC_AHB2PeriphResetCmd
    stm32f4xx_cryp_aes.o(i.CRYP_AES_CBC) refers to stm32f4xx_cryp.o(i.CRYP_KeyStructInit) for CRYP_KeyStructInit
    stm32f4xx_cryp_aes.o(i.CRYP_AES_CBC) refers to stm32f4xx_cryp.o(i.CRYP_KeyInit) for CRYP_KeyInit
    stm32f4xx_cryp_aes.o(i.CRYP_AES_CBC) refers to stm32f4xx_cryp.o(i.CRYP_Init) for CRYP_Init
    stm32f4xx_cryp_aes.o(i.CRYP_AES_CBC) refers to stm32f4xx_cryp.o(i.CRYP_IVInit) for CRYP_IVInit
    stm32f4xx_cryp_aes.o(i.CRYP_AES_CBC) refers to stm32f4xx_cryp.o(i.CRYP_FIFOFlush) for CRYP_FIFOFlush
    stm32f4xx_cryp_aes.o(i.CRYP_AES_CBC) refers to stm32f4xx_cryp.o(i.CRYP_Cmd) for CRYP_Cmd
    stm32f4xx_cryp_aes.o(i.CRYP_AES_CBC) refers to stm32f4xx_cryp.o(i.CRYP_GetCmdStatus) for CRYP_GetCmdStatus
    stm32f4xx_cryp_aes.o(i.CRYP_AES_CBC) refers to stm32f4xx_cryp.o(i.CRYP_GetFlagStatus) for CRYP_GetFlagStatus
    stm32f4xx_cryp_aes.o(i.CRYP_AES_CBC) refers to stm32f4xx_cryp.o(i.CRYP_DataIn) for CRYP_DataIn
    stm32f4xx_cryp_aes.o(i.CRYP_AES_CBC) refers to stm32f4xx_cryp.o(i.CRYP_DataOut) for CRYP_DataOut
    stm32f4xx_cryp_aes.o(i.CRYP_AES_CCM) refers to stm32f4xx_cryp.o(i.CRYP_KeyStructInit) for CRYP_KeyStructInit
    stm32f4xx_cryp_aes.o(i.CRYP_AES_CCM) refers to stm32f4xx_cryp.o(i.CRYP_FIFOFlush) for CRYP_FIFOFlush
    stm32f4xx_cryp_aes.o(i.CRYP_AES_CCM) refers to stm32f4xx_cryp.o(i.CRYP_KeyInit) for CRYP_KeyInit
    stm32f4xx_cryp_aes.o(i.CRYP_AES_CCM) refers to stm32f4xx_cryp.o(i.CRYP_IVInit) for CRYP_IVInit
    stm32f4xx_cryp_aes.o(i.CRYP_AES_CCM) refers to stm32f4xx_cryp.o(i.CRYP_Init) for CRYP_Init
    stm32f4xx_cryp_aes.o(i.CRYP_AES_CCM) refers to stm32f4xx_cryp.o(i.CRYP_PhaseConfig) for CRYP_PhaseConfig
    stm32f4xx_cryp_aes.o(i.CRYP_AES_CCM) refers to stm32f4xx_cryp.o(i.CRYP_DataIn) for CRYP_DataIn
    stm32f4xx_cryp_aes.o(i.CRYP_AES_CCM) refers to stm32f4xx_cryp.o(i.CRYP_Cmd) for CRYP_Cmd
    stm32f4xx_cryp_aes.o(i.CRYP_AES_CCM) refers to stm32f4xx_cryp.o(i.CRYP_GetCmdStatus) for CRYP_GetCmdStatus
    stm32f4xx_cryp_aes.o(i.CRYP_AES_CCM) refers to stm32f4xx_cryp.o(i.CRYP_GetFlagStatus) for CRYP_GetFlagStatus
    stm32f4xx_cryp_aes.o(i.CRYP_AES_CCM) refers to stm32f4xx_cryp.o(i.CRYP_DataOut) for CRYP_DataOut
    stm32f4xx_cryp_aes.o(i.CRYP_AES_CTR) refers to stm32f4xx_cryp.o(i.CRYP_KeyStructInit) for CRYP_KeyStructInit
    stm32f4xx_cryp_aes.o(i.CRYP_AES_CTR) refers to stm32f4xx_cryp.o(i.CRYP_KeyInit) for CRYP_KeyInit
    stm32f4xx_cryp_aes.o(i.CRYP_AES_CTR) refers to stm32f4xx_cryp.o(i.CRYP_Init) for CRYP_Init
    stm32f4xx_cryp_aes.o(i.CRYP_AES_CTR) refers to stm32f4xx_cryp.o(i.CRYP_IVInit) for CRYP_IVInit
    stm32f4xx_cryp_aes.o(i.CRYP_AES_CTR) refers to stm32f4xx_cryp.o(i.CRYP_FIFOFlush) for CRYP_FIFOFlush
    stm32f4xx_cryp_aes.o(i.CRYP_AES_CTR) refers to stm32f4xx_cryp.o(i.CRYP_Cmd) for CRYP_Cmd
    stm32f4xx_cryp_aes.o(i.CRYP_AES_CTR) refers to stm32f4xx_cryp.o(i.CRYP_GetCmdStatus) for CRYP_GetCmdStatus
    stm32f4xx_cryp_aes.o(i.CRYP_AES_CTR) refers to stm32f4xx_cryp.o(i.CRYP_DataIn) for CRYP_DataIn
    stm32f4xx_cryp_aes.o(i.CRYP_AES_CTR) refers to stm32f4xx_cryp.o(i.CRYP_GetFlagStatus) for CRYP_GetFlagStatus
    stm32f4xx_cryp_aes.o(i.CRYP_AES_CTR) refers to stm32f4xx_cryp.o(i.CRYP_DataOut) for CRYP_DataOut
    stm32f4xx_cryp_aes.o(i.CRYP_AES_ECB) refers to stm32f4xx_cryp.o(i.CRYP_KeyStructInit) for CRYP_KeyStructInit
    stm32f4xx_cryp_aes.o(i.CRYP_AES_ECB) refers to stm32f4xx_cryp.o(i.CRYP_KeyInit) for CRYP_KeyInit
    stm32f4xx_cryp_aes.o(i.CRYP_AES_ECB) refers to stm32f4xx_cryp.o(i.CRYP_Init) for CRYP_Init
    stm32f4xx_cryp_aes.o(i.CRYP_AES_ECB) refers to stm32f4xx_cryp.o(i.CRYP_FIFOFlush) for CRYP_FIFOFlush
    stm32f4xx_cryp_aes.o(i.CRYP_AES_ECB) refers to stm32f4xx_cryp.o(i.CRYP_Cmd) for CRYP_Cmd
    stm32f4xx_cryp_aes.o(i.CRYP_AES_ECB) refers to stm32f4xx_cryp.o(i.CRYP_GetCmdStatus) for CRYP_GetCmdStatus
    stm32f4xx_cryp_aes.o(i.CRYP_AES_ECB) refers to stm32f4xx_cryp.o(i.CRYP_GetFlagStatus) for CRYP_GetFlagStatus
    stm32f4xx_cryp_aes.o(i.CRYP_AES_ECB) refers to stm32f4xx_cryp.o(i.CRYP_DataIn) for CRYP_DataIn
    stm32f4xx_cryp_aes.o(i.CRYP_AES_ECB) refers to stm32f4xx_cryp.o(i.CRYP_DataOut) for CRYP_DataOut
    stm32f4xx_cryp_aes.o(i.CRYP_AES_GCM) refers to stm32f4xx_cryp.o(i.CRYP_KeyStructInit) for CRYP_KeyStructInit
    stm32f4xx_cryp_aes.o(i.CRYP_AES_GCM) refers to stm32f4xx_cryp.o(i.CRYP_FIFOFlush) for CRYP_FIFOFlush
[...]
    ..\..\Libraries\STM32F4xx_StdPeriph_Driver\src\stm32f4xx_cryp_tdes.c 0x00000000   Number         0  stm32f4xx_cryp_tdes.o ABSOLUTE
    ..\..\Libraries\STM32F4xx_StdPeriph_Driver\src\stm32f4xx_dac.c 0x00000000   Number         0  stm32f4xx_dac.o ABSOLUTE
    ..\..\Libraries\STM32F4xx_StdPeriph_Driver\src\stm32f4xx_dbgmcu.c 0x00000000   Number         0  stm32f4xx_dbgmcu.o ABSOLUTE
    ..\..\Libraries\STM32F4xx_StdPeriph_Driver\src\stm32f4xx_dcmi.c 0x00000000   Number         0  stm32f4xx_dcmi.o ABSOLUTE
    ..\..\Libraries\STM32F4xx_StdPeriph_Driver\src\stm32f4xx_dma.c 0x00000000   Number         0  stm32f4xx_dma.o ABSOLUTE
    ..\..\Libraries\STM32F4xx_StdPeriph_Driver\src\stm32f4xx_dma2d.c 0x00000000   Number         0  stm32f4xx_dma2d.o ABSOLUTE
    ..\..\Libraries\STM32F4xx_StdPeriph_Driver\src\stm32f4xx_exti.c 0x00000000   Number         0  stm32f4xx_exti.o ABSOLUTE
    ..\..\Libraries\STM32F4xx_StdPeriph_Driver\src\stm32f4xx_flash.c 0x00000000   Number         0  stm32f4xx_flash.o ABSOLUTE
    ..\..\Libraries\STM32F4xx_StdPeriph_Driver\src\stm32f4xx_flash_ramfunc.c 0x00000000   Number         0  stm32f4xx_flash_ramfunc.o ABSOLUTE
    ..\..\Libraries\STM32F4xx_StdPeriph_Driver\src\stm32f4xx_fmc.c 0x00000000   Number         0  stm32f4xx_fmc.o ABSOLUTE
    ..\..\Libraries\STM32F4xx_StdPeriph_Driver\src\stm32f4xx_fmpi2c.c 0x00000000   Number         0  stm32f4xx_fmpi2c.o ABSOLUTE
    ..\..\Libraries\STM32F4xx_StdPeriph_Driver\src\stm32f4xx_gpio.c 0x00000000   Number         0  stm32f4xx_gpio.o ABSOLUTE
    ..\..\Libraries\STM32F4xx_StdPeriph_Driver\src\stm32f4xx_hash.c 0x00000000   Number         0  stm32f4xx_hash.o ABSOLUTE
    ..\..\Libraries\STM32F4xx_StdPeriph_Driver\src\stm32f4xx_hash_md5.c 0x00000000   Number         0  stm32f4xx_hash_md5.o ABSOLUTE
    ..\..\Libraries\STM32F4xx_StdPeriph_Driver\src\stm32f4xx_hash_sha1.c 0x00000000   Number         0  stm32f4xx_hash_sha1.o ABSOLUTE
    ..\..\Libraries\STM32F4xx_StdPeriph_Driver\src\stm32f4xx_i2c.c 0x00000000   Number         0  stm32f4xx_i2c.o ABSOLUTE
    ..\..\Libraries\STM32F4xx_StdPeriph_Driver\src\stm32f4xx_iwdg.c 0x00000000   Number         0  stm32f4xx_iwdg.o ABSOLUTE
    ..\..\Libraries\STM32F4xx_StdPeriph_Driver\src\stm32f4xx_ltdc.c 0x00000000   Number         0  stm32f4xx_ltdc.o ABSOLUTE
    ..\..\Libraries\STM32F4xx_StdPeriph_Driver\src\stm32f4xx_pwr.c 0x00000000   Number         0  stm32f4xx_pwr.o ABSOLUTE
    ..\..\Libraries\STM32F4xx_StdPeriph_Driver\src\stm32f4xx_qspi.c 0x00000000   Number         0  stm32f4xx_qspi.o ABSOLUTE
    ..\..\Libraries\STM32F4xx_StdPeriph_Driver\src\stm32f4xx_rcc.c 0x00000000   Number         0  stm32f4xx_rcc.o ABSOLUTE
    ..\..\Libraries\STM32F4xx_StdPeriph_Driver\src\stm32f4xx_rng.c 0x00000000   Number         0  stm32f4xx_rng.o ABSOLUTE
    ..\..\Libraries\STM32F4xx_StdPeriph_Driver\src\stm32f4xx_rtc.c 0x00000000   Number         0  stm32f4xx_rtc.o ABSOLUTE
    ..\..\Libraries\STM32F4xx_StdPeriph_Driver\src\stm32f4xx_sai.c 0x00000000   Number         0  stm32f4xx_sai.o ABSOLUTE
    ..\..\Libraries\STM32F4xx_StdPeriph_Driver\src\stm32f4xx_sdio.c 0x00000000   Number         0  stm32f4xx_sdio.o ABSOLUTE
    ..\..\Libraries\STM32F4xx_StdPeriph_Driver\src\stm32f4xx_spdifrx.c 0x00000000   Number         0  stm32f4xx_spdifrx.o ABSOLUTE
    ..\..\Libraries\STM32F4xx_StdPeriph_Driver\src\stm32f4xx_spi.c 0x00000000   Number         0  stm32f4xx_spi.o ABSOLUTE
    ..\..\Libraries\STM32F4xx_StdPeriph_Driver\src\stm32f4xx_syscfg.c 0x00000000   Number         0  stm32f4xx_syscfg.o ABSOLUTE
    ..\..\Libraries\STM32F4xx_StdPeriph_Driver\src\stm32f4xx_tim.c 0x00000000   Number         0  stm32f4xx_tim.o ABSOLUTE
    ..\..\Libraries\STM32F4xx_StdPeriph_Driver\src\stm32f4xx_usart.c 0x00000000   Number         0  stm32f4xx_usart.o ABSOLUTE
    ..\..\Libraries\STM32F4xx_StdPeriph_Driver\src\stm32f4xx_wwdg.c 0x00000000   Number         0  stm32f4xx_wwdg.o ABSOLUTE
    ..\..\User\main.c                        0x00000000   Number         0  main.o ABSOLUTE
    ..\..\User\stm32f4xx_it.c                0x00000000   Number         0  stm32f4xx_it.o ABSOLUTE
    ..\..\emwin\GUI_X\GUI_X_FreeRTOS.c       0x00000000   Number         0  gui_x_freertos.o ABSOLUTE
    ..\..\emwin\config\GUIConf.c             0x00000000   Number         0  guiconf.o ABSOLUTE
    ..\..\emwin\config\LCDConf_Lin_Template.c 0x00000000   Number         0  lcdconf_lin_template.o ABSOLUTE
    ..\..\emwin\emWinTask\MainTask.c         0x00000000   Number         0  maintask.o ABSOLUTE
    ..\\..\\Driver\\cpu.c                    0x00000000   Number         0  cpu.o ABSOLUTE
    ..\\..\\Driver\\lcd.c                    0x00000000   Number         0  lcd.o ABSOLUTE
    ..\\..\\FreeRTOS\\port\\MemMang\\heap_4.c 0x00000000   Number         0  heap_4.o ABSOLUTE
    ..\\..\\FreeRTOS\\port\\RVDS\\ARM_CM4F\\port.c 0x00000000   Number         0  port.o ABSOLUTE
    ..\\..\\FreeRTOS\\src\\croutine.c        0x00000000   Number         0  croutine.o ABSOLUTE
    ..\\..\\FreeRTOS\\src\\event_groups.c    0x00000000   Number         0  event_groups.o ABSOLUTE
    ..\\..\\FreeRTOS\\src\\list.c            0x00000000   Number         0  list.o ABSOLUTE
    ..\\..\\FreeRTOS\\src\\queue.c           0x00000000   Number         0  queue.o ABSOLUTE
    ..\\..\\FreeRTOS\\src\\tasks.c           0x00000000   Number         0  tasks.o ABSOLUTE
    ..\\..\\FreeRTOS\\src\\timers.c          0x00000000   Number         0  timers.o ABSOLUTE
    ..\\..\\Libraries\\CMSIS\\Device\\ST\\STM32F4xx\\Source\\Templates\\system_stm32f4xx.c 0x00000000   Number         0  system_stm32f4xx.o ABSOLUTE
    ..\\..\\Libraries\\STM32F4xx_StdPeriph_Driver\\src\\misc.c 0x00000000   Number         0  misc.o ABSOLUTE
    ..\\..\\Libraries\\STM32F4xx_StdPeriph_Driver\\src\\stm32f4xx_adc.c 0x00000000   Number         0  stm32f4xx_adc.o ABSOLUTE
    ..\\..\\Libraries\\STM32F4xx_StdPeriph_Driver\\src\\stm32f4xx_can.c 0x00000000   Number         0  stm32f4xx_can.o ABSOLUTE
    ..\\..\\Libraries\\STM32F4xx_StdPeriph_Driver\\src\\stm32f4xx_cec.c 0x00000000   Number         0  stm32f4xx_cec.o ABSOLUTE
    ..\\..\\Libraries\\STM32F4xx_StdPeriph_Driver\\src\\stm32f4xx_crc.c 0x00000000   Number         0  stm32f4xx_crc.o ABSOLUTE
    ..\\..\\Libraries\\STM32F4xx_StdPeriph_Driver\\src\\stm32f4xx_cryp.c 0x00000000   Number         0  stm32f4xx_cryp.o ABSOLUTE
    ..\\..\\Libraries\\STM32F4xx_StdPeriph_Driver\\src\\stm32f4xx_cryp_aes.c 0x00000000   Number         0  stm32f4xx_cryp_aes.o ABSOLUTE
    ..\\..\\Libraries\\STM32F4xx_StdPeriph_Driver\\src\\stm32f4xx_cryp_des.c 0x00000000   Number         0  stm32f4xx_cryp_des.o ABSOLUTE
    ..\\..\\Libraries\\STM32F4xx_StdPeriph_Driver\\src\\stm32f4xx_cryp_tdes.c 0x00000000   Number         0  stm32f4xx_cryp_tdes.o ABSOLUTE
    ..\\..\\Libraries\\STM32F4xx_StdPeriph_Driver\\src\\stm32f4xx_dac.c 0x00000000   Number         0  stm32f4xx_dac.o ABSOLUTE
    ..\\..\\Libraries\\STM32F4xx_StdPeriph_Driver\\src\\stm32f4xx_dbgmcu.c 0x00000000   Number         0  stm32f4xx_dbgmcu.o ABSOLUTE
    ..\\..\\Libraries\\STM32F4xx_StdPeriph_Driver\\src\\stm32f4xx_dcmi.c 0x00000000   Number         0  stm32f4xx_dcmi.o ABSOLUTE
    ..\\..\\Libraries\\STM32F4xx_StdPeriph_Driver\\src\\stm32f4xx_dma.c 0x00000000   Number         0  stm32f4xx_dma.o ABSOLUTE
    ..\\..\\Libraries\\STM32F4xx_StdPeriph_Driver\\src\\stm32f4xx_dma2d.c 0x00000000   Number         0  stm32f4xx_dma2d.o ABSOLUTE
    ..\\..\\Libraries\\STM32F4xx_StdPeriph_Driver\\src\\stm32f4xx_exti.c 0x00000000   Number         0  stm32f4xx_exti.o ABSOLUTE
    ..\\..\\Libraries\\STM32F4xx_StdPeriph_Driver\\src\\stm32f4xx_flash.c 0x00000000   Number         0  stm32f4xx_flash.o ABSOLUTE
    ..\\..\\Libraries\\STM32F4xx_StdPeriph_Driver\\src\\stm32f4xx_flash_ramfunc.c 0x00000000   Number         0  stm32f4xx_flash_ramfunc.o ABSOLUTE
    ..\\..\\Libraries\\STM32F4xx_StdPeriph_Driver\\src\\stm32f4xx_fmc.c 0x00000000   Number         0  stm32f4xx_fmc.o ABSOLUTE
    ..\\..\\Libraries\\STM32F4xx_StdPeriph_Driver\\src\\stm32f4xx_fmpi2c.c 0x00000000   Number         0  stm32f4xx_fmpi2c.o ABSOLUTE
    ..\\..\\Libraries\\STM32F4xx_StdPeriph_Driver\\src\\stm32f4xx_gpio.c 0x00000000   Number         0  stm32f4xx_gpio.o ABSOLUTE
    ..\\..\\Libraries\\STM32F4xx_StdPeriph_Driver\\src\\stm32f4xx_hash.c 0x00000000   Number         0  stm32f4xx_hash.o ABSOLUTE
    ..\\..\\Libraries\\STM32F4xx_StdPeriph_Driver\\src\\stm32f4xx_hash_md5.c 0x00000000   Number         0  stm32f4xx_hash_md5.o ABSOLUTE
    ..\\..\\Libraries\\STM32F4xx_StdPeriph_Driver\\src\\stm32f4xx_hash_sha1.c 0x00000000   Number         0  stm32f4xx_hash_sha1.o ABSOLUTE
    ..\\..\\Libraries\\STM32F4xx_StdPeriph_Driver\\src\\stm32f4xx_i2c.c 0x00000000   Number         0  stm32f4xx_i2c.o ABSOLUTE
    ..\\..\\Libraries\\STM32F4xx_StdPeriph_Driver\\src\\stm32f4xx_iwdg.c 0x00000000   Number         0  stm32f4xx_iwdg.o ABSOLUTE
    ..\\..\\Libraries\\STM32F4xx_StdPeriph_Driver\\src\\stm32f4xx_ltdc.c 0x00000000   Number         0  stm32f4xx_ltdc.o ABSOLUTE
    ..\\..\\Libraries\\STM32F4xx_StdPeriph_Driver\\src\\stm32f4xx_pwr.c 0x00000000   Number         0  stm32f4xx_pwr.o ABSOLUTE
    ..\\..\\Libraries\\STM32F4xx_StdPeriph_Driver\\src\\stm32f4xx_qspi.c 0x00000000   Number         0  stm32f4xx_qspi.o ABSOLUTE
    ..\\..\\Libraries\\STM32F4xx_StdPeriph_Driver\\src\\stm32f4xx_rcc.c 0x00000000   Number         0  stm32f4xx_rcc.o ABSOLUTE
    ..\\..\\Libraries\\STM32F4xx_StdPeriph_Driver\\src\\stm32f4xx_rng.c 0x00000000   Number         0  stm32f4xx_rng.o ABSOLUTE
    ..\\..\\Libraries\\STM32F4xx_StdPeriph_Driver\\src\\stm32f4xx_rtc.c 0x00000000   Number         0  stm32f4xx_rtc.o ABSOLUTE
    ..\\..\\Libraries\\STM32F4xx_StdPeriph_Driver\\src\\stm32f4xx_sai.c 0x00000000   Number         0  stm32f4xx_sai.o ABSOLUTE
    ..\\..\\Libraries\\STM32F4xx_StdPeriph_Driver\\src\\stm32f4xx_sdio.c 0x00000000   Number         0  stm32f4xx_sdio.o ABSOLUTE
    ..\\..\\Libraries\\STM32F4xx_StdPeriph_Driver\\src\\stm32f4xx_spdifrx.c 0x00000000   Number         0  stm32f4xx_spdifrx.o ABSOLUTE
    ..\\..\\Libraries\\STM32F4xx_StdPeriph_Driver\\src\\stm32f4xx_spi.c 0x00000000   Number         0  stm32f4xx_spi.o ABSOLUTE
    ..\\..\\Libraries\\STM32F4xx_StdPeriph_Driver\\src\\stm32f4xx_syscfg.c 0x00000000   Number         0  stm32f4xx_syscfg.o ABSOLUTE
    ..\\..\\Libraries\\STM32F4xx_StdPeriph_Driver\\src\\stm32f4xx_tim.c 0x00000000   Number         0  stm32f4xx_tim.o ABSOLUTE
    ..\\..\\Libraries\\STM32F4xx_StdPeriph_Driver\\src\\stm32f4xx_usart.c 0x00000000   Number         0  stm32f4xx_usart.o ABSOLUTE
    ..\\..\\Libraries\\STM32F4xx_StdPeriph_Driver\\src\\stm32f4xx_wwdg.c 0x00000000   Number         0  stm32f4xx_wwdg.o ABSOLUTE
    ..\\..\\User\\main.c                     0x00000000   Number         0  main.o ABSOLUTE
    ..\\..\\User\\stm32f4xx_it.c             0x00000000   Number         0  stm32f4xx_it.o ABSOLUTE
    ..\\..\\emwin\\GUI_X\\GUI_X_FreeRTOS.c   0x00000000   Number         0  gui_x_freertos.o ABSOLUTE
    ..\\..\\emwin\\config\\GUIConf.c         0x00000000   Number         0  guiconf.o ABSOLUTE
    ..\\..\\emwin\\config\\LCDConf_Lin_Template.c 0x00000000   Number         0  lcdconf_lin_template.o ABSOLUTE
    cdrcmple.s                               0x00000000   Number         0  cdrcmple.o ABSOLUTE
    dc.s                                     0x00000000   Number         0  dc.o ABSOLUTE
    handlers.s                               0x00000000   Number         0  handlers.o ABSOLUTE
    init.s                                   0x00000000   Number         0  init.o ABSOLUTE
    RESET                                    0x08000000   Section      428  startup_stm32f429_439xx.o(RESET)
    .ARM.Collect$$$$00000000                 0x080001ac   Section        0  entry.o(.ARM.Collect$$$$00000000)
    .ARM.Collect$$$$00000001                 0x080001ac   Section        4  entry2.o(.ARM.Collect$$$$00000001)
    .ARM.Collect$$$$00000004                 0x080001b0   Section        4  entry5.o(.ARM.Collect$$$$00000004)
    .ARM.Collect$$$$00000008                 0x080001b4   Section        0  entry7b.o(.ARM.Collect$$$$00000008)
    .ARM.Collect$$$$0000000A                 0x080001b4   Section        0  entry8b.o(.ARM.Collect$$$$0000000A)
    .ARM.Collect$$$$0000000B                 0x080001b4   Section        8  entry9a.o(.ARM.Collect$$$$0000000B)
    .ARM.Collect$$$$0000000D                 0x080001bc   Section        0  entry10a.o(.ARM.Collect$$$$0000000D)
    .ARM.Collect$$$$0000000F                 0x080001bc   Section        0  entry11a.o(.ARM.Collect$$$$0000000F)
    .ARM.Collect$$$$00002712                 0x080001bc   Section        4  entry2.o(.ARM.Collect$$$$00002712)
    __lit__00000000                          0x080001bc   Data           4  entry2.o(.ARM.Collect$$$$00002712)
    .emb_text                                0x080001c0   Section      182  port.o(.emb_text)
    $v0                                      0x080001c0   Number         0  port.o(.emb_text)
    .text                                    0x08000278   Section       36  startup_stm32f429_439xx.o(.text)
    $v0                                      0x08000278   Number         0  startup_stm32f429_439xx.o(.text)
    .text                                    0x0800029c   Section        0  memmovea.o(.text)
    .text                                    0x080002dc   Section        0  uidiv.o(.text)
    .text                                    0x08000308   Section       36  init.o(.text)
    i.AppTaskCreate                          0x0800032c   Section        0  main.o(i.AppTaskCreate)
    AppTaskCreate                            0x0800032d   Thumb Code   118  main.o(i.AppTaskCreate)
    i.BOARD_InitSDRAM                        0x08000434   Section        0  cpu.o(i.BOARD_InitSDRAM)
    BOARD_InitSDRAM                          0x08000435   Thumb Code   122  cpu.o(i.BOARD_InitSDRAM)
    i.BusFault_Handler                       0x080004bc   Section        0  stm32f4xx_it.o(i.BusFault_Handler)
    i.DMA2D_IRQHandler                       0x080004c0   Section        0  lcdconf_lin_template.o(i.DMA2D_IRQHandler)
    i.DebugMon_Handler                       0x080004cc   Section        0  stm32f4xx_it.o(i.DebugMon_Handler)
    i.GPIO_Init                              0x080004ce   Section        0  stm32f4xx_gpio.o(i.GPIO_Init)
    i.GPIO_PinAFConfig                       0x08000546   Section        0  stm32f4xx_gpio.o(i.GPIO_PinAFConfig)
    i.GPIO_ResetBits                         0x08000566   Section        0  stm32f4xx_gpio.o(i.GPIO_ResetBits)
    i.GPIO_SetBits                           0x0800056a   Section        0  stm32f4xx_gpio.o(i.GPIO_SetBits)
    i.GUI_MULTIBUF_ConfirmEx                 0x08000570   Section        0  gui_multibuf.o(i.GUI_MULTIBUF_ConfirmEx)
    i.GUI_Task                               0x080005a4   Section        0  main.o(i.GUI_Task)
    GUI_Task                                 0x080005a5   Thumb Code    12  main.o(i.GUI_Task)
    i.HardFault_Handler                      0x080005b0   Section        0  stm32f4xx_it.o(i.HardFault_Handler)
    i.LCD_Clear                              0x080005b4   Section        0  cpu.o(i.LCD_Clear)
    i.LCD_Color_Fill                         0x080005d4   Section        0  lcd.o(i.LCD_Color_Fill)
    i.LCD_Display_Dir                        0x080005e0   Section        0  cpu.o(i.LCD_Display_Dir)
    LCD_Display_Dir                          0x080005e1   Thumb Code    50  cpu.o(i.LCD_Display_Dir)
    i.LCD_DrawLine                           0x08000618   Section        0  lcd.o(i.LCD_DrawLine)
    i.LCD_DrawPoint                          0x080006ae   Section        0  lcd.o(i.LCD_DrawPoint)
    LCD_DrawPoint                            0x080006af   Thumb Code     8  lcd.o(i.LCD_DrawPoint)
    i.LCD_DrawRectangle                      0x080006b6   Section        0  lcd.o(i.LCD_DrawRectangle)
    i.LCD_Draw_Circle                        0x080006f0   Section        0  lcd.o(i.LCD_Draw_Circle)
    i.LCD_Fast_DrawPoint                     0x080007a0   Section        0  lcd.o(i.LCD_Fast_DrawPoint)
    i.LCD_Index2Color_M565                   0x080007a4   Section        0  guicc_m565.o(i.LCD_Index2Color_M565)
    i.LCD_ShowChar                           0x080007d0   Section        0  lcd.o(i.LCD_ShowChar)
    LCD_ShowChar                             0x080007d1   Thumb Code   192  lcd.o(i.LCD_ShowChar)
    i.LCD_ShowString                         0x080008a0   Section        0  lcd.o(i.LCD_ShowString)
    i.LTDC_Clk_Set                           0x080008f4   Section        0  cpu.o(i.LTDC_Clk_Set)
    LTDC_Clk_Set                             0x080008f5   Thumb Code   116  cpu.o(i.LTDC_Clk_Set)
    i.LTDC_Color_Fill                        0x0800096c   Section        0  cpu.o(i.LTDC_Color_Fill)
    i.LTDC_Draw_Point                        0x08000a18   Section        0  cpu.o(i.LTDC_Draw_Point)
    i.LTDC_IRQHandler                        0x08000a54   Section        0  lcdconf_lin_template.o(i.LTDC_IRQHandler)
    i.LTDC_Layer_Window_Config               0x08000ad0   Section        0  cpu.o(i.LTDC_Layer_Window_Config)
    LTDC_Layer_Window_Config                 0x08000ad1   Thumb Code   252  cpu.o(i.LTDC_Layer_Window_Config)
    i.LTDC_ReloadConfig                      0x08000bd4   Section        0  stm32f4xx_ltdc.o(i.LTDC_ReloadConfig)
    i.Main_Task                              0x08000be0   Section        0  main.o(i.Main_Task)
    Main_Task                                0x08000be1   Thumb Code   120  main.o(i.Main_Task)
    i.MemManage_Handler                      0x08000c68   Section        0  stm32f4xx_it.o(i.MemManage_Handler)
    i.NMI_Handler                            0x08000c6a   Section        0  stm32f4xx_it.o(i.NMI_Handler)
    i.NVIC_Init                              0x08000c6c   Section        0  misc.o(i.NVIC_Init)
    i.NVIC_PriorityGroupConfig               0x08000cd0   Section        0  misc.o(i.NVIC_PriorityGroupConfig)
    i.RCC_AHB1PeriphClockCmd                 0x08000ce4   Section        0  stm32f4xx_rcc.o(i.RCC_AHB1PeriphClockCmd)
    i.RCC_APB1PeriphClockCmd                 0x08000cfc   Section        0  stm32f4xx_rcc.o(i.RCC_APB1PeriphClockCmd)
    i.RCC_APB2PeriphClockCmd                 0x08000d14   Section        0  stm32f4xx_rcc.o(i.RCC_APB2PeriphClockCmd)
    i.RCC_Configuration                      0x08000d2c   Section        0  cpu.o(i.RCC_Configuration)
    RCC_Configuration                        0x08000d2d   Thumb Code   110  cpu.o(i.RCC_Configuration)
    i.RCC_GetClocksFreq                      0x08000d9c   Section        0  stm32f4xx_rcc.o(i.RCC_GetClocksFreq)
    i.SDRAM_Send_Cmd                         0x08000e30   Section        0  cpu.o(i.SDRAM_Send_Cmd)
    SDRAM_Send_Cmd                           0x08000e31   Thumb Code    58  cpu.o(i.SDRAM_Send_Cmd)
    i.SetBlLedZt                             0x08000e6c   Section        0  cpu.o(i.SetBlLedZt)
    i.SetSysClock                            0x08000e84   Section        0  system_stm32f4xx.o(i.SetSysClock)
    SetSysClock                              0x08000e85   Thumb Code   190  system_stm32f4xx.o(i.SetSysClock)
    i.SetSystemLedZt                         0x08000f54   Section        0  cpu.o(i.SetSystemLedZt)
    i.SysTick_Handler                        0x08000f60   Section        0  stm32f4xx_it.o(i.SysTick_Handler)
    i.SystemInit                             0x08000f74   Section        0  system_stm32f4xx.o(i.SystemInit)
    i.SystemRunLedTimer_ISR                  0x08000fd0   Section        0  cpu.o(i.SystemRunLedTimer_ISR)
    i.Tick_Task                              0x08001000   Section        0  main.o(i.Tick_Task)
    Tick_Task                                0x08001001   Thumb Code    12  main.o(i.Tick_Task)
    i.USART_Cmd                              0x0800100c   Section        0  stm32f4xx_usart.o(i.USART_Cmd)
    i.USART_GetFlagStatus                    0x08001020   Section        0  stm32f4xx_usart.o(i.USART_GetFlagStatus)
    i.USART_ITConfig                         0x0800102e   Section        0  stm32f4xx_usart.o(i.USART_ITConfig)
    i.USART_Init                             0x08001060   Section        0  stm32f4xx_usart.o(i.USART_Init)
    i.USART_SendData                         0x0800110c   Section        0  stm32f4xx_usart.o(i.USART_SendData)
    i.UsageFault_Handler                     0x08001114   Section        0  stm32f4xx_it.o(i.UsageFault_Handler)
    i._Color2IndexBulk                       0x08001118   Section        0  guicc_m565.o(i._Color2IndexBulk)
    _Color2IndexBulk                         0x08001119   Thumb Code   140  guicc_m565.o(i._Color2IndexBulk)
    i._Color2Index_M565                      0x080011b0   Section        0  guicc_m565.o(i._Color2Index_M565)
    _Color2Index_M565                        0x080011b1   Thumb Code    34  guicc_m565.o(i._Color2Index_M565)
    i._GetIndexMask_M565                     0x080011dc   Section        0  guicc_m565.o(i._GetIndexMask_M565)
    _GetIndexMask_M565                       0x080011dd   Thumb Code     6  guicc_m565.o(i._GetIndexMask_M565)
    i._Index2ColorBulk                       0x080011e4   Section        0  guicc_m565.o(i._Index2ColorBulk)
    _Index2ColorBulk                         0x080011e5   Thumb Code   156  guicc_m565.o(i._Index2ColorBulk)
    i.__0printf$3                            0x0800128c   Section        0  printf3.o(i.__0printf$3)
    i.__scatterload_copy                     0x080012ac   Section       14  handlers.o(i.__scatterload_copy)
    i.__scatterload_null                     0x080012ba   Section        2  handlers.o(i.__scatterload_null)
    i.__scatterload_zeroinit                 0x080012bc   Section       14  handlers.o(i.__scatterload_zeroinit)
    i._printf_core                           0x080012cc   Section        0  printf3.o(i._printf_core)
    _printf_core                             0x080012cd   Thumb Code   436  printf3.o(i._printf_core)
    i.fputc                                  0x08001484   Section        0  cpu.o(i.fputc)
    i.hardwareInit                           0x080014a8   Section        0  cpu.o(i.hardwareInit)
    i.initLCD                                0x08001540   Section        0  cpu.o(i.initLCD)
    initLCD                                  0x08001541   Thumb Code   278  cpu.o(i.initLCD)
    i.initPort                               0x08001670   Section        0  cpu.o(i.initPort)
    initPort                                 0x08001671   Thumb Code   690  cpu.o(i.initPort)
    i.initSDRAM                              0x08001940   Section        0  cpu.o(i.initSDRAM)
    initSDRAM                                0x08001941   Thumb Code   892  cpu.o(i.initSDRAM)
    i.main                                   0x08001cd0   Section        0  main.o(i.main)
    i.prvAddCurrentTaskToDelayedList         0x08001d48   Section        0  tasks.o(i.prvAddCurrentTaskToDelayedList)
    prvAddCurrentTaskToDelayedList           0x08001d49   Thumb Code   102  tasks.o(i.prvAddCurrentTaskToDelayedList)
    i.prvAddNewTaskToReadyList               0x08001db8   Section        0  tasks.o(i.prvAddNewTaskToReadyList)
    prvAddNewTaskToReadyList                 0x08001db9   Thumb Code   190  tasks.o(i.prvAddNewTaskToReadyList)
    i.prvCheckForValidListAndQueue           0x08001e88   Section        0  timers.o(i.prvCheckForValidListAndQueue)
    prvCheckForValidListAndQueue             0x08001e89   Thumb Code    62  timers.o(i.prvCheckForValidListAndQueue)
    i.prvCheckTasksWaitingTermination        0x08001ed8   Section        0  tasks.o(i.prvCheckTasksWaitingTermination)
    prvCheckTasksWaitingTermination          0x08001ed9   Thumb Code    74  tasks.o(i.prvCheckTasksWaitingTermination)
    i.prvCopyDataFromQueue                   0x08001f2c   Section        0  queue.o(i.prvCopyDataFromQueue)
    prvCopyDataFromQueue                     0x08001f2d   Thumb Code    38  queue.o(i.prvCopyDataFromQueue)
    i.prvCopyDataToQueue                     0x08001f52   Section        0  queue.o(i.prvCopyDataToQueue)
    prvCopyDataToQueue                       0x08001f53   Thumb Code   108  queue.o(i.prvCopyDataToQueue)
    i.prvDeleteTCB                           0x08001fbe   Section        0  tasks.o(i.prvDeleteTCB)
    prvDeleteTCB                             0x08001fbf   Thumb Code    20  tasks.o(i.prvDeleteTCB)
    i.prvHeapInit                            0x08001fd4   Section        0  heap_4.o(i.prvHeapInit)
    prvHeapInit                              0x08001fd5   Thumb Code    66  heap_4.o(i.prvHeapInit)
    i.prvIdleTask                            0x08002020   Section        0  tasks.o(i.prvIdleTask)
    prvIdleTask                              0x08002021   Thumb Code    30  tasks.o(i.prvIdleTask)
    i.prvInitialiseNewTask                   0x08002048   Section        0  tasks.o(i.prvInitialiseNewTask)
    prvInitialiseNewTask                     0x08002049   Thumb Code   142  tasks.o(i.prvInitialiseNewTask)
    i.prvInsertBlockIntoFreeList             0x08002104   Section        0  heap_4.o(i.prvInsertBlockIntoFreeList)
    prvInsertBlockIntoFreeList               0x08002105   Thumb Code    72  heap_4.o(i.prvInsertBlockIntoFreeList)
    i.prvInsertTimerInActiveList             0x08002150   Section        0  timers.o(i.prvInsertTimerInActiveList)
    prvInsertTimerInActiveList               0x08002151   Thumb Code    52  timers.o(i.prvInsertTimerInActiveList)
    i.prvIsQueueEmpty                        0x08002188   Section        0  queue.o(i.prvIsQueueEmpty)
    prvIsQueueEmpty                          0x08002189   Thumb Code    26  queue.o(i.prvIsQueueEmpty)
    i.prvProcessExpiredTimer                 0x080021a4   Section        0  timers.o(i.prvProcessExpiredTimer)
    prvProcessExpiredTimer                   0x080021a5   Thumb Code    86  timers.o(i.prvProcessExpiredTimer)
    i.prvProcessReceivedCommands             0x08002204   Section        0  timers.o(i.prvProcessReceivedCommands)
    prvProcessReceivedCommands               0x08002205   Thumb Code   182  timers.o(i.prvProcessReceivedCommands)
    i.prvProcessTimerOrBlockTask             0x080022ec   Section        0  timers.o(i.prvProcessTimerOrBlockTask)
    prvProcessTimerOrBlockTask               0x080022ed   Thumb Code    98  timers.o(i.prvProcessTimerOrBlockTask)
    i.prvResetNextTaskUnblockTime            0x08002358   Section        0  tasks.o(i.prvResetNextTaskUnblockTime)
    prvResetNextTaskUnblockTime              0x08002359   Thumb Code    26  tasks.o(i.prvResetNextTaskUnblockTime)
    i.prvSampleTimeNow                       0x08002378   Section        0  timers.o(i.prvSampleTimeNow)
    prvSampleTimeNow                         0x08002379   Thumb Code    36  timers.o(i.prvSampleTimeNow)
    i.prvSwitchTimerLists                    0x080023a0   Section        0  timers.o(i.prvSwitchTimerLists)
    prvSwitchTimerLists                      0x080023a1   Thumb Code   100  timers.o(i.prvSwitchTimerLists)
    i.prvTaskExitError                       0x0800240c   Section        0  port.o(i.prvTaskExitError)
    prvTaskExitError                         0x0800240d   Thumb Code    36  port.o(i.prvTaskExitError)
    i.prvTimerTask                           0x08002470   Section        0  timers.o(i.prvTimerTask)
    prvTimerTask                             0x08002471   Thumb Code    34  timers.o(i.prvTimerTask)
    i.prvUnlockQueue                         0x08002498   Section        0  queue.o(i.prvUnlockQueue)
    prvUnlockQueue                           0x08002499   Thumb Code   106  queue.o(i.prvUnlockQueue)
    i.pvPortMalloc                           0x08002504   Section        0  heap_4.o(i.pvPortMalloc)
    i.pvTaskIncrementMutexHeldCount          0x08002618   Section        0  tasks.o(i.pvTaskIncrementMutexHeldCount)
    i.pxPortInitialiseStack                  0x08002630   Section        0  port.o(i.pxPortInitialiseStack)
    i.uxListRemove                           0x0800265c   Section        0  list.o(i.uxListRemove)
    i.vListInitialise                        0x08002680   Section        0  list.o(i.vListInitialise)
    i.vListInitialiseItem                    0x08002696   Section        0  list.o(i.vListInitialiseItem)
    i.vListInsert                            0x0800269c   Section        0  list.o(i.vListInsert)
    i.vListInsertEnd                         0x080026cc   Section        0  list.o(i.vListInsertEnd)
    i.vPortEnterCritical                     0x080026e4   Section        0  port.o(i.vPortEnterCritical)
    i.vPortExitCritical                      0x0800275c   Section        0  port.o(i.vPortExitCritical)
    i.vPortFree                              0x080027c0   Section        0  heap_4.o(i.vPortFree)
    i.vPortSetupTimerInterrupt               0x0800285c   Section        0  port.o(i.vPortSetupTimerInterrupt)
    i.vPortValidateInterruptPriority         0x0800287c   Section        0  port.o(i.vPortValidateInterruptPriority)
    i.vQueueAddToRegistry                    0x08002908   Section        0  queue.o(i.vQueueAddToRegistry)
    i.vQueueWaitForMessageRestricted         0x0800292c   Section        0  queue.o(i.vQueueWaitForMessageRestricted)
    i.vTaskDelay                             0x08002970   Section        0  tasks.o(i.vTaskDelay)
    i.vTaskDelete                            0x080029e4   Section        0  tasks.o(i.vTaskDelete)
    i.vTaskMissedYield                       0x08002ab8   Section        0  tasks.o(i.vTaskMissedYield)
    i.vTaskPlaceOnEventList                  0x08002ac4   Section        0  tasks.o(i.vTaskPlaceOnEventList)
    i.vTaskPlaceOnEventListRestricted        0x08002b20   Section        0  tasks.o(i.vTaskPlaceOnEventListRestricted)
    i.vTaskPriorityInherit                   0x08002b84   Section        0  tasks.o(i.vTaskPriorityInherit)
    i.vTaskSetTimeOutState                   0x08002c08   Section        0  tasks.o(i.vTaskSetTimeOutState)
    i.vTaskStartScheduler                    0x08002c58   Section        0  tasks.o(i.vTaskStartScheduler)
    i.vTaskSuspendAll                        0x08002cf4   Section        0  tasks.o(i.vTaskSuspendAll)
    i.vTaskSwitchContext                     0x08002d04   Section        0  tasks.o(i.vTaskSwitchContext)
    i.xPortStartScheduler                    0x08002d88   Section        0  port.o(i.xPortStartScheduler)
    i.xPortSysTickHandler                    0x08002e9c   Section        0  port.o(i.xPortSysTickHandler)
    i.xQueueGenericCreate                    0x08002ec8   Section        0  queue.o(i.xQueueGenericCreate)
    i.xQueueGenericReceive                   0x08002f38   Section        0  queue.o(i.xQueueGenericReceive)
    i.xQueueGenericReset                     0x080030c4   Section        0  queue.o(i.xQueueGenericReset)
    i.xQueueGenericSend                      0x08003174   Section        0  queue.o(i.xQueueGenericSend)
    i.xQueueGenericSendFromISR               0x080032f0   Section        0  queue.o(i.xQueueGenericSendFromISR)
    i.xTaskCheckForTimeOut                   0x080033cc   Section        0  tasks.o(i.xTaskCheckForTimeOut)
    i.xTaskCreate                            0x0800345c   Section        0  tasks.o(i.xTaskCreate)
    i.xTaskGetSchedulerState                 0x080034b4   Section        0  tasks.o(i.xTaskGetSchedulerState)
    i.xTaskGetTickCount                      0x080034d0   Section        0  tasks.o(i.xTaskGetTickCount)
    i.xTaskIncrementTick                     0x080034dc   Section        0  tasks.o(i.xTaskIncrementTick)
    i.xTaskPriorityDisinherit                0x080035cc   Section        0  tasks.o(i.xTaskPriorityDisinherit)
    i.xTaskRemoveFromEventList               0x08003688   Section        0  tasks.o(i.xTaskRemoveFromEventList)
    i.xTaskResumeAll                         0x08003728   Section        0  tasks.o(i.xTaskResumeAll)
    i.xTimerCreate                           0x08003814   Section        0  timers.o(i.xTimerCreate)
    i.xTimerCreateTimerTask                  0x0800388c   Section        0  timers.o(i.xTimerCreateTimerTask)
    i.xTimerGenericCommand                   0x08003904   Section        0  timers.o(i.xTimerGenericCommand)
    .constdata                               0x08003994   Section    18240  lcd.o(.constdata)
    .constdata                               0x080080d4   Section        8  lcdconf_lin_template.o(.constdata)
    _aAddr                                   0x080080d4   Data           8  lcdconf_lin_template.o(.constdata)
    .constdata                               0x080080dc   Section       24  guicc_m565.o(.constdata)
    .constdata                               0x080080f4   Section       32  gui__divtbl_31_255.o(.constdata)
    .constdata                               0x08008114   Section       64  gui__divtbl_63_255.o(.constdata)
    .constdata                               0x08008154   Section      256  gui__divtbl_255_31.o(.constdata)
    .constdata                               0x08008254   Section      256  gui__divtbl_255_63.o(.constdata)
    .data                                    0x20000000   Section       16  stm32f4xx_rcc.o(.data)
    APBAHBPrescTable                         0x20000000   Data          16  stm32f4xx_rcc.o(.data)
    .data                                    0x20000010   Section       24  heap_4.o(.data)
    pxEnd                                    0x20000010   Data           4  heap_4.o(.data)
    xFreeBytesRemaining                      0x20000014   Data           4  heap_4.o(.data)
    xMinimumEverFreeBytesRemaining           0x20000018   Data           4  heap_4.o(.data)
    xBlockAllocatedBit                       0x2000001c   Data           4  heap_4.o(.data)
    xStart                                   0x20000020   Data           8  heap_4.o(.data)
    .data                                    0x20000028   Section       12  port.o(.data)
    ucMaxSysCallPriority                     0x20000028   Data           1  port.o(.data)
    uxCriticalNesting                        0x2000002c   Data           4  port.o(.data)
    ulMaxPRIGROUPValue                       0x20000030   Data           4  port.o(.data)
    .data                                    0x20000034   Section       60  tasks.o(.data)
    uxDeletedTasksWaitingCleanUp             0x20000038   Data           4  tasks.o(.data)
    uxCurrentNumberOfTasks                   0x2000003c   Data           4  tasks.o(.data)
    xTickCount                               0x20000040   Data           4  tasks.o(.data)
    uxTopReadyPriority                       0x20000044   Data           4  tasks.o(.data)
    xSchedulerRunning                        0x20000048   Data           4  tasks.o(.data)
    uxPendedTicks                            0x2000004c   Data           4  tasks.o(.data)
    xYieldPending                            0x20000050   Data           4  tasks.o(.data)
    xNumOfOverflows                          0x20000054   Data           4  tasks.o(.data)
    uxTaskNumber                             0x20000058   Data           4  tasks.o(.data)
    xNextTaskUnblockTime                     0x2000005c   Data           4  tasks.o(.data)
    xIdleTaskHandle                          0x20000060   Data           4  tasks.o(.data)
    uxSchedulerSuspended                     0x20000064   Data           4  tasks.o(.data)
    pxDelayedTaskList                        0x20000068   Data           4  tasks.o(.data)
    pxOverflowDelayedTaskList                0x2000006c   Data           4  tasks.o(.data)
    .data                                    0x20000070   Section       20  timers.o(.data)
    xTimerQueue                              0x20000070   Data           4  timers.o(.data)
    xTimerTaskHandle                         0x20000074   Data           4  timers.o(.data)
    xLastTime                                0x20000078   Data           4  timers.o(.data)
    pxCurrentTimerList                       0x2000007c   Data           4  timers.o(.data)
    pxOverflowTimerList                      0x20000080   Data           4  timers.o(.data)
    .data                                    0x20000084   Section       20  system_stm32f4xx.o(.data)
    .data                                    0x20000098   Section       16  main.o(.data)
    AppTaskCreate_Handle                     0x20000098   Data           4  main.o(.data)
    Main_Task_Handle                         0x2000009c   Data           4  main.o(.data)
    Tick_Task_Handle                         0x200000a0   Data           4  main.o(.data)
    GUI_Task_Handle                          0x200000a4   Data           4  main.o(.data)
    .data                                    0x200000a8   Section       12  cpu.o(.data)
    p_SystemRunLedState                      0x200000a8   Data           1  cpu.o(.data)
    s_State                                  0x200000aa   Data           2  cpu.o(.data)
    .data                                    0x200000b4   Section       36  lcdconf_lin_template.o(.data)
    _apColorConvAPI                          0x200000b4   Data           4  lcdconf_lin_template.o(.data)
    Done                                     0x200000b8   Data           4  lcdconf_lin_template.o(.data)
    _aPendingBuffer                          0x200000bc   Data           4  lcdconf_lin_template.o(.data)
    _aBufferIndex                            0x200000c0   Data           4  lcdconf_lin_template.o(.data)
    _axSize                                  0x200000c4   Data           4  lcdconf_lin_template.o(.data)
    _aySize                                  0x200000c8   Data           4  lcdconf_lin_template.o(.data)
    _aBytesPerPixels                         0x200000cc   Data           4  lcdconf_lin_template.o(.data)
    _apLayer                                 0x200000d0   Data           8  lcdconf_lin_template.o(.data)
    .data                                    0x200000d8   Section       36  gui_multibuf.o(.data)
    _UseSingleFrame                          0x200000d8   Data           4  gui_multibuf.o(.data)
    _aView                                   0x200000dc   Data           8  gui_multibuf.o(.data)
    _aWork                                   0x200000e4   Data           8  gui_multibuf.o(.data)
    _aLock                                   0x200000ec   Data           8  gui_multibuf.o(.data)
    _aPend                                   0x200000f4   Data           8  gui_multibuf.o(.data)
    .data                                    0x200000fc   Section        8  guicc_m565.o(.data)
    _pfColor2IndexBulk                       0x200000fc   Data           4  guicc_m565.o(.data)
    _pfIndex2ColorBulk                       0x20000100   Data           4  guicc_m565.o(.data)
    .data                                    0x20000104   Section        4  stdout.o(.data)
    .bss                                     0x20000108   Section    36864  heap_4.o(.bss)
    ucHeap                                   0x20000108   Data       36864  heap_4.o(.bss)
    .bss                                     0x20009108   Section       80  queue.o(.bss)
    .bss                                     0x20009158   Section      740  tasks.o(.bss)
    pxReadyTasksLists                        0x20009158   Data         640  tasks.o(.bss)
    xDelayedTaskList1                        0x200093d8   Data          20  tasks.o(.bss)
    xDelayedTaskList2                        0x200093ec   Data          20  tasks.o(.bss)
    xPendingReadyList                        0x20009400   Data          20  tasks.o(.bss)
    xTasksWaitingTermination                 0x20009414   Data          20  tasks.o(.bss)
    xSuspendedTaskList                       0x20009428   Data          20  tasks.o(.bss)
    .bss                                     0x2000943c   Section       40  timers.o(.bss)
    xActiveTimerList1                        0x2000943c   Data          20  timers.o(.bss)
    xActiveTimerList2                        0x20009450   Data          20  timers.o(.bss)
    .bss                                     0x20009464   Section       46  cpu.o(.bss)
    STACK                                    0x20009498   Section     1024  startup_stm32f429_439xx.o(STACK)
    .ARM.__AT_0xC0000000                     0xc0000000   Section    2048000  cpu.o(.ARM.__AT_0xC0000000)

    Global Symbols

    Symbol Name                              Value     Ov Type        Size  Object(Section)

    BuildAttributes$$THM_ISAv4$E$P$D$K$B$S$7EM$VFPi3$EXTD16$VFPS$VFMA$PE$A:L22UL41UL21$X:L11$S22US41US21$IEEE1$IW$USESV6$~STKCKD$USESV7$~SHL$OTIME$ROPI$EBA8$MICROLIB$REQ8$PRES8$EABIv2 0x00000000   Number         0  anon$$obj.o ABSOLUTE
    __ARM_use_no_argv                        0x00000000   Number         0  main.o ABSOLUTE
    _printf_a                                0x00000000   Number         0  stubs.o ABSOLUTE
    _printf_c                                0x00000000   Number         0  stubs.o ABSOLUTE
    _printf_charcount                        0x00000000   Number         0  stubs.o ABSOLUTE
    _printf_d                                0x00000000   Number         0  stubs.o ABSOLUTE
    _printf_e                                0x00000000   Number         0  stubs.o ABSOLUTE
    _printf_f                                0x00000000   Number         0  stubs.o ABSOLUTE
    _printf_flags                            0x00000000   Number         0  stubs.o ABSOLUTE
    _printf_fp_dec                           0x00000000   Number         0  stubs.o ABSOLUTE
    _printf_fp_hex                           0x00000000   Number         0  stubs.o ABSOLUTE
    _printf_g                                0x00000000   Number         0  stubs.o ABSOLUTE
    _printf_i                                0x00000000   Number         0  stubs.o ABSOLUTE
    _printf_int_dec                          0x00000000   Number         0  stubs.o ABSOLUTE
    _printf_l                                0x00000000   Number         0  stubs.o ABSOLUTE
    _printf_lc                               0x00000000   Number         0  stubs.o ABSOLUTE
    _printf_ll                               0x00000000   Number         0  stubs.o ABSOLUTE
    _printf_lld                              0x00000000   Number         0  stubs.o ABSOLUTE
    _printf_lli                              0x00000000   Number         0  stubs.o ABSOLUTE
    _printf_llo                              0x00000000   Number         0  stubs.o ABSOLUTE
    _printf_llu                              0x00000000   Number         0  stubs.o ABSOLUTE
    _printf_llx                              0x00000000   Number         0  stubs.o ABSOLUTE
    _printf_longlong_dec                     0x00000000   Number         0  stubs.o ABSOLUTE
    _printf_longlong_hex                     0x00000000   Number         0  stubs.o ABSOLUTE
    _printf_longlong_oct                     0x00000000   Number         0  stubs.o ABSOLUTE
    _printf_ls                               0x00000000   Number         0  stubs.o ABSOLUTE
    _printf_mbtowc                           0x00000000   Number         0  stubs.o ABSOLUTE
    _printf_n                                0x00000000   Number         0  stubs.o ABSOLUTE
    _printf_o                                0x00000000   Number         0  stubs.o ABSOLUTE
    _printf_p                                0x00000000   Number         0  stubs.o ABSOLUTE
    _printf_percent                          0x00000000   Number         0  stubs.o ABSOLUTE
    _printf_pre_padding                      0x00000000   Number         0  stubs.o ABSOLUTE
    _printf_return_value                     0x00000000   Number         0  stubs.o ABSOLUTE
    _printf_s                                0x00000000   Number         0  stubs.o ABSOLUTE
    _printf_sizespec                         0x00000000   Number         0  stubs.o ABSOLUTE
    _printf_str                              0x00000000   Number         0  stubs.o ABSOLUTE
    _printf_truncate_signed                  0x00000000   Number         0  stubs.o ABSOLUTE
    _printf_truncate_unsigned                0x00000000   Number         0  stubs.o ABSOLUTE
    _printf_u                                0x00000000   Number         0  stubs.o ABSOLUTE
    _printf_wc                               0x00000000   Number         0  stubs.o ABSOLUTE
    _printf_wctomb                           0x00000000   Number         0  stubs.o ABSOLUTE
    _printf_widthprec                        0x00000000   Number         0  stubs.o ABSOLUTE
    _printf_x                                0x00000000   Number         0  stubs.o ABSOLUTE
    __cpp_initialize__aeabi_                  - Undefined Weak Reference
    __cxa_finalize                            - Undefined Weak Reference
    __decompress                              - Undefined Weak Reference
    _clock_init                               - Undefined Weak Reference
    _microlib_exit                            - Undefined Weak Reference
    __Vectors_Size                           0x000001ac   Number         0  startup_stm32f429_439xx.o ABSOLUTE
    __Vectors                                0x08000000   Data           4  startup_stm32f429_439xx.o(RESET)
    __Vectors_End                            0x080001ac   Data           0  startup_stm32f429_439xx.o(RESET)
    __main                                   0x080001ad   Thumb Code     0  entry.o(.ARM.Collect$$$$00000000)
    _main_stk                                0x080001ad   Thumb Code     0  entry2.o(.ARM.Collect$$$$00000001)
    _main_scatterload                        0x080001b1   Thumb Code     0  entry5.o(.ARM.Collect$$$$00000004)
    __main_after_scatterload                 0x080001b5   Thumb Code     0  entry5.o(.ARM.Collect$$$$00000004)
    _main_clock                              0x080001b5   Thumb Code     0  entry7b.o(.ARM.Collect$$$$00000008)
    _main_cpp_init                           0x080001b5   Thumb Code     0  entry8b.o(.ARM.Collect$$$$0000000A)
    _main_init                               0x080001b5   Thumb Code     0  entry9a.o(.ARM.Collect$$$$0000000B)
    __rt_final_cpp                           0x080001bd   Thumb Code     0  entry10a.o(.ARM.Collect$$$$0000000D)
    __rt_final_exit                          0x080001bd   Thumb Code     0  entry11a.o(.ARM.Collect$$$$0000000F)
    SVC_Handler                              0x080001c1   Thumb Code    28  port.o(.emb_text)
    __asm___6_port_c_39a90d8d__prvStartFirstTask 0x080001e1   Thumb Code    28  port.o(.emb_text)
    __asm___6_port_c_39a90d8d__prvEnableVFP  0x08000201   Thumb Code    16  port.o(.emb_text)
    PendSV_Handler                           0x08000215   Thumb Code    88  port.o(.emb_text)
    vPortGetIPSR                             0x08000271   Thumb Code     6  port.o(.emb_text)
    Reset_Handler                            0x08000279   Thumb Code     8  startup_stm32f429_439xx.o(.text)
    ADC_IRQHandler                           0x08000293   Thumb Code     0  startup_stm32f429_439xx.o(.text)
    CAN1_RX0_IRQHandler                      0x08000293   Thumb Code     0  startup_stm32f429_439xx.o(.text)
    CAN1_RX1_IRQHandler                      0x08000293   Thumb Code     0  startup_stm32f429_439xx.o(.text)
    CAN1_SCE_IRQHandler                      0x08000293   Thumb Code     0  startup_stm32f429_439xx.o(.text)
    CAN1_TX_IRQHandler                       0x08000293   Thumb Code     0  startup_stm32f429_439xx.o(.text)
    CAN2_RX0_IRQHandler                      0x08000293   Thumb Code     0  startup_stm32f429_439xx.o(.text)
    CAN2_RX1_IRQHandler                      0x08000293   Thumb Code     0  startup_stm32f429_439xx.o(.text)
    CAN2_SCE_IRQHandler                      0x08000293   Thumb Code     0  startup_stm32f429_439xx.o(.text)
    CAN2_TX_IRQHandler                       0x08000293   Thumb Code     0  startup_stm32f429_439xx.o(.text)
    CRYP_IRQHandler                          0x08000293   Thumb Code     0  startup_stm32f429_439xx.o(.text)
    DCMI_IRQHandler                          0x08000293   Thumb Code     0  startup_stm32f429_439xx.o(.text)
    DMA1_Stream0_IRQHandler                  0x08000293   Thumb Code     0  startup_stm32f429_439xx.o(.text)
    DMA1_Stream1_IRQHandler                  0x08000293   Thumb Code     0  startup_stm32f429_439xx.o(.text)
    DMA1_Stream2_IRQHandler                  0x08000293   Thumb Code     0  startup_stm32f429_439xx.o(.text)
    DMA1_Stream3_IRQHandler                  0x08000293   Thumb Code     0  startup_stm32f429_439xx.o(.text)
    DMA1_Stream4_IRQHandler                  0x08000293   Thumb Code     0  startup_stm32f429_439xx.o(.text)
    DMA1_Stream5_IRQHandler                  0x08000293   Thumb Code     0  startup_stm32f429_439xx.o(.text)
    DMA1_Stream6_IRQHandler                  0x08000293   Thumb Code     0  startup_stm32f429_439xx.o(.text)
    DMA1_Stream7_IRQHandler                  0x08000293   Thumb Code     0  startup_stm32f429_439xx.o(.text)
    DMA2_Stream0_IRQHandler                  0x08000293   Thumb Code     0  startup_stm32f429_439xx.o(.text)
    DMA2_Stream1_IRQHandler                  0x08000293   Thumb Code     0  startup_stm32f429_439xx.o(.text)
    DMA2_Stream2_IRQHandler                  0x08000293   Thumb Code     0  startup_stm32f429_439xx.o(.text)
    DMA2_Stream3_IRQHandler                  0x08000293   Thumb Code     0  startup_stm32f429_439xx.o(.text)
    DMA2_Stream4_IRQHandler                  0x08000293   Thumb Code     0  startup_stm32f429_439xx.o(.text)
    DMA2_Stream5_IRQHandler                  0x08000293   Thumb Code     0  startup_stm32f429_439xx.o(.text)
    DMA2_Stream6_IRQHandler                  0x08000293   Thumb Code     0  startup_stm32f429_439xx.o(.text)
    DMA2_Stream7_IRQHandler                  0x08000293   Thumb Code     0  startup_stm32f429_439xx.o(.text)
    ETH_IRQHandler                           0x08000293   Thumb Code     0  startup_stm32f429_439xx.o(.text)
    ETH_WKUP_IRQHandler                      0x08000293   Thumb Code     0  startup_stm32f429_439xx.o(.text)
    EXTI0_IRQHandler                         0x08000293   Thumb Code     0  startup_stm32f429_439xx.o(.text)
    EXTI15_10_IRQHandler                     0x08000293   Thumb Code     0  startup_stm32f429_439xx.o(.text)
    EXTI1_IRQHandler                         0x08000293   Thumb Code     0  startup_stm32f429_439xx.o(.text)
    EXTI2_IRQHandler                         0x08000293   Thumb Code     0  startup_stm32f429_439xx.o(.text)
    EXTI3_IRQHandler                         0x08000293   Thumb Code     0  startup_stm32f429_439xx.o(.text)
    EXTI4_IRQHandler                         0x08000293   Thumb Code     0  startup_stm32f429_439xx.o(.text)
    EXTI9_5_IRQHandler                       0x08000293   Thumb Code     0  startup_stm32f429_439xx.o(.text)
    FLASH_IRQHandler                         0x08000293   Thumb Code     0  startup_stm32f429_439xx.o(.text)
    FMC_IRQHandler                           0x08000293   Thumb Code     0  startup_stm32f429_439xx.o(.text)
    FPU_IRQHandler                           0x08000293   Thumb Code     0  startup_stm32f429_439xx.o(.text)
    HASH_RNG_IRQHandler                      0x08000293   Thumb Code     0  startup_stm32f429_439xx.o(.text)
    I2C1_ER_IRQHandler                       0x08000293   Thumb Code     0  startup_stm32f429_439xx.o(.text)
    I2C1_EV_IRQHandler                       0x08000293   Thumb Code     0  startup_stm32f429_439xx.o(.text)
    I2C2_ER_IRQHandler                       0x08000293   Thumb Code     0  startup_stm32f429_439xx.o(.text)
    I2C2_EV_IRQHandler                       0x08000293   Thumb Code     0  startup_stm32f429_439xx.o(.text)
    I2C3_ER_IRQHandler                       0x08000293   Thumb Code     0  startup_stm32f429_439xx.o(.text)
    I2C3_EV_IRQHandler                       0x08000293   Thumb Code     0  startup_stm32f429_439xx.o(.text)
    LTDC_ER_IRQHandler                       0x08000293   Thumb Code     0  startup_stm32f429_439xx.o(.text)
    OTG_FS_IRQHandler                        0x08000293   Thumb Code     0  startup_stm32f429_439xx.o(.text)
    OTG_FS_WKUP_IRQHandler                   0x08000293   Thumb Code     0  startup_stm32f429_439xx.o(.text)
    OTG_HS_EP1_IN_IRQHandler                 0x08000293   Thumb Code     0  startup_stm32f429_439xx.o(.text)
    OTG_HS_EP1_OUT_IRQHandler                0x08000293   Thumb Code     0  startup_stm32f429_439xx.o(.text)
    OTG_HS_IRQHandler                        0x08000293   Thumb Code     0  startup_stm32f429_439xx.o(.text)
    OTG_HS_WKUP_IRQHandler                   0x08000293   Thumb Code     0  startup_stm32f429_439xx.o(.text)
    PVD_IRQHandler                           0x08000293   Thumb Code     0  startup_stm32f429_439xx.o(.text)
    RCC_IRQHandler                           0x08000293   Thumb Code     0  startup_stm32f429_439xx.o(.text)
    RTC_Alarm_IRQHandler                     0x08000293   Thumb Code     0  startup_stm32f429_439xx.o(.text)
    RTC_WKUP_IRQHandler                      0x08000293   Thumb Code     0  startup_stm32f429_439xx.o(.text)
    SAI1_IRQHandler                          0x08000293   Thumb Code     0  startup_stm32f429_439xx.o(.text)
    SDIO_IRQHandler                          0x08000293   Thumb Code     0  startup_stm32f429_439xx.o(.text)
    SPI1_IRQHandler                          0x08000293   Thumb Code     0  startup_stm32f429_439xx.o(.text)
    SPI2_IRQHandler                          0x08000293   Thumb Code     0  startup_stm32f429_439xx.o(.text)
    SPI3_IRQHandler                          0x08000293   Thumb Code     0  startup_stm32f429_439xx.o(.text)
    SPI4_IRQHandler                          0x08000293   Thumb Code     0  startup_stm32f429_439xx.o(.text)
    SPI5_IRQHandler                          0x08000293   Thumb Code     0  startup_stm32f429_439xx.o(.text)
    SPI6_IRQHandler                          0x08000293   Thumb Code     0  startup_stm32f429_439xx.o(.text)
    TAMP_STAMP_IRQHandler                    0x08000293   Thumb Code     0  startup_stm32f429_439xx.o(.text)
    TIM1_BRK_TIM9_IRQHandler                 0x08000293   Thumb Code     0  startup_stm32f429_439xx.o(.text)
    TIM1_CC_IRQHandler                       0x08000293   Thumb Code     0  startup_stm32f429_439xx.o(.text)
    TIM1_TRG_COM_TIM11_IRQHandler            0x08000293   Thumb Code     0  startup_stm32f429_439xx.o(.text)
    TIM1_UP_TIM10_IRQHandler                 0x08000293   Thumb Code     0  startup_stm32f429_439xx.o(.text)
    TIM2_IRQHandler                          0x08000293   Thumb Code     0  startup_stm32f429_439xx.o(.text)
    TIM3_IRQHandler                          0x08000293   Thumb Code     0  startup_stm32f429_439xx.o(.text)
    TIM4_IRQHandler                          0x08000293   Thumb Code     0  startup_stm32f429_439xx.o(.text)
    TIM5_IRQHandler                          0x08000293   Thumb Code     0  startup_stm32f429_439xx.o(.text)
    TIM6_DAC_IRQHandler                      0x08000293   Thumb Code     0  startup_stm32f429_439xx.o(.text)
    TIM7_IRQHandler                          0x08000293   Thumb Code     0  startup_stm32f429_439xx.o(.text)
    TIM8_BRK_TIM12_IRQHandler                0x08000293   Thumb Code     0  startup_stm32f429_439xx.o(.text)
    TIM8_CC_IRQHandler                       0x08000293   Thumb Code     0  startup_stm32f429_439xx.o(.text)
    TIM8_TRG_COM_TIM14_IRQHandler            0x08000293   Thumb Code     0  startup_stm32f429_439xx.o(.text)
    TIM8_UP_TIM13_IRQHandler                 0x08000293   Thumb Code     0  startup_stm32f429_439xx.o(.text)
    UART4_IRQHandler                         0x08000293   Thumb Code     0  startup_stm32f429_439xx.o(.text)
    UART5_IRQHandler                         0x08000293   Thumb Code     0  startup_stm32f429_439xx.o(.text)
    UART7_IRQHandler                         0x08000293   Thumb Code     0  startup_stm32f429_439xx.o(.text)
    UART8_IRQHandler                         0x08000293   Thumb Code     0  startup_stm32f429_439xx.o(.text)
    USART1_IRQHandler                        0x08000293   Thumb Code     0  startup_stm32f429_439xx.o(.text)
    USART2_IRQHandler                        0x08000293   Thumb Code     0  startup_stm32f429_439xx.o(.text)
    USART3_IRQHandler                        0x08000293   Thumb Code     0  startup_stm32f429_439xx.o(.text)
    USART6_IRQHandler                        0x08000293   Thumb Code     0  startup_stm32f429_439xx.o(.text)
    WWDG_IRQHandler                          0x08000293   Thumb Code     0  startup_stm32f429_439xx.o(.text)
    ___aeabi_memcpy8$move                    0x0800029d   Thumb Code     0  memmovea.o(.text)
    __aeabi_memcpy                           0x0800029d   Thumb Code    64  memmovea.o(.text)
    __aeabi_memcpy4                          0x0800029d   Thumb Code     0  memmovea.o(.text)
    __aeabi_memmove                          0x0800029d   Thumb Code     0  memmovea.o(.text)
    __aeabi_memmove4                         0x0800029d   Thumb Code     0  memmovea.o(.text)
    __aeabi_memmove8                         0x0800029d   Thumb Code     0  memmovea.o(.text)
    __aeabi_uidiv                            0x080002dd   Thumb Code     0  uidiv.o(.text)
    __aeabi_uidivmod                         0x080002dd   Thumb Code    44  uidiv.o(.text)
    __scatterload                            0x08000309   Thumb Code    28  init.o(.text)
    __scatterload_rt2                        0x08000309   Thumb Code     0  init.o(.text)
    BusFault_Handler                         0x080004bd   Thumb Code     2  stm32f4xx_it.o(i.BusFault_Handler)
    DMA2D_IRQHandler                         0x080004c1   Thumb Code     8  lcdconf_lin_template.o(i.DMA2D_IRQHandler)
    DebugMon_Handler                         0x080004cd   Thumb Code     2  stm32f4xx_it.o(i.DebugMon_Handler)
    GPIO_Init                                0x080004cf   Thumb Code   120  stm32f4xx_gpio.o(i.GPIO_Init)
    GPIO_PinAFConfig                         0x08000547   Thumb Code    32  stm32f4xx_gpio.o(i.GPIO_PinAFConfig)
    GPIO_ResetBits                           0x08000567   Thumb Code     4  stm32f4xx_gpio.o(i.GPIO_ResetBits)
    GPIO_SetBits                             0x0800056b   Thumb Code     4  stm32f4xx_gpio.o(i.GPIO_SetBits)
    GUI_MULTIBUF_ConfirmEx                   0x08000571   Thumb Code    38  gui_multibuf.o(i.GUI_MULTIBUF_ConfirmEx)
    HardFault_Handler                        0x080005b1   Thumb Code     2  stm32f4xx_it.o(i.HardFault_Handler)
    LCD_Clear                                0x080005b5   Thumb Code    28  cpu.o(i.LCD_Clear)
    LCD_Color_Fill                           0x080005d5   Thumb Code    12  lcd.o(i.LCD_Color_Fill)
    LCD_DrawLine                             0x08000619   Thumb Code   150  lcd.o(i.LCD_DrawLine)
    LCD_DrawRectangle                        0x080006b7   Thumb Code    58  lcd.o(i.LCD_DrawRectangle)
    LCD_Draw_Circle                          0x080006f1   Thumb Code   176  lcd.o(i.LCD_Draw_Circle)
    LCD_Fast_DrawPoint                       0x080007a1   Thumb Code     4  lcd.o(i.LCD_Fast_DrawPoint)
    LCD_Index2Color_M565                     0x080007a5   Thumb Code    34  guicc_m565.o(i.LCD_Index2Color_M565)
    LCD_ShowString                           0x080008a1   Thumb Code    84  lcd.o(i.LCD_ShowString)
    LTDC_Color_Fill                          0x0800096d   Thumb Code   154  cpu.o(i.LTDC_Color_Fill)
    LTDC_Draw_Point                          0x08000a19   Thumb Code    52  cpu.o(i.LTDC_Draw_Point)
    LTDC_IRQHandler                          0x08000a55   Thumb Code   110  lcdconf_lin_template.o(i.LTDC_IRQHandler)
    LTDC_ReloadConfig                        0x08000bd5   Thumb Code     6  stm32f4xx_ltdc.o(i.LTDC_ReloadConfig)
    MemManage_Handler                        0x08000c69   Thumb Code     2  stm32f4xx_it.o(i.MemManage_Handler)
    NMI_Handler                              0x08000c6b   Thumb Code     2  stm32f4xx_it.o(i.NMI_Handler)
    NVIC_Init                                0x08000c6d   Thumb Code    96  misc.o(i.NVIC_Init)
    NVIC_PriorityGroupConfig                 0x08000cd1   Thumb Code    10  misc.o(i.NVIC_PriorityGroupConfig)
    RCC_AHB1PeriphClockCmd                   0x08000ce5   Thumb Code    18  stm32f4xx_rcc.o(i.RCC_AHB1PeriphClockCmd)
    RCC_APB1PeriphClockCmd                   0x08000cfd   Thumb Code    18  stm32f4xx_rcc.o(i.RCC_APB1PeriphClockCmd)
    RCC_APB2PeriphClockCmd                   0x08000d15   Thumb Code    18  stm32f4xx_rcc.o(i.RCC_APB2PeriphClockCmd)
    RCC_GetClocksFreq                        0x08000d9d   Thumb Code   132  stm32f4xx_rcc.o(i.RCC_GetClocksFreq)
    SetBlLedZt                               0x08000e6d   Thumb Code    20  cpu.o(i.SetBlLedZt)
    SetSystemLedZt                           0x08000f55   Thumb Code     6  cpu.o(i.SetSystemLedZt)
    SysTick_Handler                          0x08000f61   Thumb Code    20  stm32f4xx_it.o(i.SysTick_Handler)
    SystemInit                               0x08000f75   Thumb Code    74  system_stm32f4xx.o(i.SystemInit)
    SystemRunLedTimer_ISR                    0x08000fd1   Thumb Code    40  cpu.o(i.SystemRunLedTimer_ISR)
    USART_Cmd                                0x0800100d   Thumb Code    20  stm32f4xx_usart.o(i.USART_Cmd)
    USART_GetFlagStatus                      0x08001021   Thumb Code    14  stm32f4xx_usart.o(i.USART_GetFlagStatus)
    USART_ITConfig                           0x0800102f   Thumb Code    48  stm32f4xx_usart.o(i.USART_ITConfig)
    USART_Init                               0x08001061   Thumb Code   164  stm32f4xx_usart.o(i.USART_Init)
    USART_SendData                           0x0800110d   Thumb Code     8  stm32f4xx_usart.o(i.USART_SendData)
    UsageFault_Handler                       0x08001115   Thumb Code     2  stm32f4xx_it.o(i.UsageFault_Handler)
    __0printf$3                              0x0800128d   Thumb Code    22  printf3.o(i.__0printf$3)
    __1printf$3                              0x0800128d   Thumb Code     0  printf3.o(i.__0printf$3)
    __2printf                                0x0800128d   Thumb Code     0  printf3.o(i.__0printf$3)
    __scatterload_copy                       0x080012ad   Thumb Code    14  handlers.o(i.__scatterload_copy)
    __scatterload_null                       0x080012bb   Thumb Code     2  handlers.o(i.__scatterload_null)
    __scatterload_zeroinit                   0x080012bd   Thumb Code    14  handlers.o(i.__scatterload_zeroinit)
    fputc                                    0x08001485   Thumb Code    30  cpu.o(i.fputc)
    hardwareInit                             0x080014a9   Thumb Code   148  cpu.o(i.hardwareInit)
    main                                     0x08001cd1   Thumb Code    56  main.o(i.main)
    pvPortMalloc                             0x08002505   Thumb Code   214  heap_4.o(i.pvPortMalloc)
    pvTaskIncrementMutexHeldCount            0x08002619   Thumb Code    18  tasks.o(i.pvTaskIncrementMutexHeldCount)
    pxPortInitialiseStack                    0x08002631   Thumb Code    40  port.o(i.pxPortInitialiseStack)
    uxListRemove                             0x0800265d   Thumb Code    36  list.o(i.uxListRemove)
    vListInitialise                          0x08002681   Thumb Code    22  list.o(i.vListInitialise)
    vListInitialiseItem                      0x08002697   Thumb Code     6  list.o(i.vListInitialiseItem)
    vListInsert                              0x0800269d   Thumb Code    48  list.o(i.vListInsert)
    vListInsertEnd                           0x080026cd   Thumb Code    24  list.o(i.vListInsertEnd)
    vPortEnterCritical                       0x080026e5   Thumb Code    50  port.o(i.vPortEnterCritical)
    vPortExitCritical                        0x0800275d   Thumb Code    34  port.o(i.vPortExitCritical)
    vPortFree                                0x080027c1   Thumb Code    94  heap_4.o(i.vPortFree)
    vPortSetupTimerInterrupt                 0x0800285d   Thumb Code    26  port.o(i.vPortSetupTimerInterrupt)
    vPortValidateInterruptPriority           0x0800287d   Thumb Code    70  port.o(i.vPortValidateInterruptPriority)
    vQueueAddToRegistry                      0x08002909   Thumb Code    32  queue.o(i.vQueueAddToRegistry)
    vQueueWaitForMessageRestricted           0x0800292d   Thumb Code    68  queue.o(i.vQueueWaitForMessageRestricted)
    vTaskDelay                               0x08002971   Thumb Code    62  tasks.o(i.vTaskDelay)
    vTaskDelete                              0x080029e5   Thumb Code   152  tasks.o(i.vTaskDelete)
    vTaskMissedYield                         0x08002ab9   Thumb Code     8  tasks.o(i.vTaskMissedYield)
    vTaskPlaceOnEventList                    0x08002ac5   Thumb Code    44  tasks.o(i.vTaskPlaceOnEventList)
    vTaskPlaceOnEventListRestricted          0x08002b21   Thumb Code    52  tasks.o(i.vTaskPlaceOnEventListRestricted)
    vTaskPriorityInherit                     0x08002b85   Thumb Code   124  tasks.o(i.vTaskPriorityInherit)
    vTaskSetTimeOutState                     0x08002c09   Thumb Code    30  tasks.o(i.vTaskSetTimeOutState)
    vTaskStartScheduler                      0x08002c59   Thumb Code    96  tasks.o(i.vTaskStartScheduler)
    vTaskSuspendAll                          0x08002cf5   Thumb Code    10  tasks.o(i.vTaskSuspendAll)
    vTaskSwitchContext                       0x08002d05   Thumb Code    80  tasks.o(i.vTaskSwitchContext)
    xPortStartScheduler                      0x08002d89   Thumb Code   196  port.o(i.xPortStartScheduler)
    xPortSysTickHandler                      0x08002e9d   Thumb Code    38  port.o(i.xPortSysTickHandler)
    xQueueGenericCreate                      0x08002ec9   Thumb Code    68  queue.o(i.xQueueGenericCreate)
    xQueueGenericReceive                     0x08002f39   Thumb Code   348  queue.o(i.xQueueGenericReceive)
    xQueueGenericReset                       0x080030c5   Thumb Code   128  queue.o(i.xQueueGenericReset)
    xQueueGenericSend                        0x08003175   Thumb Code   332  queue.o(i.xQueueGenericSend)
    xQueueGenericSendFromISR                 0x080032f1   Thumb Code   174  queue.o(i.xQueueGenericSendFromISR)
    xTaskCheckForTimeOut                     0x080033cd   Thumb Code    94  tasks.o(i.xTaskCheckForTimeOut)
    xTaskCreate                              0x0800345d   Thumb Code    86  tasks.o(i.xTaskCreate)
    xTaskGetSchedulerState                   0x080034b5   Thumb Code    22  tasks.o(i.xTaskGetSchedulerState)
    xTaskGetTickCount                        0x080034d1   Thumb Code     6  tasks.o(i.xTaskGetTickCount)
    xTaskIncrementTick                       0x080034dd   Thumb Code   188  tasks.o(i.xTaskIncrementTick)
    xTaskPriorityDisinherit                  0x080035cd   Thumb Code   136  tasks.o(i.xTaskPriorityDisinherit)
    xTaskRemoveFromEventList                 0x08003689   Thumb Code   102  tasks.o(i.xTaskRemoveFromEventList)
    xTaskResumeAll                           0x08003729   Thumb Code   180  tasks.o(i.xTaskResumeAll)
    xTimerCreate                             0x08003815   Thumb Code    74  timers.o(i.xTimerCreate)
    xTimerCreateTimerTask                    0x0800388d   Thumb Code    58  timers.o(i.xTimerCreateTimerTask)
    xTimerGenericCommand                     0x08003905   Thumb Code    96  timers.o(i.xTimerGenericCommand)
    ASCII_1206                               0x08003994   Data        1140  lcd.o(.constdata)
    ASCII_1608                               0x08003e08   Data        1520  lcd.o(.constdata)
    ASCII_2412                               0x080043f8   Data        3420  lcd.o(.constdata)
    ASCII_3216                               0x08005154   Data       12160  lcd.o(.constdata)
    LCD_API_ColorConv_M565                   0x080080dc   Data          24  guicc_m565.o(.constdata)
    GUI__aConvert_31_255                     0x080080f4   Data          32  gui__divtbl_31_255.o(.constdata)
    GUI__aConvert_63_255                     0x08008114   Data          64  gui__divtbl_63_255.o(.constdata)
    GUI__aConvert_255_31                     0x08008154   Data         256  gui__divtbl_255_31.o(.constdata)
    GUI__aConvert_255_63                     0x08008254   Data         256  gui__divtbl_255_63.o(.constdata)
    Region$$Table$$Base                      0x08008354   Number         0  anon$$obj.o(Region$$Table)
    Region$$Table$$Limit                     0x08008374   Number         0  anon$$obj.o(Region$$Table)
    pxCurrentTCB                             0x20000034   Data           4  tasks.o(.data)
    SystemCoreClock                          0x20000084   Data           4  system_stm32f4xx.o(.data)
    AHBPrescTable                            0x20000088   Data          16  system_stm32f4xx.o(.data)
    ltdc_framebuf                            0x200000ac   Data           8  cpu.o(.data)
    __stdout                                 0x20000104   Data           4  stdout.o(.data)
    xQueueRegistry                           0x20009108   Data          80  queue.o(.bss)
    lcdltdc                                  0x20009464   Data          32  cpu.o(.bss)
    lcddev                                   0x20009484   Data          14  cpu.o(.bss)
    __initial_sp                             0x20009898   Data           0  startup_stm32f429_439xx.o(STACK)
    ltdc_lcd_framebuf                        0xc0000000   Data       2048000  cpu.o(.ARM.__AT_0xC0000000)



==============================================================================

Memory Map of the image

  Image Entry point : 0x080001ad

  Load Region LR_IROM1 (Base: 0x08000000, Size: 0x0000847c, Max: 0x00100000, ABSOLUTE)

    Execution Region ER_IROM1 (Exec base: 0x08000000, Load base: 0x08000000, Size: 0x00008374, Max: 0x00100000, ABSOLUTE)

    Exec Addr    Load Addr    Size         Type   Attr      Idx    E Section Name        Object

    0x08000000   0x08000000   0x000001ac   Data   RO         6085    RESET               startup_stm32f429_439xx.o
    0x080001ac   0x080001ac   0x00000000   Code   RO         8217  * .ARM.Collect$$$$00000000  mc_w.l(entry.o)
    0x080001ac   0x080001ac   0x00000004   Code   RO         8491    .ARM.Collect$$$$00000001  mc_w.l(entry2.o)
    0x080001b0   0x080001b0   0x00000004   Code   RO         8494    .ARM.Collect$$$$00000004  mc_w.l(entry5.o)
    0x080001b4   0x080001b4   0x00000000   Code   RO         8496    .ARM.Collect$$$$00000008  mc_w.l(entry7b.o)
    0x080001b4   0x080001b4   0x00000000   Code   RO         8498    .ARM.Collect$$$$0000000A  mc_w.l(entry8b.o)
    0x080001b4   0x080001b4   0x00000008   Code   RO         8499    .ARM.Collect$$$$0000000B  mc_w.l(entry9a.o)
    0x080001bc   0x080001bc   0x00000000   Code   RO         8501    .ARM.Collect$$$$0000000D  mc_w.l(entry10a.o)
    0x080001bc   0x080001bc   0x00000000   Code   RO         8503    .ARM.Collect$$$$0000000F  mc_w.l(entry11a.o)
    0x080001bc   0x080001bc   0x00000004   Code   RO         8492    .ARM.Collect$$$$00002712  mc_w.l(entry2.o)
    0x080001c0   0x080001c0   0x000000b6   Code   RO         5209    .emb_text           port.o
    0x08000276   0x08000276   0x00000002   PAD
    0x08000278   0x08000278   0x00000024   Code   RO         6086    .text               startup_stm32f429_439xx.o
    0x0800029c   0x0800029c   0x00000040   Code   RO         8222    .text               mc_w.l(memmovea.o)
    0x080002dc   0x080002dc   0x0000002c   Code   RO         8506    .text               mc_w.l(uidiv.o)
    0x08000308   0x08000308   0x00000024   Code   RO         8521    .text               mc_w.l(init.o)
    0x0800032c   0x0800032c   0x00000108   Code   RO         6197    i.AppTaskCreate     main.o
    0x08000434   0x08000434   0x00000088   Code   RO         6264    i.BOARD_InitSDRAM   cpu.o
    0x080004bc   0x080004bc   0x00000002   Code   RO         6134    i.BusFault_Handler  stm32f4xx_it.o
    0x080004be   0x080004be   0x00000002   PAD
    0x080004c0   0x080004c0   0x0000000c   Code   RO         6640    i.DMA2D_IRQHandler  lcdconf_lin_template.o
    0x080004cc   0x080004cc   0x00000002   Code   RO         6135    i.DebugMon_Handler  stm32f4xx_it.o
    0x080004ce   0x080004ce   0x00000078   Code   RO         1998    i.GPIO_Init         stm32f4xx_gpio.o
    0x08000546   0x08000546   0x00000020   Code   RO         1999    i.GPIO_PinAFConfig  stm32f4xx_gpio.o
    0x08000566   0x08000566   0x00000004   Code   RO         2005    i.GPIO_ResetBits    stm32f4xx_gpio.o
    0x0800056a   0x0800056a   0x00000004   Code   RO         2006    i.GPIO_SetBits      stm32f4xx_gpio.o
    0x0800056e   0x0800056e   0x00000002   PAD
    0x08000570   0x08000570   0x00000034   Code   RO         7085    i.GUI_MULTIBUF_ConfirmEx  STemWin532_CM4_OS_Keil_ot.lib(gui_multibuf.o)
    0x080005a4   0x080005a4   0x0000000c   Code   RO         6198    i.GUI_Task          main.o
    0x080005b0   0x080005b0   0x00000002   Code   RO         6136    i.HardFault_Handler  stm32f4xx_it.o
    0x080005b2   0x080005b2   0x00000002   PAD
    0x080005b4   0x080005b4   0x00000020   Code   RO         6265    i.LCD_Clear         cpu.o
    0x080005d4   0x080005d4   0x0000000c   Code   RO         6397    i.LCD_Color_Fill    lcd.o
    0x080005e0   0x080005e0   0x00000038   Code   RO         6267    i.LCD_Display_Dir   cpu.o
    0x08000618   0x08000618   0x00000096   Code   RO         6398    i.LCD_DrawLine      lcd.o
    0x080006ae   0x080006ae   0x00000008   Code   RO         6399    i.LCD_DrawPoint     lcd.o
    0x080006b6   0x080006b6   0x0000003a   Code   RO         6400    i.LCD_DrawRectangle  lcd.o
    0x080006f0   0x080006f0   0x000000b0   Code   RO         6401    i.LCD_Draw_Circle   lcd.o
    0x080007a0   0x080007a0   0x00000004   Code   RO         6402    i.LCD_Fast_DrawPoint  lcd.o
    0x080007a4   0x080007a4   0x0000002c   Code   RO         7125    i.LCD_Index2Color_M565  STemWin532_CM4_OS_Keil_ot.lib(guicc_m565.o)
    0x080007d0   0x080007d0   0x000000d0   Code   RO         6405    i.LCD_ShowChar      lcd.o
    0x080008a0   0x080008a0   0x00000054   Code   RO         6407    i.LCD_ShowString    lcd.o
    0x080008f4   0x080008f4   0x00000078   Code   RO         6268    i.LTDC_Clk_Set      cpu.o
    0x0800096c   0x0800096c   0x000000ac   Code   RO         6269    i.LTDC_Color_Fill   cpu.o
    0x08000a18   0x08000a18   0x0000003c   Code   RO         6270    i.LTDC_Draw_Point   cpu.o
    0x08000a54   0x08000a54   0x0000007c   Code   RO         6643    i.LTDC_IRQHandler   lcdconf_lin_template.o
    0x08000ad0   0x08000ad0   0x00000104   Code   RO         6271    i.LTDC_Layer_Window_Config  cpu.o
    0x08000bd4   0x08000bd4   0x0000000c   Code   RO         2595    i.LTDC_ReloadConfig  stm32f4xx_ltdc.o
    0x08000be0   0x08000be0   0x00000088   Code   RO         6199    i.Main_Task         main.o
    0x08000c68   0x08000c68   0x00000002   Code   RO         6137    i.MemManage_Handler  stm32f4xx_it.o
    0x08000c6a   0x08000c6a   0x00000002   Code   RO         6138    i.NMI_Handler       stm32f4xx_it.o
    0x08000c6c   0x08000c6c   0x00000064   Code   RO            4    i.NVIC_Init         misc.o
    0x08000cd0   0x08000cd0   0x00000014   Code   RO            5    i.NVIC_PriorityGroupConfig  misc.o
    0x08000ce4   0x08000ce4   0x00000018   Code   RO         2912    i.RCC_AHB1PeriphClockCmd  stm32f4xx_rcc.o
    0x08000cfc   0x08000cfc   0x00000018   Code   RO         2921    i.RCC_APB1PeriphClockCmd  stm32f4xx_rcc.o
    0x08000d14   0x08000d14   0x00000018   Code   RO         2924    i.RCC_APB2PeriphClockCmd  stm32f4xx_rcc.o
    0x08000d2c   0x08000d2c   0x0000006e   Code   RO         6273    i.RCC_Configuration  cpu.o
    0x08000d9a   0x08000d9a   0x00000002   PAD
    0x08000d9c   0x08000d9c   0x00000094   Code   RO         2933    i.RCC_GetClocksFreq  stm32f4xx_rcc.o
    0x08000e30   0x08000e30   0x0000003a   Code   RO         6274    i.SDRAM_Send_Cmd    cpu.o
    0x08000e6a   0x08000e6a   0x00000002   PAD
    0x08000e6c   0x08000e6c   0x00000018   Code   RO         6275    i.SetBlLedZt        cpu.o
    0x08000e84   0x08000e84   0x000000d0   Code   RO         6093    i.SetSysClock       system_stm32f4xx.o
    0x08000f54   0x08000f54   0x0000000c   Code   RO         6276    i.SetSystemLedZt    cpu.o
    0x08000f60   0x08000f60   0x00000014   Code   RO         6139    i.SysTick_Handler   stm32f4xx_it.o
    0x08000f74   0x08000f74   0x0000005c   Code   RO         6095    i.SystemInit        system_stm32f4xx.o
    0x08000fd0   0x08000fd0   0x00000030   Code   RO         6277    i.SystemRunLedTimer_ISR  cpu.o
    0x08001000   0x08001000   0x0000000c   Code   RO         6200    i.Tick_Task         main.o
    0x0800100c   0x0800100c   0x00000014   Code   RO         4844    i.USART_Cmd         stm32f4xx_usart.o
    0x08001020   0x08001020   0x0000000e   Code   RO         4847    i.USART_GetFlagStatus  stm32f4xx_usart.o
    0x0800102e   0x0800102e   0x00000030   Code   RO         4850    i.USART_ITConfig    stm32f4xx_usart.o
    0x0800105e   0x0800105e   0x00000002   PAD
    0x08001060   0x08001060   0x000000ac   Code   RO         4851    i.USART_Init        stm32f4xx_usart.o
    0x0800110c   0x0800110c   0x00000008   Code   RO         4861    i.USART_SendData    stm32f4xx_usart.o
    0x08001114   0x08001114   0x00000002   Code   RO         6140    i.UsageFault_Handler  stm32f4xx_it.o
    0x08001116   0x08001116   0x00000002   PAD
    0x08001118   0x08001118   0x00000098   Code   RO         7126    i._Color2IndexBulk  STemWin532_CM4_OS_Keil_ot.lib(guicc_m565.o)
    0x080011b0   0x080011b0   0x0000002c   Code   RO         7127    i._Color2Index_M565  STemWin532_CM4_OS_Keil_ot.lib(guicc_m565.o)
    0x080011dc   0x080011dc   0x00000006   Code   RO         7128    i._GetIndexMask_M565  STemWin532_CM4_OS_Keil_ot.lib(guicc_m565.o)
    0x080011e2   0x080011e2   0x00000002   PAD
    0x080011e4   0x080011e4   0x000000a8   Code   RO         7129    i._Index2ColorBulk  STemWin532_CM4_OS_Keil_ot.lib(guicc_m565.o)
    0x0800128c   0x0800128c   0x00000020   Code   RO         8319    i.__0printf$3       mc_w.l(printf3.o)
    0x080012ac   0x080012ac   0x0000000e   Code   RO         8533    i.__scatterload_copy  mc_w.l(handlers.o)
    0x080012ba   0x080012ba   0x00000002   Code   RO         8534    i.__scatterload_null  mc_w.l(handlers.o)
    0x080012bc   0x080012bc   0x0000000e   Code   RO         8535    i.__scatterload_zeroinit  mc_w.l(handlers.o)
    0x080012ca   0x080012ca   0x00000002   PAD
    0x080012cc   0x080012cc   0x000001b8   Code   RO         8326    i._printf_core      mc_w.l(printf3.o)
    0x08001484   0x08001484   0x00000024   Code   RO         6279    i.fputc             cpu.o
    0x080014a8   0x080014a8   0x00000098   Code   RO         6280    i.hardwareInit      cpu.o
    0x08001540   0x08001540   0x00000130   Code   RO         6281    i.initLCD           cpu.o
    0x08001670   0x08001670   0x000002d0   Code   RO         6282    i.initPort          cpu.o
    0x08001940   0x08001940   0x00000390   Code   RO         6283    i.initSDRAM         cpu.o
    0x08001cd0   0x08001cd0   0x00000078   Code   RO         6201    i.main              main.o
    0x08001d48   0x08001d48   0x00000070   Code   RO         5644    i.prvAddCurrentTaskToDelayedList  tasks.o
    0x08001db8   0x08001db8   0x000000d0   Code   RO         5645    i.prvAddNewTaskToReadyList  tasks.o
    0x08001e88   0x08001e88   0x00000050   Code   RO         5966    i.prvCheckForValidListAndQueue  timers.o
    0x08001ed8   0x08001ed8   0x00000054   Code   RO         5646    i.prvCheckTasksWaitingTermination  tasks.o
    0x08001f2c   0x08001f2c   0x00000026   Code   RO         5479    i.prvCopyDataFromQueue  queue.o
    0x08001f52   0x08001f52   0x0000006c   Code   RO         5480    i.prvCopyDataToQueue  queue.o
    0x08001fbe   0x08001fbe   0x00000014   Code   RO         5647    i.prvDeleteTCB      tasks.o
    0x08001fd2   0x08001fd2   0x00000002   PAD
    0x08001fd4   0x08001fd4   0x0000004c   Code   RO         5098    i.prvHeapInit       heap_4.o
    0x08002020   0x08002020   0x00000028   Code   RO         5648    i.prvIdleTask       tasks.o
    0x08002048   0x08002048   0x000000bc   Code   RO         5649    i.prvInitialiseNewTask  tasks.o
    0x08002104   0x08002104   0x0000004c   Code   RO         5099    i.prvInsertBlockIntoFreeList  heap_4.o
    0x08002150   0x08002150   0x00000038   Code   RO         5967    i.prvInsertTimerInActiveList  timers.o
    0x08002188   0x08002188   0x0000001a   Code   RO         5481    i.prvIsQueueEmpty   queue.o
    0x080021a2   0x080021a2   0x00000002   PAD
    0x080021a4   0x080021a4   0x00000060   Code   RO         5968    i.prvProcessExpiredTimer  timers.o
    0x08002204   0x08002204   0x000000e8   Code   RO         5969    i.prvProcessReceivedCommands  timers.o
    0x080022ec   0x080022ec   0x0000006c   Code   RO         5970    i.prvProcessTimerOrBlockTask  timers.o
    0x08002358   0x08002358   0x00000020   Code   RO         5650    i.prvResetNextTaskUnblockTime  tasks.o
    0x08002378   0x08002378   0x00000028   Code   RO         5971    i.prvSampleTimeNow  timers.o
    0x080023a0   0x080023a0   0x0000006c   Code   RO         5972    i.prvSwitchTimerLists  timers.o
    0x0800240c   0x0800240c   0x00000064   Code   RO         5210    i.prvTaskExitError  port.o
    0x08002470   0x08002470   0x00000028   Code   RO         5973    i.prvTimerTask      timers.o
    0x08002498   0x08002498   0x0000006a   Code   RO         5482    i.prvUnlockQueue    queue.o
    0x08002502   0x08002502   0x00000002   PAD
    0x08002504   0x08002504   0x00000114   Code   RO         5100    i.pvPortMalloc      heap_4.o
    0x08002618   0x08002618   0x00000018   Code   RO         5652    i.pvTaskIncrementMutexHeldCount  tasks.o
    0x08002630   0x08002630   0x0000002c   Code   RO         5211    i.pxPortInitialiseStack  port.o
    0x0800265c   0x0800265c   0x00000024   Code   RO         5430    i.uxListRemove      list.o
    0x08002680   0x08002680   0x00000016   Code   RO         5431    i.vListInitialise   list.o
    0x08002696   0x08002696   0x00000006   Code   RO         5432    i.vListInitialiseItem  list.o
    0x0800269c   0x0800269c   0x00000030   Code   RO         5433    i.vListInsert       list.o
    0x080026cc   0x080026cc   0x00000018   Code   RO         5434    i.vListInsertEnd    list.o
    0x080026e4   0x080026e4   0x00000078   Code   RO         5213    i.vPortEnterCritical  port.o
    0x0800275c   0x0800275c   0x00000064   Code   RO         5214    i.vPortExitCritical  port.o
    0x080027c0   0x080027c0   0x0000009c   Code   RO         5101    i.vPortFree         heap_4.o
    0x0800285c   0x0800285c   0x00000020   Code   RO         5215    i.vPortSetupTimerInterrupt  port.o
    0x0800287c   0x0800287c   0x0000008c   Code   RO         5216    i.vPortValidateInterruptPriority  port.o
    0x08002908   0x08002908   0x00000024   Code   RO         5486    i.vQueueAddToRegistry  queue.o
    0x0800292c   0x0800292c   0x00000044   Code   RO         5489    i.vQueueWaitForMessageRestricted  queue.o
    0x08002970   0x08002970   0x00000074   Code   RO         5658    i.vTaskDelay        tasks.o
    0x080029e4   0x080029e4   0x000000d4   Code   RO         5660    i.vTaskDelete       tasks.o
    0x08002ab8   0x08002ab8   0x0000000c   Code   RO         5662    i.vTaskMissedYield  tasks.o
    0x08002ac4   0x08002ac4   0x0000005c   Code   RO         5664    i.vTaskPlaceOnEventList  tasks.o
    0x08002b20   0x08002b20   0x00000064   Code   RO         5665    i.vTaskPlaceOnEventListRestricted  tasks.o
    0x08002b84   0x08002b84   0x00000084   Code   RO         5667    i.vTaskPriorityInherit  tasks.o
    0x08002c08   0x08002c08   0x00000050   Code   RO         5670    i.vTaskSetTimeOutState  tasks.o
    0x08002c58   0x08002c58   0x0000009c   Code   RO         5671    i.vTaskStartScheduler  tasks.o
    0x08002cf4   0x08002cf4   0x00000010   Code   RO         5673    i.vTaskSuspendAll   tasks.o
    0x08002d04   0x08002d04   0x00000084   Code   RO         5674    i.vTaskSwitchContext  tasks.o
    0x08002d88   0x08002d88   0x00000114   Code   RO         5217    i.xPortStartScheduler  port.o
    0x08002e9c   0x08002e9c   0x0000002c   Code   RO         5218    i.xPortSysTickHandler  port.o
    0x08002ec8   0x08002ec8   0x00000070   Code   RO         5492    i.xQueueGenericCreate  queue.o
    0x08002f38   0x08002f38   0x0000018c   Code   RO         5493    i.xQueueGenericReceive  queue.o
    0x080030c4   0x080030c4   0x000000b0   Code   RO         5494    i.xQueueGenericReset  queue.o
    0x08003174   0x08003174   0x0000017c   Code   RO         5495    i.xQueueGenericSend  queue.o
    0x080032f0   0x080032f0   0x000000dc   Code   RO         5496    i.xQueueGenericSendFromISR  queue.o
    0x080033cc   0x080033cc   0x00000090   Code   RO         5675    i.xTaskCheckForTimeOut  tasks.o
    0x0800345c   0x0800345c   0x00000056   Code   RO         5676    i.xTaskCreate       tasks.o
    0x080034b2   0x080034b2   0x00000002   PAD
    0x080034b4   0x080034b4   0x0000001c   Code   RO         5680    i.xTaskGetSchedulerState  tasks.o
    0x080034d0   0x080034d0   0x0000000c   Code   RO         5681    i.xTaskGetTickCount  tasks.o
    0x080034dc   0x080034dc   0x000000f0   Code   RO         5683    i.xTaskIncrementTick  tasks.o
    0x080035cc   0x080035cc   0x000000bc   Code   RO         5686    i.xTaskPriorityDisinherit  tasks.o
    0x08003688   0x08003688   0x000000a0   Code   RO         5687    i.xTaskRemoveFromEventList  tasks.o
    0x08003728   0x08003728   0x000000ec   Code   RO         5689    i.xTaskResumeAll    tasks.o
    0x08003814   0x08003814   0x00000078   Code   RO         5976    i.xTimerCreate      timers.o
    0x0800388c   0x0800388c   0x00000078   Code   RO         5977    i.xTimerCreateTimerTask  timers.o
    0x08003904   0x08003904   0x00000090   Code   RO         5978    i.xTimerGenericCommand  timers.o
    0x08003994   0x08003994   0x00004740   Data   RO         6409    .constdata          lcd.o
    0x080080d4   0x080080d4   0x00000008   Data   RO         6676    .constdata          lcdconf_lin_template.o
    0x080080dc   0x080080dc   0x00000018   Data   RO         7130    .constdata          STemWin532_CM4_OS_Keil_ot.lib(guicc_m565.o)
    0x080080f4   0x080080f4   0x00000020   Data   RO         7401    .constdata          STemWin532_CM4_OS_Keil_ot.lib(gui__divtbl_31_255.o)
    0x08008114   0x08008114   0x00000040   Data   RO         7402    .constdata          STemWin532_CM4_OS_Keil_ot.lib(gui__divtbl_63_255.o)
    0x08008154   0x08008154   0x00000100   Data   RO         7404    .constdata          STemWin532_CM4_OS_Keil_ot.lib(gui__divtbl_255_31.o)
    0x08008254   0x08008254   0x00000100   Data   RO         7405    .constdata          STemWin532_CM4_OS_Keil_ot.lib(gui__divtbl_255_63.o)
    0x08008354   0x08008354   0x00000020   Data   RO         8531    Region$$Table       anon$$obj.o


    Execution Region RW_IRAM1 (Exec base: 0x20000000, Load base: 0x08008374, Size: 0x00009898, Max: 0x00030000, ABSOLUTE)

    Exec Addr    Load Addr    Size         Type   Attr      Idx    E Section Name        Object

    0x20000000   0x08008374   0x00000010   Data   RW         2965    .data               stm32f4xx_rcc.o
    0x20000010   0x08008384   0x00000018   Data   RW         5106    .data               heap_4.o
    0x20000028   0x0800839c   0x0000000c   Data   RW         5219    .data               port.o
    0x20000034   0x080083a8   0x0000003c   Data   RW         5692    .data               tasks.o
    0x20000070   0x080083e4   0x00000014   Data   RW         5984    .data               timers.o
    0x20000084   0x080083f8   0x00000014   Data   RW         6096    .data               system_stm32f4xx.o
    0x20000098   0x0800840c   0x00000010   Data   RW         6203    .data               main.o
    0x200000a8   0x0800841c   0x0000000c   Data   RW         6286    .data               cpu.o
    0x200000b4   0x08008428   0x00000024   Data   RW         6677    .data               lcdconf_lin_template.o
    0x200000d8   0x0800844c   0x00000024   Data   RW         7093    .data               STemWin532_CM4_OS_Keil_ot.lib(gui_multibuf.o)
    0x200000fc   0x08008470   0x00000008   Data   RW         7131    .data               STemWin532_CM4_OS_Keil_ot.lib(guicc_m565.o)
    0x20000104   0x08008478   0x00000004   Data   RW         8505    .data               mc_w.l(stdout.o)
    0x20000108        -       0x00009000   Zero   RW         5105    .bss                heap_4.o
    0x20009108        -       0x00000050   Zero   RW         5502    .bss                queue.o
    0x20009158        -       0x000002e4   Zero   RW         5691    .bss                tasks.o
    0x2000943c        -       0x00000028   Zero   RW         5983    .bss                timers.o
    0x20009464        -       0x0000002e   Zero   RW         6285    .bss                cpu.o
    0x20009492   0x0800847c   0x00000006   PAD
    0x20009498        -       0x00000400   Zero   RW         6083    STACK               startup_stm32f429_439xx.o



  Load Region LR$$.ARM.__AT_0xC0000000 (Base: 0xc0000000, Size: 0x00000000, Max: 0x001f4000, ABSOLUTE)

    Execution Region ER$$.ARM.__AT_0xC0000000 (Exec base: 0xc0000000, Load base: 0xc0000000, Size: 0x001f4000, Max: 0x001f4000, ABSOLUTE, UNINIT)

    Exec Addr    Load Addr    Size         Type   Attr      Idx    E Section Name        Object

    0xc0000000        -       0x001f4000   Zero   RW         6284    .ARM.__AT_0xC0000000  cpu.o


==============================================================================

Image component sizes


      Code (inc. data)   RO Data    RW Data    ZI Data      Debug   Object Name

      3212        166          0         12    2048046      13040   cpu.o
         0          0          0          0          0      10328   event_groups.o
         0          0          0          0          0      49480   gui_x_freertos.o
       584        138          0         24      36864      17775   heap_4.o
       700         16      18240          0          0       7038   lcd.o
       136         18          8         36          0      32357   lcdconf_lin_template.o
       136          0          0          0          0       3294   list.o
       544        226          0         16          0       4641   main.o
       120         14          0          0          0     282751   misc.o
      1038        382          0         12          0      10841   port.o
      1666        238          0          0         80      15005   queue.o
        36          8        428          0       1024        948   startup_stm32f429_439xx.o
       160          0          0          0          0       3259   stm32f4xx_gpio.o
        32          0          0          0          0       3391   stm32f4xx_it.o
        12          6          0          0          0        604   stm32f4xx_ltdc.o
       220         34          0         16          0       5147   stm32f4xx_rcc.o
       262          8          0          0          0       4673   stm32f4xx_usart.o
       300         36          0         20          0       2265   system_stm32f4xx.o
      2850        776          0         60        740      30047   tasks.o
      1144        276          0         20         40      10062   timers.o

    ----------------------------------------------------------------------
     13176       2342      18708        216    2086800     506946   Object Totals
         0          0         32          0          0          0   (incl. Generated)
        24          0          0          0          6          0   (incl. Padding)

    ----------------------------------------------------------------------

      Code (inc. data)   RO Data    RW Data    ZI Data      Debug   Library Member Name

         0          0        256          0          0          0   gui__divtbl_255_31.o
         0          0        256          0          0          0   gui__divtbl_255_63.o
         0          0         32          0          0          0   gui__divtbl_31_255.o
         0          0         64          0          0          0   gui__divtbl_63_255.o
        52         14          0         36          0        116   gui_multibuf.o
       414         44         24          8          0        676   guicc_m565.o
         0          0          0          0          0          0   entry.o
         0          0          0          0          0          0   entry10a.o
         0          0          0          0          0          0   entry11a.o
         8          4          0          0          0          0   entry2.o
         4          0          0          0          0          0   entry5.o
         0          0          0          0          0          0   entry7b.o
         0          0          0          0          0          0   entry8b.o
         8          4          0          0          0          0   entry9a.o
        30          0          0          0          0          0   handlers.o
        36          8          0          0          0         68   init.o
        64          0          0          0          0         76   memmovea.o
       472         14          0          0          0        184   printf3.o
         0          0          0          4          0          0   stdout.o
        44          0          0          0          0         80   uidiv.o

    ----------------------------------------------------------------------
      1136         88        632         48          0       1200   Library Totals
         4          0          0          0          0          0   (incl. Padding)

    ----------------------------------------------------------------------

      Code (inc. data)   RO Data    RW Data    ZI Data      Debug   Library Name

       466         58        632         44          0        792   STemWin532_CM4_OS_Keil_ot.lib
       666         30          0          4          0        408   mc_w.l

    ----------------------------------------------------------------------
      1136         88        632         48          0       1200   Library Totals

    ----------------------------------------------------------------------

==============================================================================


      Code (inc. data)   RO Data    RW Data    ZI Data      Debug   

     14312       2430      19340        264    2086800     496046   Grand Totals
     14312       2430      19340        264    2086800     496046   ELF Image Totals
     14312       2430      19340        264          0          0   ROM Totals

==============================================================================

    Total RO  Size (Code + RO Data)                33652 (  32.86kB)
    Total RW  Size (RW Data + ZI Data)           2087064 (2038.15kB)
    Total ROM Size (Code + RO Data + RW Data)      33916 (  33.12kB)

==============================================================================

