Component: ARM Compiler 5.06 update 6 (build 750) Tool: armlink [4d35ed]

==============================================================================

Section Cross References

    stm32f4xx_adc.o(i.ADC_DeInit) refers to stm32f4xx_rcc.o(i.RCC_APB2PeriphResetCmd) for RCC_APB2PeriphResetCmd
    stm32f4xx_can.o(i.CAN_DeInit) refers to stm32f4xx_rcc.o(i.RCC_APB1PeriphResetCmd) for RCC_APB1PeriphResetCmd
    stm32f4xx_can.o(i.CAN_GetITStatus) refers to stm32f4xx_can.o(i.CheckITStatus) for CheckITStatus
    stm32f4xx_cryp.o(i.CRYP_DeInit) refers to stm32f4xx_rcc.o(i.RCC_AHB2PeriphResetCmd) for RCC_AHB2PeriphResetCmd
    stm32f4xx_cryp_aes.o(i.CRYP_AES_CBC) refers to stm32f4xx_cryp.o(i.CRYP_KeyStructInit) for CRYP_KeyStructInit
    stm32f4xx_cryp_aes.o(i.CRYP_AES_CBC) refers to stm32f4xx_cryp.o(i.CRYP_FIFOFlush) for CRYP_FIFOFlush
    stm32f4xx_cryp_aes.o(i.CRYP_AES_CBC) refers to stm32f4xx_cryp.o(i.CRYP_Init) for CRYP_Init
    stm32f4xx_cryp_aes.o(i.CRYP_AES_CBC) refers to stm32f4xx_cryp.o(i.CRYP_KeyInit) for CRYP_KeyInit
    stm32f4xx_cryp_aes.o(i.CRYP_AES_CBC) refers to stm32f4xx_cryp.o(i.CRYP_Cmd) for CRYP_Cmd
    stm32f4xx_cryp_aes.o(i.CRYP_AES_CBC) refers to stm32f4xx_cryp.o(i.CRYP_GetFlagStatus) for CRYP_GetFlagStatus
    stm32f4xx_cryp_aes.o(i.CRYP_AES_CBC) refers to stm32f4xx_cryp.o(i.CRYP_IVInit) for CRYP_IVInit
    stm32f4xx_cryp_aes.o(i.CRYP_AES_CBC) refers to stm32f4xx_cryp.o(i.CRYP_GetCmdStatus) for CRYP_GetCmdStatus
    stm32f4xx_cryp_aes.o(i.CRYP_AES_CBC) refers to stm32f4xx_cryp.o(i.CRYP_DataIn) for CRYP_DataIn
    stm32f4xx_cryp_aes.o(i.CRYP_AES_CBC) refers to stm32f4xx_cryp.o(i.CRYP_DataOut) for CRYP_DataOut
    stm32f4xx_cryp_aes.o(i.CRYP_AES_CCM) refers to stm32f4xx_cryp.o(i.CRYP_KeyStructInit) for CRYP_KeyStructInit
    stm32f4xx_cryp_aes.o(i.CRYP_AES_CCM) refers to stm32f4xx_cryp.o(i.CRYP_FIFOFlush) for CRYP_FIFOFlush
    stm32f4xx_cryp_aes.o(i.CRYP_AES_CCM) refers to stm32f4xx_cryp.o(i.CRYP_KeyInit) for CRYP_KeyInit
    stm32f4xx_cryp_aes.o(i.CRYP_AES_CCM) refers to stm32f4xx_cryp.o(i.CRYP_IVInit) for CRYP_IVInit
    stm32f4xx_cryp_aes.o(i.CRYP_AES_CCM) refers to stm32f4xx_cryp.o(i.CRYP_Init) for CRYP_Init
    stm32f4xx_cryp_aes.o(i.CRYP_AES_CCM) refers to stm32f4xx_cryp.o(i.CRYP_PhaseConfig) for CRYP_PhaseConfig
    stm32f4xx_cryp_aes.o(i.CRYP_AES_CCM) refers to stm32f4xx_cryp.o(i.CRYP_DataIn) for CRYP_DataIn
    stm32f4xx_cryp_aes.o(i.CRYP_AES_CCM) refers to stm32f4xx_cryp.o(i.CRYP_Cmd) for CRYP_Cmd
    stm32f4xx_cryp_aes.o(i.CRYP_AES_CCM) refers to stm32f4xx_cryp.o(i.CRYP_GetCmdStatus) for CRYP_GetCmdStatus
    stm32f4xx_cryp_aes.o(i.CRYP_AES_CCM) refers to stm32f4xx_cryp.o(i.CRYP_GetFlagStatus) for CRYP_GetFlagStatus
    stm32f4xx_cryp_aes.o(i.CRYP_AES_CCM) refers to stm32f4xx_cryp.o(i.CRYP_DataOut) for CRYP_DataOut
    stm32f4xx_cryp_aes.o(i.CRYP_AES_CTR) refers to stm32f4xx_cryp.o(i.CRYP_KeyStructInit) for CRYP_KeyStructInit
    stm32f4xx_cryp_aes.o(i.CRYP_AES_CTR) refers to stm32f4xx_cryp.o(i.CRYP_KeyInit) for CRYP_KeyInit
    stm32f4xx_cryp_aes.o(i.CRYP_AES_CTR) refers to stm32f4xx_cryp.o(i.CRYP_Init) for CRYP_Init
    stm32f4xx_cryp_aes.o(i.CRYP_AES_CTR) refers to stm32f4xx_cryp.o(i.CRYP_IVInit) for CRYP_IVInit
    stm32f4xx_cryp_aes.o(i.CRYP_AES_CTR) refers to stm32f4xx_cryp.o(i.CRYP_FIFOFlush) for CRYP_FIFOFlush
    stm32f4xx_cryp_aes.o(i.CRYP_AES_CTR) refers to stm32f4xx_cryp.o(i.CRYP_Cmd) for CRYP_Cmd
    stm32f4xx_cryp_aes.o(i.CRYP_AES_CTR) refers to stm32f4xx_cryp.o(i.CRYP_GetCmdStatus) for CRYP_GetCmdStatus
    stm32f4xx_cryp_aes.o(i.CRYP_AES_CTR) refers to stm32f4xx_cryp.o(i.CRYP_DataIn) for CRYP_DataIn
    stm32f4xx_cryp_aes.o(i.CRYP_AES_CTR) refers to stm32f4xx_cryp.o(i.CRYP_GetFlagStatus) for CRYP_GetFlagStatus
    stm32f4xx_cryp_aes.o(i.CRYP_AES_CTR) refers to stm32f4xx_cryp.o(i.CRYP_DataOut) for CRYP_DataOut
    stm32f4xx_cryp_aes.o(i.CRYP_AES_ECB) refers to stm32f4xx_cryp.o(i.CRYP_KeyStructInit) for CRYP_KeyStructInit
    stm32f4xx_cryp_aes.o(i.CRYP_AES_ECB) refers to stm32f4xx_cryp.o(i.CRYP_FIFOFlush) for CRYP_FIFOFlush
    stm32f4xx_cryp_aes.o(i.CRYP_AES_ECB) refers to stm32f4xx_cryp.o(i.CRYP_Init) for CRYP_Init
    stm32f4xx_cryp_aes.o(i.CRYP_AES_ECB) refers to stm32f4xx_cryp.o(i.CRYP_KeyInit) for CRYP_KeyInit
    stm32f4xx_cryp_aes.o(i.CRYP_AES_ECB) refers to stm32f4xx_cryp.o(i.CRYP_Cmd) for CRYP_Cmd
    stm32f4xx_cryp_aes.o(i.CRYP_AES_ECB) refers to stm32f4xx_cryp.o(i.CRYP_GetFlagStatus) for CRYP_GetFlagStatus
    stm32f4xx_cryp_aes.o(i.CRYP_AES_ECB) refers to stm32f4xx_cryp.o(i.CRYP_GetCmdStatus) for CRYP_GetCmdStatus
    stm32f4xx_cryp_aes.o(i.CRYP_AES_ECB) refers to stm32f4xx_cryp.o(i.CRYP_DataIn) for CRYP_DataIn
    stm32f4xx_cryp_aes.o(i.CRYP_AES_ECB) refers to stm32f4xx_cryp.o(i.CRYP_DataOut) for CRYP_DataOut
    stm32f4xx_cryp_aes.o(i.CRYP_AES_GCM) refers to stm32f4xx_cryp.o(i.CRYP_KeyStructInit) for CRYP_KeyStructInit
    stm32f4xx_cryp_aes.o(i.CRYP_AES_GCM) refers to stm32f4xx_cryp.o(i.CRYP_FIFOFlush) for CRYP_FIFOFlush
[...]
    Removing tasks.o(i.xTaskNotifyWait), (160 bytes).
    Removing tasks.o(i.xTaskRemoveFromUnorderedEventList), (200 bytes).
    Removing tasks.o(i.xTaskResumeFromISR), (212 bytes).
    Removing timers.o(.rev16_text), (4 bytes).
    Removing timers.o(.revsh_text), (4 bytes).
    Removing timers.o(.rrx_text), (6 bytes).
    Removing timers.o(i.pcTimerGetName), (68 bytes).
    Removing timers.o(i.prvInitialiseNewTimer), (112 bytes).
    Removing timers.o(i.pvTimerGetTimerID), (80 bytes).
    Removing timers.o(i.vTimerSetTimerID), (80 bytes).
    Removing timers.o(i.xTimerCreate), (48 bytes).
    Removing timers.o(i.xTimerGetExpiryTime), (72 bytes).
    Removing timers.o(i.xTimerGetPeriod), (68 bytes).
    Removing timers.o(i.xTimerGetTimerDaemonTaskHandle), (84 bytes).
    Removing timers.o(i.xTimerIsTimerActive), (92 bytes).
    Removing startup_stm32f429_439xx.o(HEAP), (512 bytes).
    Removing system_stm32f4xx.o(.rev16_text), (4 bytes).
    Removing system_stm32f4xx.o(.revsh_text), (4 bytes).
    Removing system_stm32f4xx.o(.rrx_text), (6 bytes).
    Removing system_stm32f4xx.o(i.SystemCoreClockUpdate), (192 bytes).
    Removing stm32f4xx_it.o(.rev16_text), (4 bytes).
    Removing stm32f4xx_it.o(.revsh_text), (4 bytes).
    Removing stm32f4xx_it.o(.rrx_text), (6 bytes).
    Removing main.o(.rev16_text), (4 bytes).
    Removing main.o(.revsh_text), (4 bytes).
    Removing main.o(.rrx_text), (6 bytes).
    Removing main.o(.bss), (20 bytes).
    Removing cpu.o(.rev16_text), (4 bytes).
    Removing cpu.o(.revsh_text), (4 bytes).
    Removing cpu.o(.rrx_text), (6 bytes).
    Removing cpu.o(i.fgetc), (32 bytes).
    Removing lcd.o(.rev16_text), (4 bytes).
    Removing lcd.o(.revsh_text), (4 bytes).
    Removing lcd.o(.rrx_text), (6 bytes).
    Removing lcd.o(i.LCD_Color_Fill), (36 bytes).
    Removing lcd.o(i.LCD_DisplayState), (36 bytes).
    Removing lcd.o(i.LCD_DrawLine), (176 bytes).
    Removing lcd.o(i.LCD_DrawPoint), (20 bytes).
    Removing lcd.o(i.LCD_DrawRectangle), (64 bytes).
    Removing lcd.o(i.LCD_Draw_Circle), (152 bytes).
    Removing lcd.o(i.LCD_Fast_DrawPoint), (20 bytes).
    Removing lcd.o(i.LCD_Fill), (36 bytes).
    Removing lcd.o(i.LCD_Pow), (22 bytes).
    Removing lcd.o(i.LCD_ReadPoint), (16 bytes).
    Removing lcd.o(i.LCD_ShowChar), (308 bytes).
    Removing lcd.o(i.LCD_ShowNum), (148 bytes).
    Removing lcd.o(i.LCD_ShowString), (102 bytes).
    Removing lcd.o(i.LCD_ShowxNum), (190 bytes).
    Removing lcd.o(i.LTDC_Color_Fill), (340 bytes).
    Removing lcd.o(i.LTDC_Draw_Point), (80 bytes).
    Removing lcd.o(i.LTDC_Read_Point), (80 bytes).
    Removing lcd.o(.constdata), (18240 bytes).
    Removing dadd.o(.text), (334 bytes).
    Removing dmul.o(.text), (228 bytes).
    Removing ddiv.o(.text), (222 bytes).
    Removing dfixul.o(.text), (48 bytes).
    Removing cdrcmple.o(.text), (48 bytes).
    Removing depilogue.o(.text), (186 bytes).

943 unused section(s) (total 64998 bytes) removed from the image.

==============================================================================

Image Symbol Table

    Local Symbols

    Symbol Name                              Value     Ov Type        Size  Object(Section)

    ../clib/microlib/division.c              0x00000000   Number         0  uldiv.o ABSOLUTE
    ../clib/microlib/division.c              0x00000000   Number         0  uidiv.o ABSOLUTE
    ../clib/microlib/init/entry.s            0x00000000   Number         0  entry9a.o ABSOLUTE
    ../clib/microlib/init/entry.s            0x00000000   Number         0  entry11a.o ABSOLUTE
    ../clib/microlib/init/entry.s            0x00000000   Number         0  entry2.o ABSOLUTE
    ../clib/microlib/init/entry.s            0x00000000   Number         0  entry8a.o ABSOLUTE
    ../clib/microlib/init/entry.s            0x00000000   Number         0  entry10b.o ABSOLUTE
    ../clib/microlib/init/entry.s            0x00000000   Number         0  entry7b.o ABSOLUTE
    ../clib/microlib/init/entry.s            0x00000000   Number         0  entry7a.o ABSOLUTE
    ../clib/microlib/init/entry.s            0x00000000   Number         0  entry.o ABSOLUTE
    ../clib/microlib/init/entry.s            0x00000000   Number         0  entry8b.o ABSOLUTE
    ../clib/microlib/init/entry.s            0x00000000   Number         0  entry5.o ABSOLUTE
    ../clib/microlib/init/entry.s            0x00000000   Number         0  entry9b.o ABSOLUTE
    ../clib/microlib/init/entry.s            0x00000000   Number         0  entry11b.o ABSOLUTE
    ../clib/microlib/init/entry.s            0x00000000   Number         0  entry10a.o ABSOLUTE
    ../clib/microlib/longlong.c              0x00000000   Number         0  llsshr.o ABSOLUTE
    ../clib/microlib/longlong.c              0x00000000   Number         0  llshl.o ABSOLUTE
    ../clib/microlib/longlong.c              0x00000000   Number         0  llushr.o ABSOLUTE
    ../clib/microlib/printf/printf.c         0x00000000   Number         0  printfb.o ABSOLUTE
    ../clib/microlib/printf/printf.c         0x00000000   Number         0  printf0.o ABSOLUTE
    ../clib/microlib/printf/printf.c         0x00000000   Number         0  printf8.o ABSOLUTE
    ../clib/microlib/printf/printf.c         0x00000000   Number         0  printf1.o ABSOLUTE
    ../clib/microlib/printf/printf.c         0x00000000   Number         0  printf3.o ABSOLUTE
    ../clib/microlib/printf/printf.c         0x00000000   Number         0  printf5.o ABSOLUTE
    ../clib/microlib/printf/printf.c         0x00000000   Number         0  printf2.o ABSOLUTE
    ../clib/microlib/printf/printf.c         0x00000000   Number         0  printf6.o ABSOLUTE
    ../clib/microlib/printf/printf.c         0x00000000   Number         0  printf7.o ABSOLUTE
    ../clib/microlib/printf/printf.c         0x00000000   Number         0  printf4.o ABSOLUTE
    ../clib/microlib/printf/printf.c         0x00000000   Number         0  printfa.o ABSOLUTE
    ../clib/microlib/printf/stubs.s          0x00000000   Number         0  stubs.o ABSOLUTE
    ../clib/microlib/stdio/streams.c         0x00000000   Number         0  stdout.o ABSOLUTE
    ../clib/microlib/string/memcpy.c         0x00000000   Number         0  memcpya.o ABSOLUTE
    ../clib/microlib/string/memcpy.c         0x00000000   Number         0  memcpyb.o ABSOLUTE
    ../clib/microlib/stubs.s                 0x00000000   Number         0  iusefp.o ABSOLUTE
    ../fplib/microlib/fpadd.c                0x00000000   Number         0  dadd.o ABSOLUTE
    ../fplib/microlib/fpdiv.c                0x00000000   Number         0  ddiv.o ABSOLUTE
    ../fplib/microlib/fpepilogue.c           0x00000000   Number         0  depilogue.o ABSOLUTE
    ../fplib/microlib/fpfix.c                0x00000000   Number         0  dfixul.o ABSOLUTE
    ../fplib/microlib/fpmul.c                0x00000000   Number         0  dmul.o ABSOLUTE
    ..\..\Driver\cpu.c                       0x00000000   Number         0  cpu.o ABSOLUTE
    ..\..\Driver\lcd.c                       0x00000000   Number         0  lcd.o ABSOLUTE
    ..\..\FreeRTOS\port\MemMang\heap_4.c     0x00000000   Number         0  heap_4.o ABSOLUTE
    ..\..\FreeRTOS\port\RVDS\ARM_CM4F\port.c 0x00000000   Number         0  port.o ABSOLUTE
    ..\..\FreeRTOS\src\croutine.c            0x00000000   Number         0  croutine.o ABSOLUTE
    ..\..\FreeRTOS\src\event_groups.c        0x00000000   Number         0  event_groups.o ABSOLUTE
    ..\..\FreeRTOS\src\list.c                0x00000000   Number         0  list.o ABSOLUTE
    ..\..\FreeRTOS\src\queue.c               0x00000000   Number         0  queue.o ABSOLUTE
    ..\..\FreeRTOS\src\tasks.c               0x00000000   Number         0  tasks.o ABSOLUTE
    ..\..\FreeRTOS\src\timers.c              0x00000000   Number         0  timers.o ABSOLUTE
    ..\..\Libraries\CMSIS\Device\ST\STM32F4xx\Source\Templates\arm\startup_stm32f429_439xx.s 0x00000000   Number         0  startup_stm32f429_439xx.o ABSOLUTE
    ..\..\Libraries\CMSIS\Device\ST\STM32F4xx\Source\Templates\system_stm32f4xx.c 0x00000000   Number         0  system_stm32f4xx.o ABSOLUTE
    ..\..\Libraries\STM32F4xx_StdPeriph_Driver\src\misc.c 0x00000000   Number         0  misc.o ABSOLUTE
    ..\..\Libraries\STM32F4xx_StdPeriph_Driver\src\stm32f4xx_adc.c 0x00000000   Number         0  stm32f4xx_adc.o ABSOLUTE
    ..\..\Libraries\STM32F4xx_StdPeriph_Driver\src\stm32f4xx_can.c 0x00000000   Number         0  stm32f4xx_can.o ABSOLUTE
    ..\..\Libraries\STM32F4xx_StdPeriph_Driver\src\stm32f4xx_cec.c 0x00000000   Number         0  stm32f4xx_cec.o ABSOLUTE
    ..\..\Libraries\STM32F4xx_StdPeriph_Driver\src\stm32f4xx_crc.c 0x00000000   Number         0  stm32f4xx_crc.o ABSOLUTE
    ..\..\Libraries\STM32F4xx_StdPeriph_Driver\src\stm32f4xx_cryp.c 0x00000000   Number         0  stm32f4xx_cryp.o ABSOLUTE
    ..\..\Libraries\STM32F4xx_StdPeriph_Driver\src\stm32f4xx_cryp_aes.c 0x00000000   Number         0  stm32f4xx_cryp_aes.o ABSOLUTE
    ..\..\Libraries\STM32F4xx_StdPeriph_Driver\src\stm32f4xx_cryp_des.c 0x00000000   Number         0  stm32f4xx_cryp_des.o ABSOLUTE
    ..\..\Libraries\STM32F4xx_StdPeriph_Driver\src\stm32f4xx_cryp_tdes.c 0x00000000   Number         0  stm32f4xx_cryp_tdes.o ABSOLUTE
    ..\..\Libraries\STM32F4xx_StdPeriph_Driver\src\stm32f4xx_dac.c 0x00000000   Number         0  stm32f4xx_dac.o ABSOLUTE
    ..\..\Libraries\STM32F4xx_StdPeriph_Driver\src\stm32f4xx_dbgmcu.c 0x00000000   Number         0  stm32f4xx_dbgmcu.o ABSOLUTE
    ..\..\Libraries\STM32F4xx_StdPeriph_Driver\src\stm32f4xx_dcmi.c 0x00000000   Number         0  stm32f4xx_dcmi.o ABSOLUTE
    ..\..\Libraries\STM32F4xx_StdPeriph_Driver\src\stm32f4xx_dma.c 0x00000000   Number         0  stm32f4xx_dma.o ABSOLUTE
    ..\..\Libraries\STM32F4xx_StdPeriph_Driver\src\stm32f4xx_dma2d.c 0x00000000   Number         0  stm32f4xx_dma2d.o ABSOLUTE
    ..\..\Libraries\STM32F4xx_StdPeriph_Driver\src\stm32f4xx_exti.c 0x00000000   Number         0  stm32f4xx_exti.o ABSOLUTE
    ..\..\Libraries\STM32F4xx_StdPeriph_Driver\src\stm32f4xx_flash.c 0x00000000   Number         0  stm32f4xx_flash.o ABSOLUTE
    ..\..\Libraries\STM32F4xx_StdPeriph_Driver\src\stm32f4xx_flash_ramfunc.c 0x00000000   Number         0  stm32f4xx_flash_ramfunc.o ABSOLUTE
    ..\..\Libraries\STM32F4xx_StdPeriph_Driver\src\stm32f4xx_fmc.c 0x00000000   Number         0  stm32f4xx_fmc.o ABSOLUTE
    ..\..\Libraries\STM32F4xx_StdPeriph_Driver\src\stm32f4xx_fmpi2c.c 0x00000000   Number         0  stm32f4xx_fmpi2c.o ABSOLUTE
    ..\..\Libraries\STM32F4xx_StdPeriph_Driver\src\stm32f4xx_gpio.c 0x00000000   Number         0  stm32f4xx_gpio.o ABSOLUTE
    ..\..\Libraries\STM32F4xx_StdPeriph_Driver\src\stm32f4xx_hash.c 0x00000000   Number         0  stm32f4xx_hash.o ABSOLUTE
    ..\..\Libraries\STM32F4xx_StdPeriph_Driver\src\stm32f4xx_hash_md5.c 0x00000000   Number         0  stm32f4xx_hash_md5.o ABSOLUTE
    ..\..\Libraries\STM32F4xx_StdPeriph_Driver\src\stm32f4xx_hash_sha1.c 0x00000000   Number         0  stm32f4xx_hash_sha1.o ABSOLUTE
    ..\..\Libraries\STM32F4xx_StdPeriph_Driver\src\stm32f4xx_i2c.c 0x00000000   Number         0  stm32f4xx_i2c.o ABSOLUTE
    ..\..\Libraries\STM32F4xx_StdPeriph_Driver\src\stm32f4xx_iwdg.c 0x00000000   Number         0  stm32f4xx_iwdg.o ABSOLUTE
    ..\..\Libraries\STM32F4xx_StdPeriph_Driver\src\stm32f4xx_ltdc.c 0x00000000   Number         0  stm32f4xx_ltdc.o ABSOLUTE
    ..\..\Libraries\STM32F4xx_StdPeriph_Driver\src\stm32f4xx_pwr.c 0x00000000   Number         0  stm32f4xx_pwr.o ABSOLUTE
    ..\..\Libraries\STM32F4xx_StdPeriph_Driver\src\stm32f4xx_qspi.c 0x00000000   Number         0  stm32f4xx_qspi.o ABSOLUTE
    ..\..\Libraries\STM32F4xx_StdPeriph_Driver\src\stm32f4xx_rcc.c 0x00000000   Number         0  stm32f4xx_rcc.o ABSOLUTE
    ..\..\Libraries\STM32F4xx_StdPeriph_Driver\src\stm32f4xx_rng.c 0x00000000   Number         0  stm32f4xx_rng.o ABSOLUTE
    ..\..\Libraries\STM32F4xx_StdPeriph_Driver\src\stm32f4xx_rtc.c 0x00000000   Number         0  stm32f4xx_rtc.o ABSOLUTE
    ..\..\Libraries\STM32F4xx_StdPeriph_Driver\src\stm32f4xx_sai.c 0x00000000   Number         0  stm32f4xx_sai.o ABSOLUTE
    ..\..\Libraries\STM32F4xx_StdPeriph_Driver\src\stm32f4xx_sdio.c 0x00000000   Number         0  stm32f4xx_sdio.o ABSOLUTE
    ..\..\Libraries\STM32F4xx_StdPeriph_Driver\src\stm32f4xx_spdifrx.c 0x00000000   Number         0  stm32f4xx_spdifrx.o ABSOLUTE
    ..\..\Libraries\STM32F4xx_StdPeriph_Driver\src\stm32f4xx_spi.c 0x00000000   Number         0  stm32f4xx_spi.o ABSOLUTE
    ..\..\Libraries\STM32F4xx_StdPeriph_Driver\src\stm32f4xx_syscfg.c 0x00000000   Number         0  stm32f4xx_syscfg.o ABSOLUTE
    ..\..\Libraries\STM32F4xx_StdPeriph_Driver\src\stm32f4xx_tim.c 0x00000000   Number         0  stm32f4xx_tim.o ABSOLUTE
    ..\..\Libraries\STM32F4xx_StdPeriph_Driver\src\stm32f4xx_usart.c 0x00000000   Number         0  stm32f4xx_usart.o ABSOLUTE
    ..\..\Libraries\STM32F4xx_StdPeriph_Driver\src\stm32f4xx_wwdg.c 0x00000000   Number         0  stm32f4xx_wwdg.o ABSOLUTE
    ..\..\User\main.c                        0x00000000   Number         0  main.o ABSOLUTE
    ..\..\User\stm32f4xx_it.c                0x00000000   Number         0  stm32f4xx_it.o ABSOLUTE
    ..\\..\\Driver\\cpu.c                    0x00000000   Number         0  cpu.o ABSOLUTE
    ..\\..\\Driver\\lcd.c                    0x00000000   Number         0  lcd.o ABSOLUTE
    ..\\..\\FreeRTOS\\port\\MemMang\\heap_4.c 0x00000000   Number         0  heap_4.o ABSOLUTE
    ..\\..\\FreeRTOS\\port\\RVDS\\ARM_CM4F\\port.c 0x00000000   Number         0  port.o ABSOLUTE
    ..\\..\\FreeRTOS\\src\\croutine.c        0x00000000   Number         0  croutine.o ABSOLUTE
    ..\\..\\FreeRTOS\\src\\event_groups.c    0x00000000   Number         0  event_groups.o ABSOLUTE
    ..\\..\\FreeRTOS\\src\\list.c            0x00000000   Number         0  list.o ABSOLUTE
    ..\\..\\FreeRTOS\\src\\queue.c           0x00000000   Number         0  queue.o ABSOLUTE
    ..\\..\\FreeRTOS\\src\\tasks.c           0x00000000   Number         0  tasks.o ABSOLUTE
    ..\\..\\FreeRTOS\\src\\timers.c          0x00000000   Number         0  timers.o ABSOLUTE
    ..\\..\\Libraries\\CMSIS\\Device\\ST\\STM32F4xx\\Source\\Templates\\system_stm32f4xx.c 0x00000000   Number         0  system_stm32f4xx.o ABSOLUTE
    ..\\..\\Libraries\\STM32F4xx_StdPeriph_Driver\\src\\misc.c 0x00000000   Number         0  misc.o ABSOLUTE
    ..\\..\\Libraries\\STM32F4xx_StdPeriph_Driver\\src\\stm32f4xx_adc.c 0x00000000   Number         0  stm32f4xx_adc.o ABSOLUTE
    ..\\..\\Libraries\\STM32F4xx_StdPeriph_Driver\\src\\stm32f4xx_can.c 0x00000000   Number         0  stm32f4xx_can.o ABSOLUTE
    ..\\..\\Libraries\\STM32F4xx_StdPeriph_Driver\\src\\stm32f4xx_cec.c 0x00000000   Number         0  stm32f4xx_cec.o ABSOLUTE
    ..\\..\\Libraries\\STM32F4xx_StdPeriph_Driver\\src\\stm32f4xx_crc.c 0x00000000   Number         0  stm32f4xx_crc.o ABSOLUTE
    ..\\..\\Libraries\\STM32F4xx_StdPeriph_Driver\\src\\stm32f4xx_cryp.c 0x00000000   Number         0  stm32f4xx_cryp.o ABSOLUTE
    ..\\..\\Libraries\\STM32F4xx_StdPeriph_Driver\\src\\stm32f4xx_cryp_aes.c 0x00000000   Number         0  stm32f4xx_cryp_aes.o ABSOLUTE
    ..\\..\\Libraries\\STM32F4xx_StdPeriph_Driver\\src\\stm32f4xx_cryp_des.c 0x00000000   Number         0  stm32f4xx_cryp_des.o ABSOLUTE
    ..\\..\\Libraries\\STM32F4xx_StdPeriph_Driver\\src\\stm32f4xx_cryp_tdes.c 0x00000000   Number         0  stm32f4xx_cryp_tdes.o ABSOLUTE
    ..\\..\\Libraries\\STM32F4xx_StdPeriph_Driver\\src\\stm32f4xx_dac.c 0x00000000   Number         0  stm32f4xx_dac.o ABSOLUTE
    ..\\..\\Libraries\\STM32F4xx_StdPeriph_Driver\\src\\stm32f4xx_dbgmcu.c 0x00000000   Number         0  stm32f4xx_dbgmcu.o ABSOLUTE
    ..\\..\\Libraries\\STM32F4xx_StdPeriph_Driver\\src\\stm32f4xx_dcmi.c 0x00000000   Number         0  stm32f4xx_dcmi.o ABSOLUTE
    ..\\..\\Libraries\\STM32F4xx_StdPeriph_Driver\\src\\stm32f4xx_dma.c 0x00000000   Number         0  stm32f4xx_dma.o ABSOLUTE
    ..\\..\\Libraries\\STM32F4xx_StdPeriph_Driver\\src\\stm32f4xx_dma2d.c 0x00000000   Number         0  stm32f4xx_dma2d.o ABSOLUTE
    ..\\..\\Libraries\\STM32F4xx_StdPeriph_Driver\\src\\stm32f4xx_exti.c 0x00000000   Number         0  stm32f4xx_exti.o ABSOLUTE
    ..\\..\\Libraries\\STM32F4xx_StdPeriph_Driver\\src\\stm32f4xx_flash.c 0x00000000   Number         0  stm32f4xx_flash.o ABSOLUTE
    ..\\..\\Libraries\\STM32F4xx_StdPeriph_Driver\\src\\stm32f4xx_flash_ramfunc.c 0x00000000   Number         0  stm32f4xx_flash_ramfunc.o ABSOLUTE
    ..\\..\\Libraries\\STM32F4xx_StdPeriph_Driver\\src\\stm32f4xx_fmc.c 0x00000000   Number         0  stm32f4xx_fmc.o ABSOLUTE
    ..\\..\\Libraries\\STM32F4xx_StdPeriph_Driver\\src\\stm32f4xx_fmpi2c.c 0x00000000   Number         0  stm32f4xx_fmpi2c.o ABSOLUTE
    ..\\..\\Libraries\\STM32F4xx_StdPeriph_Driver\\src\\stm32f4xx_gpio.c 0x00000000   Number         0  stm32f4xx_gpio.o ABSOLUTE
    ..\\..\\Libraries\\STM32F4xx_StdPeriph_Driver\\src\\stm32f4xx_hash.c 0x00000000   Number         0  stm32f4xx_hash.o ABSOLUTE
    ..\\..\\Libraries\\STM32F4xx_StdPeriph_Driver\\src\\stm32f4xx_hash_md5.c 0x00000000   Number         0  stm32f4xx_hash_md5.o ABSOLUTE
    ..\\..\\Libraries\\STM32F4xx_StdPeriph_Driver\\src\\stm32f4xx_hash_sha1.c 0x00000000   Number         0  stm32f4xx_hash_sha1.o ABSOLUTE
    ..\\..\\Libraries\\STM32F4xx_StdPeriph_Driver\\src\\stm32f4xx_i2c.c 0x00000000   Number         0  stm32f4xx_i2c.o ABSOLUTE
    ..\\..\\Libraries\\STM32F4xx_StdPeriph_Driver\\src\\stm32f4xx_iwdg.c 0x00000000   Number         0  stm32f4xx_iwdg.o ABSOLUTE
    ..\\..\\Libraries\\STM32F4xx_StdPeriph_Driver\\src\\stm32f4xx_ltdc.c 0x00000000   Number         0  stm32f4xx_ltdc.o ABSOLUTE
    ..\\..\\Libraries\\STM32F4xx_StdPeriph_Driver\\src\\stm32f4xx_pwr.c 0x00000000   Number         0  stm32f4xx_pwr.o ABSOLUTE
    ..\\..\\Libraries\\STM32F4xx_StdPeriph_Driver\\src\\stm32f4xx_qspi.c 0x00000000   Number         0  stm32f4xx_qspi.o ABSOLUTE
    ..\\..\\Libraries\\STM32F4xx_StdPeriph_Driver\\src\\stm32f4xx_rcc.c 0x00000000   Number         0  stm32f4xx_rcc.o ABSOLUTE
    ..\\..\\Libraries\\STM32F4xx_StdPeriph_Driver\\src\\stm32f4xx_rng.c 0x00000000   Number         0  stm32f4xx_rng.o ABSOLUTE
    ..\\..\\Libraries\\STM32F4xx_StdPeriph_Driver\\src\\stm32f4xx_rtc.c 0x00000000   Number         0  stm32f4xx_rtc.o ABSOLUTE
    ..\\..\\Libraries\\STM32F4xx_StdPeriph_Driver\\src\\stm32f4xx_sai.c 0x00000000   Number         0  stm32f4xx_sai.o ABSOLUTE
    ..\\..\\Libraries\\STM32F4xx_StdPeriph_Driver\\src\\stm32f4xx_sdio.c 0x00000000   Number         0  stm32f4xx_sdio.o ABSOLUTE
    ..\\..\\Libraries\\STM32F4xx_StdPeriph_Driver\\src\\stm32f4xx_spdifrx.c 0x00000000   Number         0  stm32f4xx_spdifrx.o ABSOLUTE
    ..\\..\\Libraries\\STM32F4xx_StdPeriph_Driver\\src\\stm32f4xx_spi.c 0x00000000   Number         0  stm32f4xx_spi.o ABSOLUTE
    ..\\..\\Libraries\\STM32F4xx_StdPeriph_Driver\\src\\stm32f4xx_syscfg.c 0x00000000   Number         0  stm32f4xx_syscfg.o ABSOLUTE
    ..\\..\\Libraries\\STM32F4xx_StdPeriph_Driver\\src\\stm32f4xx_tim.c 0x00000000   Number         0  stm32f4xx_tim.o ABSOLUTE
    ..\\..\\Libraries\\STM32F4xx_StdPeriph_Driver\\src\\stm32f4xx_usart.c 0x00000000   Number         0  stm32f4xx_usart.o ABSOLUTE
    ..\\..\\Libraries\\STM32F4xx_StdPeriph_Driver\\src\\stm32f4xx_wwdg.c 0x00000000   Number         0  stm32f4xx_wwdg.o ABSOLUTE
    ..\\..\\User\\main.c                     0x00000000   Number         0  main.o ABSOLUTE
    ..\\..\\User\\stm32f4xx_it.c             0x00000000   Number         0  stm32f4xx_it.o ABSOLUTE
    cdrcmple.s                               0x00000000   Number         0  cdrcmple.o ABSOLUTE
    dc.s                                     0x00000000   Number         0  dc.o ABSOLUTE
    handlers.s                               0x00000000   Number         0  handlers.o ABSOLUTE
    init.s                                   0x00000000   Number         0  init.o ABSOLUTE
    RESET                                    0x08000000   Section      428  startup_stm32f429_439xx.o(RESET)
    .ARM.Collect$$$$00000000                 0x080001ac   Section        0  entry.o(.ARM.Collect$$$$00000000)
    .ARM.Collect$$$$00000001                 0x080001ac   Section        4  entry2.o(.ARM.Collect$$$$00000001)
    .ARM.Collect$$$$00000004                 0x080001b0   Section        4  entry5.o(.ARM.Collect$$$$00000004)
    .ARM.Collect$$$$00000008                 0x080001b4   Section        0  entry7b.o(.ARM.Collect$$$$00000008)
    .ARM.Collect$$$$0000000A                 0x080001b4   Section        0  entry8b.o(.ARM.Collect$$$$0000000A)
    .ARM.Collect$$$$0000000B                 0x080001b4   Section        8  entry9a.o(.ARM.Collect$$$$0000000B)
    .ARM.Collect$$$$0000000D                 0x080001bc   Section        0  entry10a.o(.ARM.Collect$$$$0000000D)
    .ARM.Collect$$$$0000000F                 0x080001bc   Section        0  entry11a.o(.ARM.Collect$$$$0000000F)
    .ARM.Collect$$$$00002712                 0x080001bc   Section        4  entry2.o(.ARM.Collect$$$$00002712)
    __lit__00000000                          0x080001bc   Data           4  entry2.o(.ARM.Collect$$$$00002712)
    .emb_text                                0x080001c0   Section      182  port.o(.emb_text)
    $v0                                      0x080001c0   Number         0  port.o(.emb_text)
    .text                                    0x08000278   Section       36  startup_stm32f429_439xx.o(.text)
    $v0                                      0x08000278   Number         0  startup_stm32f429_439xx.o(.text)
    .text                                    0x0800029c   Section        0  memcpya.o(.text)
    .text                                    0x080002c0   Section        0  uidiv.o(.text)
    .text                                    0x080002ec   Section       36  init.o(.text)
    i.AppTaskCreate                          0x08000310   Section        0  main.o(i.AppTaskCreate)
    AppTaskCreate                            0x08000311   Thumb Code   118  main.o(i.AppTaskCreate)
    i.BOARD_InitSDRAM                        0x08000428   Section        0  cpu.o(i.BOARD_InitSDRAM)
    BOARD_InitSDRAM                          0x08000429   Thumb Code   190  cpu.o(i.BOARD_InitSDRAM)
    i.BusFault_Handler                       0x080004f0   Section        0  stm32f4xx_it.o(i.BusFault_Handler)
    i.DebugMon_Handler                       0x080004f4   Section        0  stm32f4xx_it.o(i.DebugMon_Handler)
    i.GPIO_Init                              0x080004f6   Section        0  stm32f4xx_gpio.o(i.GPIO_Init)
    i.GPIO_PinAFConfig                       0x08000586   Section        0  stm32f4xx_gpio.o(i.GPIO_PinAFConfig)
    i.GPIO_ResetBits                         0x080005cc   Section        0  stm32f4xx_gpio.o(i.GPIO_ResetBits)
    i.GPIO_SetBits                           0x080005d0   Section        0  stm32f4xx_gpio.o(i.GPIO_SetBits)
    i.GUI_Task                               0x080005d4   Section        0  main.o(i.GUI_Task)
    GUI_Task                                 0x080005d5   Thumb Code    12  main.o(i.GUI_Task)
    i.HardFault_Handler                      0x080005e0   Section        0  stm32f4xx_it.o(i.HardFault_Handler)
    i.LCD_Clear                              0x080005e4   Section        0  lcd.o(i.LCD_Clear)
    LCD_Clear                                0x080005e5   Thumb Code    12  lcd.o(i.LCD_Clear)
    i.LCD_Display_Dir                        0x080005f0   Section        0  lcd.o(i.LCD_Display_Dir)
    LCD_Display_Dir                          0x080005f1   Thumb Code    54  lcd.o(i.LCD_Display_Dir)
    i.LTDC_Clear                             0x08000630   Section        0  lcd.o(i.LTDC_Clear)
    LTDC_Clear                               0x08000631   Thumb Code    32  lcd.o(i.LTDC_Clear)
    i.LTDC_Clk_Set                           0x08000654   Section        0  lcd.o(i.LTDC_Clk_Set)
    LTDC_Clk_Set                             0x08000655   Thumb Code   148  lcd.o(i.LTDC_Clk_Set)
    i.LTDC_Fill                              0x080006ec   Section        0  lcd.o(i.LTDC_Fill)
    LTDC_Fill                                0x080006ed   Thumb Code   312  lcd.o(i.LTDC_Fill)
    i.LTDC_Layer_Parameter_Config            0x08000834   Section        0  lcd.o(i.LTDC_Layer_Parameter_Config)
    LTDC_Layer_Parameter_Config              0x08000835   Thumb Code   132  lcd.o(i.LTDC_Layer_Parameter_Config)
    i.LTDC_Layer_Switch                      0x080008bc   Section        0  lcd.o(i.LTDC_Layer_Switch)
    LTDC_Layer_Switch                        0x080008bd   Thumb Code    90  lcd.o(i.LTDC_Layer_Switch)
    i.LTDC_Layer_Window_Config               0x0800091c   Section        0  lcd.o(i.LTDC_Layer_Window_Config)
    LTDC_Layer_Window_Config                 0x0800091d   Thumb Code   304  lcd.o(i.LTDC_Layer_Window_Config)
    i.Main_Task                              0x08000a54   Section        0  main.o(i.Main_Task)
    Main_Task                                0x08000a55   Thumb Code    18  main.o(i.Main_Task)
    i.MemManage_Handler                      0x08000a66   Section        0  stm32f4xx_it.o(i.MemManage_Handler)
    i.NMI_Handler                            0x08000a6a   Section        0  stm32f4xx_it.o(i.NMI_Handler)
    i.NVIC_Configuration                     0x08000a6c   Section        0  cpu.o(i.NVIC_Configuration)
    NVIC_Configuration                       0x08000a6d   Thumb Code    64  cpu.o(i.NVIC_Configuration)
    i.NVIC_Init                              0x08000aac   Section        0  misc.o(i.NVIC_Init)
    i.NVIC_PriorityGroupConfig               0x08000b24   Section        0  misc.o(i.NVIC_PriorityGroupConfig)
    i.RCC_AHB1PeriphClockCmd                 0x08000b38   Section        0  stm32f4xx_rcc.o(i.RCC_AHB1PeriphClockCmd)
    i.RCC_APB1PeriphClockCmd                 0x08000b58   Section        0  stm32f4xx_rcc.o(i.RCC_APB1PeriphClockCmd)
    i.RCC_APB2PeriphClockCmd                 0x08000b78   Section        0  stm32f4xx_rcc.o(i.RCC_APB2PeriphClockCmd)
    i.RCC_Configuration                      0x08000b98   Section        0  cpu.o(i.RCC_Configuration)
    RCC_Configuration                        0x08000b99   Thumb Code   110  cpu.o(i.RCC_Configuration)
    i.RCC_GetClocksFreq                      0x08000c08   Section        0  stm32f4xx_rcc.o(i.RCC_GetClocksFreq)
    i.SDRAM_Send_Cmd                         0x08000cf0   Section        0  cpu.o(i.SDRAM_Send_Cmd)
    SDRAM_Send_Cmd                           0x08000cf1   Thumb Code    66  cpu.o(i.SDRAM_Send_Cmd)
    i.SDRAM_delay                            0x08000d38   Section        0  cpu.o(i.SDRAM_delay)
    SDRAM_delay                              0x08000d39   Thumb Code    34  cpu.o(i.SDRAM_delay)
    i.SetSysClock                            0x08000d5c   Section        0  system_stm32f4xx.o(i.SetSysClock)
    SetSysClock                              0x08000d5d   Thumb Code   272  system_stm32f4xx.o(i.SetSysClock)
    i.SysTick_Handler                        0x08000e7c   Section        0  stm32f4xx_it.o(i.SysTick_Handler)
    i.SystemInit                             0x08000e8c   Section        0  system_stm32f4xx.o(i.SystemInit)
    i.Tick_Task                              0x08000ef4   Section        0  main.o(i.Tick_Task)
    Tick_Task                                0x08000ef5   Thumb Code    14  main.o(i.Tick_Task)
    i.USART_Cmd                              0x08000f02   Section        0  stm32f4xx_usart.o(i.USART_Cmd)
    i.USART_GetFlagStatus                    0x08000f1a   Section        0  stm32f4xx_usart.o(i.USART_GetFlagStatus)
    i.USART_ITConfig                         0x08000f34   Section        0  stm32f4xx_usart.o(i.USART_ITConfig)
    i.USART_Init                             0x08000f80   Section        0  stm32f4xx_usart.o(i.USART_Init)
    i.USART_SendData                         0x08001054   Section        0  stm32f4xx_usart.o(i.USART_SendData)
    i.UsageFault_Handler                     0x0800105c   Section        0  stm32f4xx_it.o(i.UsageFault_Handler)
    i.__0printf$3                            0x08001060   Section        0  printf3.o(i.__0printf$3)
    i.__scatterload_copy                     0x08001080   Section       14  handlers.o(i.__scatterload_copy)
    i.__scatterload_null                     0x0800108e   Section        2  handlers.o(i.__scatterload_null)
    i.__scatterload_zeroinit                 0x08001090   Section       14  handlers.o(i.__scatterload_zeroinit)
    i._printf_core                           0x080010a0   Section        0  printf3.o(i._printf_core)
    _printf_core                             0x080010a1   Thumb Code   436  printf3.o(i._printf_core)
    i.fputc                                  0x08001258   Section        0  cpu.o(i.fputc)
    i.hardwareInit                           0x0800127c   Section        0  cpu.o(i.hardwareInit)
    i.initLCD                                0x080012a4   Section        0  lcd.o(i.initLCD)
    i.initPort                               0x08001428   Section        0  cpu.o(i.initPort)
    initPort                                 0x08001429   Thumb Code   712  cpu.o(i.initPort)
    i.initPrintUart                          0x0800170c   Section        0  cpu.o(i.initPrintUart)
    initPrintUart                            0x0800170d   Thumb Code    60  cpu.o(i.initPrintUart)
    i.initSDRAM                              0x0800174c   Section        0  cpu.o(i.initSDRAM)
    initSDRAM                                0x0800174d   Thumb Code   926  cpu.o(i.initSDRAM)
    i.main                                   0x08001b00   Section        0  main.o(i.main)
    i.prvAddCurrentTaskToDelayedList         0x08001b80   Section        0  tasks.o(i.prvAddCurrentTaskToDelayedList)
    prvAddCurrentTaskToDelayedList           0x08001b81   Thumb Code   124  tasks.o(i.prvAddCurrentTaskToDelayedList)
    i.prvAddNewTaskToReadyList               0x08001c18   Section        0  tasks.o(i.prvAddNewTaskToReadyList)
    prvAddNewTaskToReadyList                 0x08001c19   Thumb Code   150  tasks.o(i.prvAddNewTaskToReadyList)
    i.prvCheckForValidListAndQueue           0x08001ccc   Section        0  timers.o(i.prvCheckForValidListAndQueue)
    prvCheckForValidListAndQueue             0x08001ccd   Thumb Code    72  timers.o(i.prvCheckForValidListAndQueue)
    i.prvCheckTasksWaitingTermination        0x08001d30   Section        0  tasks.o(i.prvCheckTasksWaitingTermination)
    prvCheckTasksWaitingTermination          0x08001d31   Thumb Code    86  tasks.o(i.prvCheckTasksWaitingTermination)
    i.prvCopyDataFromQueue                   0x08001d94   Section        0  queue.o(i.prvCopyDataFromQueue)
    prvCopyDataFromQueue                     0x08001d95   Thumb Code    42  queue.o(i.prvCopyDataFromQueue)
    i.prvCopyDataToQueue                     0x08001dbe   Section        0  queue.o(i.prvCopyDataToQueue)
    prvCopyDataToQueue                       0x08001dbf   Thumb Code   124  queue.o(i.prvCopyDataToQueue)
    i.prvDeleteTCB                           0x08001e3a   Section        0  tasks.o(i.prvDeleteTCB)
    prvDeleteTCB                             0x08001e3b   Thumb Code    18  tasks.o(i.prvDeleteTCB)
    i.prvGetNextExpireTime                   0x08001e4c   Section        0  timers.o(i.prvGetNextExpireTime)
    prvGetNextExpireTime                     0x08001e4d   Thumb Code    36  timers.o(i.prvGetNextExpireTime)
    i.prvHeapInit                            0x08001e74   Section        0  heap_4.o(i.prvHeapInit)
    prvHeapInit                              0x08001e75   Thumb Code    98  heap_4.o(i.prvHeapInit)
    i.prvIdleTask                            0x08001ef0   Section        0  tasks.o(i.prvIdleTask)
    prvIdleTask                              0x08001ef1   Thumb Code    32  tasks.o(i.prvIdleTask)
    i.prvInitialiseNewQueue                  0x08001f18   Section        0  queue.o(i.prvInitialiseNewQueue)
    prvInitialiseNewQueue                    0x08001f19   Thumb Code    38  queue.o(i.prvInitialiseNewQueue)
    i.prvInitialiseNewTask                   0x08001f40   Section        0  tasks.o(i.prvInitialiseNewTask)
    prvInitialiseNewTask                     0x08001f41   Thumb Code   160  tasks.o(i.prvInitialiseNewTask)
    i.prvInitialiseTaskLists                 0x0800200c   Section        0  tasks.o(i.prvInitialiseTaskLists)
    prvInitialiseTaskLists                   0x0800200d   Thumb Code    70  tasks.o(i.prvInitialiseTaskLists)
    i.prvInsertBlockIntoFreeList             0x08002074   Section        0  heap_4.o(i.prvInsertBlockIntoFreeList)
    prvInsertBlockIntoFreeList               0x08002075   Thumb Code    96  heap_4.o(i.prvInsertBlockIntoFreeList)
    i.prvInsertTimerInActiveList             0x080020dc   Section        0  timers.o(i.prvInsertTimerInActiveList)
    prvInsertTimerInActiveList               0x080020dd   Thumb Code    80  timers.o(i.prvInsertTimerInActiveList)
    i.prvIsQueueEmpty                        0x08002134   Section        0  queue.o(i.prvIsQueueEmpty)
    prvIsQueueEmpty                          0x08002135   Thumb Code    26  queue.o(i.prvIsQueueEmpty)
    i.prvIsQueueFull                         0x0800214e   Section        0  queue.o(i.prvIsQueueFull)
    prvIsQueueFull                           0x0800214f   Thumb Code    30  queue.o(i.prvIsQueueFull)
    i.prvProcessExpiredTimer                 0x0800216c   Section        0  timers.o(i.prvProcessExpiredTimer)
    prvProcessExpiredTimer                   0x0800216d   Thumb Code    84  timers.o(i.prvProcessExpiredTimer)
    i.prvProcessReceivedCommands             0x080021f0   Section        0  timers.o(i.prvProcessReceivedCommands)
    prvProcessReceivedCommands               0x080021f1   Thumb Code   222  timers.o(i.prvProcessReceivedCommands)
    i.prvProcessTimerOrBlockTask             0x08002300   Section        0  timers.o(i.prvProcessTimerOrBlockTask)
    prvProcessTimerOrBlockTask               0x08002301   Thumb Code   102  timers.o(i.prvProcessTimerOrBlockTask)
    i.prvResetNextTaskUnblockTime            0x08002374   Section        0  tasks.o(i.prvResetNextTaskUnblockTime)
    prvResetNextTaskUnblockTime              0x08002375   Thumb Code    42  tasks.o(i.prvResetNextTaskUnblockTime)
    i.prvSampleTimeNow                       0x080023a8   Section        0  timers.o(i.prvSampleTimeNow)
    prvSampleTimeNow                         0x080023a9   Thumb Code    40  timers.o(i.prvSampleTimeNow)
    i.prvSwitchTimerLists                    0x080023d4   Section        0  timers.o(i.prvSwitchTimerLists)
    prvSwitchTimerLists                      0x080023d5   Thumb Code   140  timers.o(i.prvSwitchTimerLists)
    i.prvTaskExitError                       0x08002494   Section        0  port.o(i.prvTaskExitError)
    prvTaskExitError                         0x08002495   Thumb Code    50  port.o(i.prvTaskExitError)
    i.prvTimerTask                           0x08002508   Section        0  timers.o(i.prvTimerTask)
    prvTimerTask                             0x08002509   Thumb Code    26  timers.o(i.prvTimerTask)
    i.prvUnlockQueue                         0x08002522   Section        0  queue.o(i.prvUnlockQueue)
    prvUnlockQueue                           0x08002523   Thumb Code   126  queue.o(i.prvUnlockQueue)
    i.pvPortMalloc                           0x080025a0   Section        0  heap_4.o(i.pvPortMalloc)
    i.pvTaskIncrementMutexHeldCount          0x080026f4   Section        0  tasks.o(i.pvTaskIncrementMutexHeldCount)
    i.pxPortInitialiseStack                  0x08002714   Section        0  port.o(i.pxPortInitialiseStack)
    i.setBlLedZt                             0x08002740   Section        0  cpu.o(i.setBlLedZt)
    i.setSystemLedZt                         0x08002760   Section        0  cpu.o(i.setSystemLedZt)
    i.systemRunLedTimer_ISR                  0x0800276c   Section        0  cpu.o(i.systemRunLedTimer_ISR)
    i.uxListRemove                           0x080027a8   Section        0  list.o(i.uxListRemove)
    i.vListInitialise                        0x080027d0   Section        0  list.o(i.vListInitialise)
    i.vListInitialiseItem                    0x080027ea   Section        0  list.o(i.vListInitialiseItem)
    i.vListInsert                            0x080027f0   Section        0  list.o(i.vListInsert)
    i.vListInsertEnd                         0x08002824   Section        0  list.o(i.vListInsertEnd)
    i.vPortEnterCritical                     0x0800283c   Section        0  port.o(i.vPortEnterCritical)
    i.vPortExitCritical                      0x080028c4   Section        0  port.o(i.vPortExitCritical)
    i.vPortFree                              0x08002934   Section        0  heap_4.o(i.vPortFree)
    i.vPortSetupTimerInterrupt               0x080029ec   Section        0  port.o(i.vPortSetupTimerInterrupt)
    i.vPortValidateInterruptPriority         0x08002a0c   Section        0  port.o(i.vPortValidateInterruptPriority)
    i.vQueueAddToRegistry                    0x08002aac   Section        0  queue.o(i.vQueueAddToRegistry)
    i.vQueueWaitForMessageRestricted         0x08002ad8   Section        0  queue.o(i.vQueueWaitForMessageRestricted)
    i.vTaskDelay                             0x08002b24   Section        0  tasks.o(i.vTaskDelay)
    i.vTaskDelete                            0x08002ba0   Section        0  tasks.o(i.vTaskDelete)
    i.vTaskMissedYield                       0x08002cb4   Section        0  tasks.o(i.vTaskMissedYield)
    i.vTaskPlaceOnEventList                  0x08002cc0   Section        0  tasks.o(i.vTaskPlaceOnEventList)
    i.vTaskPlaceOnEventListRestricted        0x08002d1c   Section        0  tasks.o(i.vTaskPlaceOnEventListRestricted)
    i.vTaskPriorityInherit                   0x08002d80   Section        0  tasks.o(i.vTaskPriorityInherit)
    i.vTaskSetTimeOutState                   0x08002e30   Section        0  tasks.o(i.vTaskSetTimeOutState)
    i.vTaskStartScheduler                    0x08002e84   Section        0  tasks.o(i.vTaskStartScheduler)
    i.vTaskSuspendAll                        0x08002f38   Section        0  tasks.o(i.vTaskSuspendAll)
    i.vTaskSwitchContext                     0x08002f48   Section        0  tasks.o(i.vTaskSwitchContext)
    i.xPortStartScheduler                    0x08002ff8   Section        0  port.o(i.xPortStartScheduler)
    i.xPortSysTickHandler                    0x08003154   Section        0  port.o(i.xPortSysTickHandler)
    i.xQueueGenericCreate                    0x08003188   Section        0  queue.o(i.xQueueGenericCreate)
    i.xQueueGenericReceive                   0x08003204   Section        0  queue.o(i.xQueueGenericReceive)
    i.xQueueGenericReset                     0x080033d4   Section        0  queue.o(i.xQueueGenericReset)
    i.xQueueGenericSend                      0x0800348c   Section        0  queue.o(i.xQueueGenericSend)
    i.xQueueGenericSendFromISR               0x08003638   Section        0  queue.o(i.xQueueGenericSendFromISR)
    i.xTaskCheckForTimeOut                   0x08003740   Section        0  tasks.o(i.xTaskCheckForTimeOut)
    i.xTaskCreate                            0x080037e8   Section        0  tasks.o(i.xTaskCreate)
    i.xTaskGetSchedulerState                 0x08003848   Section        0  tasks.o(i.xTaskGetSchedulerState)
    i.xTaskGetTickCount                      0x08003868   Section        0  tasks.o(i.xTaskGetTickCount)
    i.xTaskIncrementTick                     0x08003874   Section        0  tasks.o(i.xTaskIncrementTick)
    i.xTaskPriorityDisinherit                0x080039dc   Section        0  tasks.o(i.xTaskPriorityDisinherit)
    i.xTaskRemoveFromEventList               0x08003abc   Section        0  tasks.o(i.xTaskRemoveFromEventList)
    i.xTaskResumeAll                         0x08003b78   Section        0  tasks.o(i.xTaskResumeAll)
    i.xTimerCreateTimerTask                  0x08003ca0   Section        0  timers.o(i.xTimerCreateTimerTask)
    i.xTimerGenericCommand                   0x08003d18   Section        0  timers.o(i.xTimerGenericCommand)
    .data                                    0x20000000   Section       16  stm32f4xx_rcc.o(.data)
    APBAHBPrescTable                         0x20000000   Data          16  stm32f4xx_rcc.o(.data)
    .data                                    0x20000010   Section       24  heap_4.o(.data)
    xStart                                   0x20000010   Data           8  heap_4.o(.data)
    pxEnd                                    0x20000018   Data           4  heap_4.o(.data)
    xFreeBytesRemaining                      0x2000001c   Data           4  heap_4.o(.data)
    xMinimumEverFreeBytesRemaining           0x20000020   Data           4  heap_4.o(.data)
    xBlockAllocatedBit                       0x20000024   Data           4  heap_4.o(.data)
    .data                                    0x20000028   Section       12  port.o(.data)
    uxCriticalNesting                        0x20000028   Data           4  port.o(.data)
    ucMaxSysCallPriority                     0x2000002c   Data           1  port.o(.data)
    ulMaxPRIGROUPValue                       0x20000030   Data           4  port.o(.data)
    .data                                    0x20000034   Section       60  tasks.o(.data)
    pxDelayedTaskList                        0x20000038   Data           4  tasks.o(.data)
    pxOverflowDelayedTaskList                0x2000003c   Data           4  tasks.o(.data)
    uxDeletedTasksWaitingCleanUp             0x20000040   Data           4  tasks.o(.data)
    uxCurrentNumberOfTasks                   0x20000044   Data           4  tasks.o(.data)
    xTickCount                               0x20000048   Data           4  tasks.o(.data)
    uxTopReadyPriority                       0x2000004c   Data           4  tasks.o(.data)
    xSchedulerRunning                        0x20000050   Data           4  tasks.o(.data)
    uxPendedTicks                            0x20000054   Data           4  tasks.o(.data)
    xYieldPending                            0x20000058   Data           4  tasks.o(.data)
    xNumOfOverflows                          0x2000005c   Data           4  tasks.o(.data)
    uxTaskNumber                             0x20000060   Data           4  tasks.o(.data)
    xNextTaskUnblockTime                     0x20000064   Data           4  tasks.o(.data)
    xIdleTaskHandle                          0x20000068   Data           4  tasks.o(.data)
    uxSchedulerSuspended                     0x2000006c   Data           4  tasks.o(.data)
    .data                                    0x20000070   Section       20  timers.o(.data)
    pxCurrentTimerList                       0x20000070   Data           4  timers.o(.data)
    pxOverflowTimerList                      0x20000074   Data           4  timers.o(.data)
    xTimerQueue                              0x20000078   Data           4  timers.o(.data)
    xTimerTaskHandle                         0x2000007c   Data           4  timers.o(.data)
    xLastTime                                0x20000080   Data           4  timers.o(.data)
    .data                                    0x20000084   Section       20  system_stm32f4xx.o(.data)
    .data                                    0x20000098   Section       16  main.o(.data)
    AppTaskCreate_Handle                     0x20000098   Data           4  main.o(.data)
    Main_Task_Handle                         0x2000009c   Data           4  main.o(.data)
    Tick_Task_Handle                         0x200000a0   Data           4  main.o(.data)
    GUI_Task_Handle                          0x200000a4   Data           4  main.o(.data)
    .data                                    0x200000a8   Section        4  cpu.o(.data)
    p_SystemRunLedState                      0x200000a8   Data           1  cpu.o(.data)
    s_State                                  0x200000aa   Data           2  cpu.o(.data)
    .data                                    0x200000ac   Section       14  lcd.o(.data)
    .data                                    0x200000bc   Section        4  stdout.o(.data)
    .bss                                     0x200000c0   Section    36864  heap_4.o(.bss)
    ucHeap                                   0x200000c0   Data       36864  heap_4.o(.bss)
    .bss                                     0x200090c0   Section       80  queue.o(.bss)
    .bss                                     0x20009110   Section      740  tasks.o(.bss)
    pxReadyTasksLists                        0x20009110   Data         640  tasks.o(.bss)
    xDelayedTaskList1                        0x20009390   Data          20  tasks.o(.bss)
    xDelayedTaskList2                        0x200093a4   Data          20  tasks.o(.bss)
    xPendingReadyList                        0x200093b8   Data          20  tasks.o(.bss)
    xTasksWaitingTermination                 0x200093cc   Data          20  tasks.o(.bss)
    xSuspendedTaskList                       0x200093e0   Data          20  tasks.o(.bss)
    .bss                                     0x200093f4   Section       40  timers.o(.bss)
    xActiveTimerList1                        0x200093f4   Data          20  timers.o(.bss)
    xActiveTimerList2                        0x20009408   Data          20  timers.o(.bss)
    .bss                                     0x2000941c   Section       32  lcd.o(.bss)
    STACK                                    0x20009440   Section     2048  startup_stm32f429_439xx.o(STACK)
    .ARM.__AT_0xC0000000                     0xc0000000   Section    2048000  lcd.o(.ARM.__AT_0xC0000000)
    .ARM.__AT_0xC1000000                     0xc1000000   Section    20000  main.o(.ARM.__AT_0xC1000000)
    testsram                                 0xc1000000   Data       20000  main.o(.ARM.__AT_0xC1000000)

    Global Symbols

    Symbol Name                              Value     Ov Type        Size  Object(Section)

    BuildAttributes$$THM_ISAv4$E$P$D$K$B$S$7EM$VFPi3$EXTD16$VFPS$VFMA$PE$A:L22UL41UL21$X:L11$S22US41US21$IEEE1$IW$USESV6$~STKCKD$USESV7$~SHL$OSPACE$ROPI$EBA8$MICROLIB$REQ8$PRES8$EABIv2 0x00000000   Number         0  anon$$obj.o ABSOLUTE
    __ARM_use_no_argv                        0x00000000   Number         0  main.o ABSOLUTE
    _printf_a                                0x00000000   Number         0  stubs.o ABSOLUTE
    _printf_c                                0x00000000   Number         0  stubs.o ABSOLUTE
    _printf_charcount                        0x00000000   Number         0  stubs.o ABSOLUTE
    _printf_d                                0x00000000   Number         0  stubs.o ABSOLUTE
    _printf_e                                0x00000000   Number         0  stubs.o ABSOLUTE
    _printf_f                                0x00000000   Number         0  stubs.o ABSOLUTE
    _printf_flags                            0x00000000   Number         0  stubs.o ABSOLUTE
    _printf_fp_dec                           0x00000000   Number         0  stubs.o ABSOLUTE
    _printf_fp_hex                           0x00000000   Number         0  stubs.o ABSOLUTE
    _printf_g                                0x00000000   Number         0  stubs.o ABSOLUTE
    _printf_i                                0x00000000   Number         0  stubs.o ABSOLUTE
    _printf_int_dec                          0x00000000   Number         0  stubs.o ABSOLUTE
    _printf_l                                0x00000000   Number         0  stubs.o ABSOLUTE
    _printf_lc                               0x00000000   Number         0  stubs.o ABSOLUTE
    _printf_ll                               0x00000000   Number         0  stubs.o ABSOLUTE
    _printf_lld                              0x00000000   Number         0  stubs.o ABSOLUTE
    _printf_lli                              0x00000000   Number         0  stubs.o ABSOLUTE
    _printf_llo                              0x00000000   Number         0  stubs.o ABSOLUTE
    _printf_llu                              0x00000000   Number         0  stubs.o ABSOLUTE
    _printf_llx                              0x00000000   Number         0  stubs.o ABSOLUTE
    _printf_longlong_dec                     0x00000000   Number         0  stubs.o ABSOLUTE
    _printf_longlong_hex                     0x00000000   Number         0  stubs.o ABSOLUTE
    _printf_longlong_oct                     0x00000000   Number         0  stubs.o ABSOLUTE
    _printf_ls                               0x00000000   Number         0  stubs.o ABSOLUTE
    _printf_mbtowc                           0x00000000   Number         0  stubs.o ABSOLUTE
    _printf_n                                0x00000000   Number         0  stubs.o ABSOLUTE
    _printf_o                                0x00000000   Number         0  stubs.o ABSOLUTE
    _printf_p                                0x00000000   Number         0  stubs.o ABSOLUTE
    _printf_percent                          0x00000000   Number         0  stubs.o ABSOLUTE
    _printf_pre_padding                      0x00000000   Number         0  stubs.o ABSOLUTE
    _printf_return_value                     0x00000000   Number         0  stubs.o ABSOLUTE
    _printf_s                                0x00000000   Number         0  stubs.o ABSOLUTE
    _printf_sizespec                         0x00000000   Number         0  stubs.o ABSOLUTE
    _printf_str                              0x00000000   Number         0  stubs.o ABSOLUTE
    _printf_truncate_signed                  0x00000000   Number         0  stubs.o ABSOLUTE
    _printf_truncate_unsigned                0x00000000   Number         0  stubs.o ABSOLUTE
    _printf_u                                0x00000000   Number         0  stubs.o ABSOLUTE
    _printf_wc                               0x00000000   Number         0  stubs.o ABSOLUTE
    _printf_wctomb                           0x00000000   Number         0  stubs.o ABSOLUTE
    _printf_widthprec                        0x00000000   Number         0  stubs.o ABSOLUTE
    _printf_x                                0x00000000   Number         0  stubs.o ABSOLUTE
    __cpp_initialize__aeabi_                  - Undefined Weak Reference
    __cxa_finalize                            - Undefined Weak Reference
    __decompress                              - Undefined Weak Reference
    _clock_init                               - Undefined Weak Reference
    _microlib_exit                            - Undefined Weak Reference
    __Vectors_Size                           0x000001ac   Number         0  startup_stm32f429_439xx.o ABSOLUTE
    __Vectors                                0x08000000   Data           4  startup_stm32f429_439xx.o(RESET)
    __Vectors_End                            0x080001ac   Data           0  startup_stm32f429_439xx.o(RESET)
    __main                                   0x080001ad   Thumb Code     0  entry.o(.ARM.Collect$$$$00000000)
    _main_stk                                0x080001ad   Thumb Code     0  entry2.o(.ARM.Collect$$$$00000001)
    _main_scatterload                        0x080001b1   Thumb Code     0  entry5.o(.ARM.Collect$$$$00000004)
    __main_after_scatterload                 0x080001b5   Thumb Code     0  entry5.o(.ARM.Collect$$$$00000004)
    _main_clock                              0x080001b5   Thumb Code     0  entry7b.o(.ARM.Collect$$$$00000008)
    _main_cpp_init                           0x080001b5   Thumb Code     0  entry8b.o(.ARM.Collect$$$$0000000A)
    _main_init                               0x080001b5   Thumb Code     0  entry9a.o(.ARM.Collect$$$$0000000B)
    __rt_final_cpp                           0x080001bd   Thumb Code     0  entry10a.o(.ARM.Collect$$$$0000000D)
    __rt_final_exit                          0x080001bd   Thumb Code     0  entry11a.o(.ARM.Collect$$$$0000000F)
    SVC_Handler                              0x080001c1   Thumb Code    28  port.o(.emb_text)
    __asm___6_port_c_39a90d8d__prvStartFirstTask 0x080001e1   Thumb Code    28  port.o(.emb_text)
    __asm___6_port_c_39a90d8d__prvEnableVFP  0x08000201   Thumb Code    16  port.o(.emb_text)
    PendSV_Handler                           0x08000215   Thumb Code    88  port.o(.emb_text)
    vPortGetIPSR                             0x08000271   Thumb Code     6  port.o(.emb_text)
    Reset_Handler                            0x08000279   Thumb Code     8  startup_stm32f429_439xx.o(.text)
    ADC_IRQHandler                           0x08000293   Thumb Code     0  startup_stm32f429_439xx.o(.text)
    CAN1_RX0_IRQHandler                      0x08000293   Thumb Code     0  startup_stm32f429_439xx.o(.text)
    CAN1_RX1_IRQHandler                      0x08000293   Thumb Code     0  startup_stm32f429_439xx.o(.text)
    CAN1_SCE_IRQHandler                      0x08000293   Thumb Code     0  startup_stm32f429_439xx.o(.text)
    CAN1_TX_IRQHandler                       0x08000293   Thumb Code     0  startup_stm32f429_439xx.o(.text)
    CAN2_RX0_IRQHandler                      0x08000293   Thumb Code     0  startup_stm32f429_439xx.o(.text)
    CAN2_RX1_IRQHandler                      0x08000293   Thumb Code     0  startup_stm32f429_439xx.o(.text)
    CAN2_SCE_IRQHandler                      0x08000293   Thumb Code     0  startup_stm32f429_439xx.o(.text)
    CAN2_TX_IRQHandler                       0x08000293   Thumb Code     0  startup_stm32f429_439xx.o(.text)
    CRYP_IRQHandler                          0x08000293   Thumb Code     0  startup_stm32f429_439xx.o(.text)
    DCMI_IRQHandler                          0x08000293   Thumb Code     0  startup_stm32f429_439xx.o(.text)
    DMA1_Stream0_IRQHandler                  0x08000293   Thumb Code     0  startup_stm32f429_439xx.o(.text)
    DMA1_Stream1_IRQHandler                  0x08000293   Thumb Code     0  startup_stm32f429_439xx.o(.text)
    DMA1_Stream2_IRQHandler                  0x08000293   Thumb Code     0  startup_stm32f429_439xx.o(.text)
    DMA1_Stream3_IRQHandler                  0x08000293   Thumb Code     0  startup_stm32f429_439xx.o(.text)
    DMA1_Stream4_IRQHandler                  0x08000293   Thumb Code     0  startup_stm32f429_439xx.o(.text)
    DMA1_Stream5_IRQHandler                  0x08000293   Thumb Code     0  startup_stm32f429_439xx.o(.text)
    DMA1_Stream6_IRQHandler                  0x08000293   Thumb Code     0  startup_stm32f429_439xx.o(.text)
    DMA1_Stream7_IRQHandler                  0x08000293   Thumb Code     0  startup_stm32f429_439xx.o(.text)
    DMA2D_IRQHandler                         0x08000293   Thumb Code     0  startup_stm32f429_439xx.o(.text)
    DMA2_Stream0_IRQHandler                  0x08000293   Thumb Code     0  startup_stm32f429_439xx.o(.text)
    DMA2_Stream1_IRQHandler                  0x08000293   Thumb Code     0  startup_stm32f429_439xx.o(.text)
    DMA2_Stream2_IRQHandler                  0x08000293   Thumb Code     0  startup_stm32f429_439xx.o(.text)
    DMA2_Stream3_IRQHandler                  0x08000293   Thumb Code     0  startup_stm32f429_439xx.o(.text)
    DMA2_Stream4_IRQHandler                  0x08000293   Thumb Code     0  startup_stm32f429_439xx.o(.text)
    DMA2_Stream5_IRQHandler                  0x08000293   Thumb Code     0  startup_stm32f429_439xx.o(.text)
    DMA2_Stream6_IRQHandler                  0x08000293   Thumb Code     0  startup_stm32f429_439xx.o(.text)
    DMA2_Stream7_IRQHandler                  0x08000293   Thumb Code     0  startup_stm32f429_439xx.o(.text)
    ETH_IRQHandler                           0x08000293   Thumb Code     0  startup_stm32f429_439xx.o(.text)
    ETH_WKUP_IRQHandler                      0x08000293   Thumb Code     0  startup_stm32f429_439xx.o(.text)
    EXTI0_IRQHandler                         0x08000293   Thumb Code     0  startup_stm32f429_439xx.o(.text)
    EXTI15_10_IRQHandler                     0x08000293   Thumb Code     0  startup_stm32f429_439xx.o(.text)
    EXTI1_IRQHandler                         0x08000293   Thumb Code     0  startup_stm32f429_439xx.o(.text)
    EXTI2_IRQHandler                         0x08000293   Thumb Code     0  startup_stm32f429_439xx.o(.text)
    EXTI3_IRQHandler                         0x08000293   Thumb Code     0  startup_stm32f429_439xx.o(.text)
    EXTI4_IRQHandler                         0x08000293   Thumb Code     0  startup_stm32f429_439xx.o(.text)
    EXTI9_5_IRQHandler                       0x08000293   Thumb Code     0  startup_stm32f429_439xx.o(.text)
    FLASH_IRQHandler                         0x08000293   Thumb Code     0  startup_stm32f429_439xx.o(.text)
    FMC_IRQHandler                           0x08000293   Thumb Code     0  startup_stm32f429_439xx.o(.text)
    FPU_IRQHandler                           0x08000293   Thumb Code     0  startup_stm32f429_439xx.o(.text)
    HASH_RNG_IRQHandler                      0x08000293   Thumb Code     0  startup_stm32f429_439xx.o(.text)
    I2C1_ER_IRQHandler                       0x08000293   Thumb Code     0  startup_stm32f429_439xx.o(.text)
    I2C1_EV_IRQHandler                       0x08000293   Thumb Code     0  startup_stm32f429_439xx.o(.text)
    I2C2_ER_IRQHandler                       0x08000293   Thumb Code     0  startup_stm32f429_439xx.o(.text)
    I2C2_EV_IRQHandler                       0x08000293   Thumb Code     0  startup_stm32f429_439xx.o(.text)
    I2C3_ER_IRQHandler                       0x08000293   Thumb Code     0  startup_stm32f429_439xx.o(.text)
    I2C3_EV_IRQHandler                       0x08000293   Thumb Code     0  startup_stm32f429_439xx.o(.text)
    LTDC_ER_IRQHandler                       0x08000293   Thumb Code     0  startup_stm32f429_439xx.o(.text)
    LTDC_IRQHandler                          0x08000293   Thumb Code     0  startup_stm32f429_439xx.o(.text)
    OTG_FS_IRQHandler                        0x08000293   Thumb Code     0  startup_stm32f429_439xx.o(.text)
    OTG_FS_WKUP_IRQHandler                   0x08000293   Thumb Code     0  startup_stm32f429_439xx.o(.text)
    OTG_HS_EP1_IN_IRQHandler                 0x08000293   Thumb Code     0  startup_stm32f429_439xx.o(.text)
    OTG_HS_EP1_OUT_IRQHandler                0x08000293   Thumb Code     0  startup_stm32f429_439xx.o(.text)
    OTG_HS_IRQHandler                        0x08000293   Thumb Code     0  startup_stm32f429_439xx.o(.text)
    OTG_HS_WKUP_IRQHandler                   0x08000293   Thumb Code     0  startup_stm32f429_439xx.o(.text)
    PVD_IRQHandler                           0x08000293   Thumb Code     0  startup_stm32f429_439xx.o(.text)
    RCC_IRQHandler                           0x08000293   Thumb Code     0  startup_stm32f429_439xx.o(.text)
    RTC_Alarm_IRQHandler                     0x08000293   Thumb Code     0  startup_stm32f429_439xx.o(.text)
    RTC_WKUP_IRQHandler                      0x08000293   Thumb Code     0  startup_stm32f429_439xx.o(.text)
    SAI1_IRQHandler                          0x08000293   Thumb Code     0  startup_stm32f429_439xx.o(.text)
    SDIO_IRQHandler                          0x08000293   Thumb Code     0  startup_stm32f429_439xx.o(.text)
    SPI1_IRQHandler                          0x08000293   Thumb Code     0  startup_stm32f429_439xx.o(.text)
    SPI2_IRQHandler                          0x08000293   Thumb Code     0  startup_stm32f429_439xx.o(.text)
    SPI3_IRQHandler                          0x08000293   Thumb Code     0  startup_stm32f429_439xx.o(.text)
    SPI4_IRQHandler                          0x08000293   Thumb Code     0  startup_stm32f429_439xx.o(.text)
    SPI5_IRQHandler                          0x08000293   Thumb Code     0  startup_stm32f429_439xx.o(.text)
    SPI6_IRQHandler                          0x08000293   Thumb Code     0  startup_stm32f429_439xx.o(.text)
    TAMP_STAMP_IRQHandler                    0x08000293   Thumb Code     0  startup_stm32f429_439xx.o(.text)
    TIM1_BRK_TIM9_IRQHandler                 0x08000293   Thumb Code     0  startup_stm32f429_439xx.o(.text)
    TIM1_CC_IRQHandler                       0x08000293   Thumb Code     0  startup_stm32f429_439xx.o(.text)
    TIM1_TRG_COM_TIM11_IRQHandler            0x08000293   Thumb Code     0  startup_stm32f429_439xx.o(.text)
    TIM1_UP_TIM10_IRQHandler                 0x08000293   Thumb Code     0  startup_stm32f429_439xx.o(.text)
    TIM2_IRQHandler                          0x08000293   Thumb Code     0  startup_stm32f429_439xx.o(.text)
    TIM3_IRQHandler                          0x08000293   Thumb Code     0  startup_stm32f429_439xx.o(.text)
    TIM4_IRQHandler                          0x08000293   Thumb Code     0  startup_stm32f429_439xx.o(.text)
    TIM5_IRQHandler                          0x08000293   Thumb Code     0  startup_stm32f429_439xx.o(.text)
    TIM6_DAC_IRQHandler                      0x08000293   Thumb Code     0  startup_stm32f429_439xx.o(.text)
    TIM7_IRQHandler                          0x08000293   Thumb Code     0  startup_stm32f429_439xx.o(.text)
    TIM8_BRK_TIM12_IRQHandler                0x08000293   Thumb Code     0  startup_stm32f429_439xx.o(.text)
    TIM8_CC_IRQHandler                       0x08000293   Thumb Code     0  startup_stm32f429_439xx.o(.text)
    TIM8_TRG_COM_TIM14_IRQHandler            0x08000293   Thumb Code     0  startup_stm32f429_439xx.o(.text)
    TIM8_UP_TIM13_IRQHandler                 0x08000293   Thumb Code     0  startup_stm32f429_439xx.o(.text)
    UART4_IRQHandler                         0x08000293   Thumb Code     0  startup_stm32f429_439xx.o(.text)
    UART5_IRQHandler                         0x08000293   Thumb Code     0  startup_stm32f429_439xx.o(.text)
    UART7_IRQHandler                         0x08000293   Thumb Code     0  startup_stm32f429_439xx.o(.text)
    UART8_IRQHandler                         0x08000293   Thumb Code     0  startup_stm32f429_439xx.o(.text)
    USART1_IRQHandler                        0x08000293   Thumb Code     0  startup_stm32f429_439xx.o(.text)
    USART2_IRQHandler                        0x08000293   Thumb Code     0  startup_stm32f429_439xx.o(.text)
    USART3_IRQHandler                        0x08000293   Thumb Code     0  startup_stm32f429_439xx.o(.text)
    USART6_IRQHandler                        0x08000293   Thumb Code     0  startup_stm32f429_439xx.o(.text)
    WWDG_IRQHandler                          0x08000293   Thumb Code     0  startup_stm32f429_439xx.o(.text)
    __aeabi_memcpy                           0x0800029d   Thumb Code    36  memcpya.o(.text)
    __aeabi_memcpy4                          0x0800029d   Thumb Code     0  memcpya.o(.text)
    __aeabi_memcpy8                          0x0800029d   Thumb Code     0  memcpya.o(.text)
    __aeabi_uidiv                            0x080002c1   Thumb Code     0  uidiv.o(.text)
    __aeabi_uidivmod                         0x080002c1   Thumb Code    44  uidiv.o(.text)
    __scatterload                            0x080002ed   Thumb Code    28  init.o(.text)
    __scatterload_rt2                        0x080002ed   Thumb Code     0  init.o(.text)
    BusFault_Handler                         0x080004f1   Thumb Code     4  stm32f4xx_it.o(i.BusFault_Handler)
    DebugMon_Handler                         0x080004f5   Thumb Code     2  stm32f4xx_it.o(i.DebugMon_Handler)
    GPIO_Init                                0x080004f7   Thumb Code   144  stm32f4xx_gpio.o(i.GPIO_Init)
    GPIO_PinAFConfig                         0x08000587   Thumb Code    70  stm32f4xx_gpio.o(i.GPIO_PinAFConfig)
    GPIO_ResetBits                           0x080005cd   Thumb Code     4  stm32f4xx_gpio.o(i.GPIO_ResetBits)
    GPIO_SetBits                             0x080005d1   Thumb Code     4  stm32f4xx_gpio.o(i.GPIO_SetBits)
    HardFault_Handler                        0x080005e1   Thumb Code     4  stm32f4xx_it.o(i.HardFault_Handler)
    MemManage_Handler                        0x08000a67   Thumb Code     4  stm32f4xx_it.o(i.MemManage_Handler)
    NMI_Handler                              0x08000a6b   Thumb Code     2  stm32f4xx_it.o(i.NMI_Handler)
    NVIC_Init                                0x08000aad   Thumb Code   106  misc.o(i.NVIC_Init)
    NVIC_PriorityGroupConfig                 0x08000b25   Thumb Code    10  misc.o(i.NVIC_PriorityGroupConfig)
    RCC_AHB1PeriphClockCmd                   0x08000b39   Thumb Code    26  stm32f4xx_rcc.o(i.RCC_AHB1PeriphClockCmd)
    RCC_APB1PeriphClockCmd                   0x08000b59   Thumb Code    26  stm32f4xx_rcc.o(i.RCC_APB1PeriphClockCmd)
    RCC_APB2PeriphClockCmd                   0x08000b79   Thumb Code    26  stm32f4xx_rcc.o(i.RCC_APB2PeriphClockCmd)
    RCC_GetClocksFreq                        0x08000c09   Thumb Code   214  stm32f4xx_rcc.o(i.RCC_GetClocksFreq)
    SysTick_Handler                          0x08000e7d   Thumb Code    16  stm32f4xx_it.o(i.SysTick_Handler)
    SystemInit                               0x08000e8d   Thumb Code    88  system_stm32f4xx.o(i.SystemInit)
    USART_Cmd                                0x08000f03   Thumb Code    24  stm32f4xx_usart.o(i.USART_Cmd)
    USART_GetFlagStatus                      0x08000f1b   Thumb Code    26  stm32f4xx_usart.o(i.USART_GetFlagStatus)
    USART_ITConfig                           0x08000f35   Thumb Code    74  stm32f4xx_usart.o(i.USART_ITConfig)
    USART_Init                               0x08000f81   Thumb Code   204  stm32f4xx_usart.o(i.USART_Init)
    USART_SendData                           0x08001055   Thumb Code     8  stm32f4xx_usart.o(i.USART_SendData)
    UsageFault_Handler                       0x0800105d   Thumb Code     4  stm32f4xx_it.o(i.UsageFault_Handler)
    __0printf$3                              0x08001061   Thumb Code    22  printf3.o(i.__0printf$3)
    __1printf$3                              0x08001061   Thumb Code     0  printf3.o(i.__0printf$3)
    __2printf                                0x08001061   Thumb Code     0  printf3.o(i.__0printf$3)
    __scatterload_copy                       0x08001081   Thumb Code    14  handlers.o(i.__scatterload_copy)
    __scatterload_null                       0x0800108f   Thumb Code     2  handlers.o(i.__scatterload_null)
    __scatterload_zeroinit                   0x08001091   Thumb Code    14  handlers.o(i.__scatterload_zeroinit)
    fputc                                    0x08001259   Thumb Code    32  cpu.o(i.fputc)
    hardwareInit                             0x0800127d   Thumb Code    38  cpu.o(i.hardwareInit)
    initLCD                                  0x080012a5   Thumb Code   362  lcd.o(i.initLCD)
    main                                     0x08001b01   Thumb Code    64  main.o(i.main)
    pvPortMalloc                             0x080025a1   Thumb Code   262  heap_4.o(i.pvPortMalloc)
    pvTaskIncrementMutexHeldCount            0x080026f5   Thumb Code    26  tasks.o(i.pvTaskIncrementMutexHeldCount)
    pxPortInitialiseStack                    0x08002715   Thumb Code    38  port.o(i.pxPortInitialiseStack)
    setBlLedZt                               0x08002741   Thumb Code    28  cpu.o(i.setBlLedZt)
    setSystemLedZt                           0x08002761   Thumb Code     6  cpu.o(i.setSystemLedZt)
    systemRunLedTimer_ISR                    0x0800276d   Thumb Code    48  cpu.o(i.systemRunLedTimer_ISR)
    uxListRemove                             0x080027a9   Thumb Code    40  list.o(i.uxListRemove)
    vListInitialise                          0x080027d1   Thumb Code    26  list.o(i.vListInitialise)
    vListInitialiseItem                      0x080027eb   Thumb Code     6  list.o(i.vListInitialiseItem)
    vListInsert                              0x080027f1   Thumb Code    52  list.o(i.vListInsert)
    vListInsertEnd                           0x08002825   Thumb Code    24  list.o(i.vListInsertEnd)
    vPortEnterCritical                       0x0800283d   Thumb Code    68  port.o(i.vPortEnterCritical)
    vPortExitCritical                        0x080028c5   Thumb Code    48  port.o(i.vPortExitCritical)
    vPortFree                                0x08002935   Thumb Code   120  heap_4.o(i.vPortFree)
    vPortSetupTimerInterrupt                 0x080029ed   Thumb Code    26  port.o(i.vPortSetupTimerInterrupt)
    vPortValidateInterruptPriority           0x08002a0d   Thumb Code    86  port.o(i.vPortValidateInterruptPriority)
    vQueueAddToRegistry                      0x08002aad   Thumb Code    38  queue.o(i.vQueueAddToRegistry)
    vQueueWaitForMessageRestricted           0x08002ad9   Thumb Code    74  queue.o(i.vQueueWaitForMessageRestricted)
    vTaskDelay                               0x08002b25   Thumb Code    72  tasks.o(i.vTaskDelay)
    vTaskDelete                              0x08002ba1   Thumb Code   192  tasks.o(i.vTaskDelete)
    vTaskMissedYield                         0x08002cb5   Thumb Code     8  tasks.o(i.vTaskMissedYield)
    vTaskPlaceOnEventList                    0x08002cc1   Thumb Code    42  tasks.o(i.vTaskPlaceOnEventList)
    vTaskPlaceOnEventListRestricted          0x08002d1d   Thumb Code    50  tasks.o(i.vTaskPlaceOnEventListRestricted)
    vTaskPriorityInherit                     0x08002d81   Thumb Code   164  tasks.o(i.vTaskPriorityInherit)
    vTaskSetTimeOutState                     0x08002e31   Thumb Code    32  tasks.o(i.vTaskSetTimeOutState)
    vTaskStartScheduler                      0x08002e85   Thumb Code   108  tasks.o(i.vTaskStartScheduler)
    vTaskSuspendAll                          0x08002f39   Thumb Code    12  tasks.o(i.vTaskSuspendAll)
    vTaskSwitchContext                       0x08002f49   Thumb Code   110  tasks.o(i.vTaskSwitchContext)
    xPortStartScheduler                      0x08002ff9   Thumb Code   258  port.o(i.xPortStartScheduler)
    xPortSysTickHandler                      0x08003155   Thumb Code    46  port.o(i.xPortSysTickHandler)
    xQueueGenericCreate                      0x08003189   Thumb Code    78  queue.o(i.xQueueGenericCreate)
    xQueueGenericReceive                     0x08003205   Thumb Code   416  queue.o(i.xQueueGenericReceive)
    xQueueGenericReset                       0x080033d5   Thumb Code   136  queue.o(i.xQueueGenericReset)
    xQueueGenericSend                        0x0800348d   Thumb Code   380  queue.o(i.xQueueGenericSend)
    xQueueGenericSendFromISR                 0x08003639   Thumb Code   218  queue.o(i.xQueueGenericSendFromISR)
    xTaskCheckForTimeOut                     0x08003741   Thumb Code   116  tasks.o(i.xTaskCheckForTimeOut)
    xTaskCreate                              0x080037e9   Thumb Code    96  tasks.o(i.xTaskCreate)
    xTaskGetSchedulerState                   0x08003849   Thumb Code    24  tasks.o(i.xTaskGetSchedulerState)
    xTaskGetTickCount                        0x08003869   Thumb Code     6  tasks.o(i.xTaskGetTickCount)
    xTaskIncrementTick                       0x08003875   Thumb Code   272  tasks.o(i.xTaskIncrementTick)
    xTaskPriorityDisinherit                  0x080039dd   Thumb Code   168  tasks.o(i.xTaskPriorityDisinherit)
    xTaskRemoveFromEventList                 0x08003abd   Thumb Code   118  tasks.o(i.xTaskRemoveFromEventList)
    xTaskResumeAll                           0x08003b79   Thumb Code   214  tasks.o(i.xTaskResumeAll)
    xTimerCreateTimerTask                    0x08003ca1   Thumb Code    56  timers.o(i.xTimerCreateTimerTask)
    xTimerGenericCommand                     0x08003d19   Thumb Code   116  timers.o(i.xTimerGenericCommand)
    Region$$Table$$Base                      0x08003dbc   Number         0  anon$$obj.o(Region$$Table)
    Region$$Table$$Limit                     0x08003ddc   Number         0  anon$$obj.o(Region$$Table)
    pxCurrentTCB                             0x20000034   Data           4  tasks.o(.data)
    SystemCoreClock                          0x20000084   Data           4  system_stm32f4xx.o(.data)
    AHBPrescTable                            0x20000088   Data          16  system_stm32f4xx.o(.data)
    ltdc_framebuf                            0x200000ac   Data           8  lcd.o(.data)
    lcddev                                   0x200000b4   Data           6  lcd.o(.data)
    __stdout                                 0x200000bc   Data           4  stdout.o(.data)
    xQueueRegistry                           0x200090c0   Data          80  queue.o(.bss)
    lcdltdc                                  0x2000941c   Data          32  lcd.o(.bss)
    __initial_sp                             0x20009c40   Data           0  startup_stm32f429_439xx.o(STACK)
    ltdc_lcd_framebuf                        0xc0000000   Data       2048000  lcd.o(.ARM.__AT_0xC0000000)



==============================================================================

Memory Map of the image

  Image Entry point : 0x080001ad

  Load Region LR_IROM1 (Base: 0x08000000, Size: 0x00003e9c, Max: 0x00100000, ABSOLUTE)

    Execution Region ER_IROM1 (Exec base: 0x08000000, Load base: 0x08000000, Size: 0x00003ddc, Max: 0x00100000, ABSOLUTE)

    Exec Addr    Load Addr    Size         Type   Attr      Idx    E Section Name        Object

    0x08000000   0x08000000   0x000001ac   Data   RO         6130    RESET               startup_stm32f429_439xx.o
    0x080001ac   0x080001ac   0x00000000   Code   RO         6573  * .ARM.Collect$$$$00000000  mc_w.l(entry.o)
    0x080001ac   0x080001ac   0x00000004   Code   RO         6841    .ARM.Collect$$$$00000001  mc_w.l(entry2.o)
    0x080001b0   0x080001b0   0x00000004   Code   RO         6844    .ARM.Collect$$$$00000004  mc_w.l(entry5.o)
    0x080001b4   0x080001b4   0x00000000   Code   RO         6846    .ARM.Collect$$$$00000008  mc_w.l(entry7b.o)
    0x080001b4   0x080001b4   0x00000000   Code   RO         6848    .ARM.Collect$$$$0000000A  mc_w.l(entry8b.o)
    0x080001b4   0x080001b4   0x00000008   Code   RO         6849    .ARM.Collect$$$$0000000B  mc_w.l(entry9a.o)
    0x080001bc   0x080001bc   0x00000000   Code   RO         6851    .ARM.Collect$$$$0000000D  mc_w.l(entry10a.o)
    0x080001bc   0x080001bc   0x00000000   Code   RO         6853    .ARM.Collect$$$$0000000F  mc_w.l(entry11a.o)
    0x080001bc   0x080001bc   0x00000004   Code   RO         6842    .ARM.Collect$$$$00002712  mc_w.l(entry2.o)
    0x080001c0   0x080001c0   0x000000b6   Code   RO         5224    .emb_text           port.o
    0x08000276   0x08000276   0x00000002   PAD
    0x08000278   0x08000278   0x00000024   Code   RO         6131    .text               startup_stm32f429_439xx.o
    0x0800029c   0x0800029c   0x00000024   Code   RO         6576    .text               mc_w.l(memcpya.o)
    0x080002c0   0x080002c0   0x0000002c   Code   RO         6856    .text               mc_w.l(uidiv.o)
    0x080002ec   0x080002ec   0x00000024   Code   RO         6871    .text               mc_w.l(init.o)
    0x08000310   0x08000310   0x00000118   Code   RO         6242    i.AppTaskCreate     main.o
    0x08000428   0x08000428   0x000000c8   Code   RO         6310    i.BOARD_InitSDRAM   cpu.o
    0x080004f0   0x080004f0   0x00000004   Code   RO         6179    i.BusFault_Handler  stm32f4xx_it.o
    0x080004f4   0x080004f4   0x00000002   Code   RO         6180    i.DebugMon_Handler  stm32f4xx_it.o
    0x080004f6   0x080004f6   0x00000090   Code   RO         1998    i.GPIO_Init         stm32f4xx_gpio.o
    0x08000586   0x08000586   0x00000046   Code   RO         1999    i.GPIO_PinAFConfig  stm32f4xx_gpio.o
    0x080005cc   0x080005cc   0x00000004   Code   RO         2005    i.GPIO_ResetBits    stm32f4xx_gpio.o
    0x080005d0   0x080005d0   0x00000004   Code   RO         2006    i.GPIO_SetBits      stm32f4xx_gpio.o
    0x080005d4   0x080005d4   0x0000000c   Code   RO         6243    i.GUI_Task          main.o
    0x080005e0   0x080005e0   0x00000004   Code   RO         6181    i.HardFault_Handler  stm32f4xx_it.o
    0x080005e4   0x080005e4   0x0000000c   Code   RO         6406    i.LCD_Clear         lcd.o
    0x080005f0   0x080005f0   0x00000040   Code   RO         6409    i.LCD_Display_Dir   lcd.o
    0x08000630   0x08000630   0x00000024   Code   RO         6422    i.LTDC_Clear        lcd.o
    0x08000654   0x08000654   0x00000098   Code   RO         6423    i.LTDC_Clk_Set      lcd.o
    0x080006ec   0x080006ec   0x00000148   Code   RO         6426    i.LTDC_Fill         lcd.o
    0x08000834   0x08000834   0x00000088   Code   RO         6427    i.LTDC_Layer_Parameter_Config  lcd.o
    0x080008bc   0x080008bc   0x00000060   Code   RO         6428    i.LTDC_Layer_Switch  lcd.o
    0x0800091c   0x0800091c   0x00000138   Code   RO         6429    i.LTDC_Layer_Window_Config  lcd.o
    0x08000a54   0x08000a54   0x00000012   Code   RO         6244    i.Main_Task         main.o
    0x08000a66   0x08000a66   0x00000004   Code   RO         6182    i.MemManage_Handler  stm32f4xx_it.o
    0x08000a6a   0x08000a6a   0x00000002   Code   RO         6183    i.NMI_Handler       stm32f4xx_it.o
    0x08000a6c   0x08000a6c   0x00000040   Code   RO         6311    i.NVIC_Configuration  cpu.o
    0x08000aac   0x08000aac   0x00000078   Code   RO            4    i.NVIC_Init         misc.o
    0x08000b24   0x08000b24   0x00000014   Code   RO            5    i.NVIC_PriorityGroupConfig  misc.o
    0x08000b38   0x08000b38   0x00000020   Code   RO         2912    i.RCC_AHB1PeriphClockCmd  stm32f4xx_rcc.o
    0x08000b58   0x08000b58   0x00000020   Code   RO         2921    i.RCC_APB1PeriphClockCmd  stm32f4xx_rcc.o
    0x08000b78   0x08000b78   0x00000020   Code   RO         2924    i.RCC_APB2PeriphClockCmd  stm32f4xx_rcc.o
    0x08000b98   0x08000b98   0x0000006e   Code   RO         6312    i.RCC_Configuration  cpu.o
    0x08000c06   0x08000c06   0x00000002   PAD
    0x08000c08   0x08000c08   0x000000e8   Code   RO         2933    i.RCC_GetClocksFreq  stm32f4xx_rcc.o
    0x08000cf0   0x08000cf0   0x00000048   Code   RO         6313    i.SDRAM_Send_Cmd    cpu.o
    0x08000d38   0x08000d38   0x00000022   Code   RO         6314    i.SDRAM_delay       cpu.o
    0x08000d5a   0x08000d5a   0x00000002   PAD
    0x08000d5c   0x08000d5c   0x00000120   Code   RO         6138    i.SetSysClock       system_stm32f4xx.o
    0x08000e7c   0x08000e7c   0x00000010   Code   RO         6184    i.SysTick_Handler   stm32f4xx_it.o
    0x08000e8c   0x08000e8c   0x00000068   Code   RO         6140    i.SystemInit        system_stm32f4xx.o
    0x08000ef4   0x08000ef4   0x0000000e   Code   RO         6245    i.Tick_Task         main.o
    0x08000f02   0x08000f02   0x00000018   Code   RO         4859    i.USART_Cmd         stm32f4xx_usart.o
    0x08000f1a   0x08000f1a   0x0000001a   Code   RO         4862    i.USART_GetFlagStatus  stm32f4xx_usart.o
    0x08000f34   0x08000f34   0x0000004a   Code   RO         4865    i.USART_ITConfig    stm32f4xx_usart.o
    0x08000f7e   0x08000f7e   0x00000002   PAD
    0x08000f80   0x08000f80   0x000000d4   Code   RO         4866    i.USART_Init        stm32f4xx_usart.o
    0x08001054   0x08001054   0x00000008   Code   RO         4876    i.USART_SendData    stm32f4xx_usart.o
    0x0800105c   0x0800105c   0x00000004   Code   RO         6185    i.UsageFault_Handler  stm32f4xx_it.o
    0x08001060   0x08001060   0x00000020   Code   RO         6669    i.__0printf$3       mc_w.l(printf3.o)
    0x08001080   0x08001080   0x0000000e   Code   RO         6883    i.__scatterload_copy  mc_w.l(handlers.o)
    0x0800108e   0x0800108e   0x00000002   Code   RO         6884    i.__scatterload_null  mc_w.l(handlers.o)
    0x08001090   0x08001090   0x0000000e   Code   RO         6885    i.__scatterload_zeroinit  mc_w.l(handlers.o)
    0x0800109e   0x0800109e   0x00000002   PAD
    0x080010a0   0x080010a0   0x000001b8   Code   RO         6676    i._printf_core      mc_w.l(printf3.o)
    0x08001258   0x08001258   0x00000024   Code   RO         6316    i.fputc             cpu.o
    0x0800127c   0x0800127c   0x00000026   Code   RO         6317    i.hardwareInit      cpu.o
    0x080012a2   0x080012a2   0x00000002   PAD
    0x080012a4   0x080012a4   0x00000184   Code   RO         6431    i.initLCD           lcd.o
    0x08001428   0x08001428   0x000002e4   Code   RO         6318    i.initPort          cpu.o
    0x0800170c   0x0800170c   0x00000040   Code   RO         6319    i.initPrintUart     cpu.o
    0x0800174c   0x0800174c   0x000003b4   Code   RO         6320    i.initSDRAM         cpu.o
    0x08001b00   0x08001b00   0x00000080   Code   RO         6246    i.main              main.o
    0x08001b80   0x08001b80   0x00000098   Code   RO         5674    i.prvAddCurrentTaskToDelayedList  tasks.o
    0x08001c18   0x08001c18   0x000000b4   Code   RO         5675    i.prvAddNewTaskToReadyList  tasks.o
    0x08001ccc   0x08001ccc   0x00000064   Code   RO         6001    i.prvCheckForValidListAndQueue  timers.o
    0x08001d30   0x08001d30   0x00000064   Code   RO         5676    i.prvCheckTasksWaitingTermination  tasks.o
    0x08001d94   0x08001d94   0x0000002a   Code   RO         5494    i.prvCopyDataFromQueue  queue.o
    0x08001dbe   0x08001dbe   0x0000007c   Code   RO         5495    i.prvCopyDataToQueue  queue.o
    0x08001e3a   0x08001e3a   0x00000012   Code   RO         5677    i.prvDeleteTCB      tasks.o
    0x08001e4c   0x08001e4c   0x00000028   Code   RO         6002    i.prvGetNextExpireTime  timers.o
    0x08001e74   0x08001e74   0x0000007c   Code   RO         5113    i.prvHeapInit       heap_4.o
    0x08001ef0   0x08001ef0   0x00000028   Code   RO         5678    i.prvIdleTask       tasks.o
    0x08001f18   0x08001f18   0x00000026   Code   RO         5497    i.prvInitialiseNewQueue  queue.o
    0x08001f3e   0x08001f3e   0x00000002   PAD
    0x08001f40   0x08001f40   0x000000cc   Code   RO         5679    i.prvInitialiseNewTask  tasks.o
    0x0800200c   0x0800200c   0x00000068   Code   RO         5680    i.prvInitialiseTaskLists  tasks.o
    0x08002074   0x08002074   0x00000068   Code   RO         5114    i.prvInsertBlockIntoFreeList  heap_4.o
    0x080020dc   0x080020dc   0x00000058   Code   RO         6004    i.prvInsertTimerInActiveList  timers.o
    0x08002134   0x08002134   0x0000001a   Code   RO         5498    i.prvIsQueueEmpty   queue.o
    0x0800214e   0x0800214e   0x0000001e   Code   RO         5499    i.prvIsQueueFull    queue.o
    0x0800216c   0x0800216c   0x00000084   Code   RO         6005    i.prvProcessExpiredTimer  timers.o
    0x080021f0   0x080021f0   0x00000110   Code   RO         6006    i.prvProcessReceivedCommands  timers.o
    0x08002300   0x08002300   0x00000074   Code   RO         6007    i.prvProcessTimerOrBlockTask  timers.o
    0x08002374   0x08002374   0x00000034   Code   RO         5681    i.prvResetNextTaskUnblockTime  tasks.o
    0x080023a8   0x080023a8   0x0000002c   Code   RO         6008    i.prvSampleTimeNow  timers.o
    0x080023d4   0x080023d4   0x000000c0   Code   RO         6009    i.prvSwitchTimerLists  timers.o
    0x08002494   0x08002494   0x00000074   Code   RO         5225    i.prvTaskExitError  port.o
    0x08002508   0x08002508   0x0000001a   Code   RO         6010    i.prvTimerTask      timers.o
    0x08002522   0x08002522   0x0000007e   Code   RO         5500    i.prvUnlockQueue    queue.o
    0x080025a0   0x080025a0   0x00000154   Code   RO         5115    i.pvPortMalloc      heap_4.o
    0x080026f4   0x080026f4   0x00000020   Code   RO         5683    i.pvTaskIncrementMutexHeldCount  tasks.o
    0x08002714   0x08002714   0x0000002c   Code   RO         5226    i.pxPortInitialiseStack  port.o
    0x08002740   0x08002740   0x00000020   Code   RO         6321    i.setBlLedZt        cpu.o
    0x08002760   0x08002760   0x0000000c   Code   RO         6322    i.setSystemLedZt    cpu.o
    0x0800276c   0x0800276c   0x0000003c   Code   RO         6323    i.systemRunLedTimer_ISR  cpu.o
    0x080027a8   0x080027a8   0x00000028   Code   RO         5445    i.uxListRemove      list.o
    0x080027d0   0x080027d0   0x0000001a   Code   RO         5446    i.vListInitialise   list.o
    0x080027ea   0x080027ea   0x00000006   Code   RO         5447    i.vListInitialiseItem  list.o
    0x080027f0   0x080027f0   0x00000034   Code   RO         5448    i.vListInsert       list.o
    0x08002824   0x08002824   0x00000018   Code   RO         5449    i.vListInsertEnd    list.o
    0x0800283c   0x0800283c   0x00000088   Code   RO         5228    i.vPortEnterCritical  port.o
    0x080028c4   0x080028c4   0x00000070   Code   RO         5229    i.vPortExitCritical  port.o
    0x08002934   0x08002934   0x000000b8   Code   RO         5116    i.vPortFree         heap_4.o
    0x080029ec   0x080029ec   0x00000020   Code   RO         5230    i.vPortSetupTimerInterrupt  port.o
    0x08002a0c   0x08002a0c   0x000000a0   Code   RO         5231    i.vPortValidateInterruptPriority  port.o
    0x08002aac   0x08002aac   0x0000002c   Code   RO         5504    i.vQueueAddToRegistry  queue.o
    0x08002ad8   0x08002ad8   0x0000004a   Code   RO         5507    i.vQueueWaitForMessageRestricted  queue.o
    0x08002b22   0x08002b22   0x00000002   PAD
    0x08002b24   0x08002b24   0x0000007c   Code   RO         5689    i.vTaskDelay        tasks.o
    0x08002ba0   0x08002ba0   0x00000114   Code   RO         5691    i.vTaskDelete       tasks.o
    0x08002cb4   0x08002cb4   0x0000000c   Code   RO         5693    i.vTaskMissedYield  tasks.o
    0x08002cc0   0x08002cc0   0x0000005c   Code   RO         5695    i.vTaskPlaceOnEventList  tasks.o
    0x08002d1c   0x08002d1c   0x00000064   Code   RO         5696    i.vTaskPlaceOnEventListRestricted  tasks.o
    0x08002d80   0x08002d80   0x000000b0   Code   RO         5698    i.vTaskPriorityInherit  tasks.o
    0x08002e30   0x08002e30   0x00000054   Code   RO         5701    i.vTaskSetTimeOutState  tasks.o
    0x08002e84   0x08002e84   0x000000b4   Code   RO         5702    i.vTaskStartScheduler  tasks.o
    0x08002f38   0x08002f38   0x00000010   Code   RO         5704    i.vTaskSuspendAll   tasks.o
    0x08002f48   0x08002f48   0x000000b0   Code   RO         5705    i.vTaskSwitchContext  tasks.o
    0x08002ff8   0x08002ff8   0x0000015c   Code   RO         5232    i.xPortStartScheduler  port.o
    0x08003154   0x08003154   0x00000034   Code   RO         5233    i.xPortSysTickHandler  port.o
    0x08003188   0x08003188   0x0000007c   Code   RO         5510    i.xQueueGenericCreate  queue.o
    0x08003204   0x08003204   0x000001d0   Code   RO         5511    i.xQueueGenericReceive  queue.o
    0x080033d4   0x080033d4   0x000000b8   Code   RO         5512    i.xQueueGenericReset  queue.o
    0x0800348c   0x0800348c   0x000001ac   Code   RO         5513    i.xQueueGenericSend  queue.o
    0x08003638   0x08003638   0x00000108   Code   RO         5514    i.xQueueGenericSendFromISR  queue.o
    0x08003740   0x08003740   0x000000a8   Code   RO         5706    i.xTaskCheckForTimeOut  tasks.o
    0x080037e8   0x080037e8   0x00000060   Code   RO         5707    i.xTaskCreate       tasks.o
    0x08003848   0x08003848   0x00000020   Code   RO         5711    i.xTaskGetSchedulerState  tasks.o
    0x08003868   0x08003868   0x0000000c   Code   RO         5712    i.xTaskGetTickCount  tasks.o
    0x08003874   0x08003874   0x00000168   Code   RO         5714    i.xTaskIncrementTick  tasks.o
    0x080039dc   0x080039dc   0x000000e0   Code   RO         5717    i.xTaskPriorityDisinherit  tasks.o
    0x08003abc   0x08003abc   0x000000bc   Code   RO         5718    i.xTaskRemoveFromEventList  tasks.o
    0x08003b78   0x08003b78   0x00000128   Code   RO         5720    i.xTaskResumeAll    tasks.o
    0x08003ca0   0x08003ca0   0x00000078   Code   RO         6014    i.xTimerCreateTimerTask  timers.o
    0x08003d18   0x08003d18   0x000000a4   Code   RO         6015    i.xTimerGenericCommand  timers.o
    0x08003dbc   0x08003dbc   0x00000020   Data   RO         6881    Region$$Table       anon$$obj.o


    Execution Region RW_IRAM1 (Exec base: 0x20000000, Load base: 0x08003ddc, Size: 0x00009c40, Max: 0x00030000, ABSOLUTE)

    Exec Addr    Load Addr    Size         Type   Attr      Idx    E Section Name        Object

    0x20000000   0x08003ddc   0x00000010   Data   RW         2965    .data               stm32f4xx_rcc.o
    0x20000010   0x08003dec   0x00000018   Data   RW         5121    .data               heap_4.o
    0x20000028   0x08003e04   0x0000000c   Data   RW         5234    .data               port.o
    0x20000034   0x08003e10   0x0000003c   Data   RW         5723    .data               tasks.o
    0x20000070   0x08003e4c   0x00000014   Data   RW         6021    .data               timers.o
    0x20000084   0x08003e60   0x00000014   Data   RW         6141    .data               system_stm32f4xx.o
    0x20000098   0x08003e74   0x00000010   Data   RW         6249    .data               main.o
    0x200000a8   0x08003e84   0x00000004   Data   RW         6324    .data               cpu.o
    0x200000ac   0x08003e88   0x0000000e   Data   RW         6435    .data               lcd.o
    0x200000ba   0x08003e96   0x00000002   PAD
    0x200000bc   0x08003e98   0x00000004   Data   RW         6855    .data               mc_w.l(stdout.o)
    0x200000c0        -       0x00009000   Zero   RW         5120    .bss                heap_4.o
    0x200090c0        -       0x00000050   Zero   RW         5520    .bss                queue.o
    0x20009110        -       0x000002e4   Zero   RW         5722    .bss                tasks.o
    0x200093f4        -       0x00000028   Zero   RW         6020    .bss                timers.o
    0x2000941c        -       0x00000020   Zero   RW         6433    .bss                lcd.o
    0x2000943c   0x08003e9c   0x00000004   PAD
    0x20009440        -       0x00000800   Zero   RW         6128    STACK               startup_stm32f429_439xx.o



  Load Region LR$$.ARM.__AT_0xC0000000 (Base: 0xc0000000, Size: 0x00000000, Max: 0x001f4000, ABSOLUTE)

    Execution Region ER$$.ARM.__AT_0xC0000000 (Exec base: 0xc0000000, Load base: 0xc0000000, Size: 0x001f4000, Max: 0x001f4000, ABSOLUTE, UNINIT)

    Exec Addr    Load Addr    Size         Type   Attr      Idx    E Section Name        Object

    0xc0000000        -       0x001f4000   Zero   RW         6432    .ARM.__AT_0xC0000000  lcd.o



  Load Region LR$$.ARM.__AT_0xC1000000 (Base: 0xc1000000, Size: 0x00000000, Max: 0x00004e20, ABSOLUTE)

    Execution Region ER$$.ARM.__AT_0xC1000000 (Exec base: 0xc1000000, Load base: 0xc1000000, Size: 0x00004e20, Max: 0x00004e20, ABSOLUTE, UNINIT)

    Exec Addr    Load Addr    Size         Type   Attr      Idx    E Section Name        Object

    0xc1000000        -       0x00004e20   Zero   RW         6247    .ARM.__AT_0xC1000000  main.o


==============================================================================

Image component sizes


      Code (inc. data)   RO Data    RW Data    ZI Data      Debug   Object Name

      2410         96          0          4          0       8517   cpu.o
         0          0          0          0          0      10328   event_groups.o
       752        176          0         24      36864      16199   heap_4.o
      1524         78          0         14    2048032       7255   lcd.o
       148          0          0          0          0       3314   list.o
       452        226          0         16      20000       6057   main.o
       140         24          0          0          0     276211   misc.o
      1182        396          0         12          0      10885   port.o
      1968        242          0          0         80      15173   queue.o
        36          8        428          0       2048        948   startup_stm32f429_439xx.o
       222          0          0          0          0       3255   stm32f4xx_gpio.o
        36          0          0          0          0       3375   stm32f4xx_it.o
       328         36          0         16          0       5023   stm32f4xx_rcc.o
       344          8          0          0          0       4569   stm32f4xx_usart.o
       392         32          0         20          0       2245   system_stm32f4xx.o
      3494        982          0         60        740      29887   tasks.o
      1294        330          0         20         40       8883   timers.o

    ----------------------------------------------------------------------
     14736       2634        460        188    2107808     412124   Object Totals
         0          0         32          0          0          0   (incl. Generated)
        14          0          0          2          4          0   (incl. Padding)

    ----------------------------------------------------------------------

      Code (inc. data)   RO Data    RW Data    ZI Data      Debug   Library Member Name

         0          0          0          0          0          0   entry.o
         0          0          0          0          0          0   entry10a.o
         0          0          0          0          0          0   entry11a.o
         8          4          0          0          0          0   entry2.o
         4          0          0          0          0          0   entry5.o
         0          0          0          0          0          0   entry7b.o
         0          0          0          0          0          0   entry8b.o
         8          4          0          0          0          0   entry9a.o
        30          0          0          0          0          0   handlers.o
        36          8          0          0          0         68   init.o
        36          0          0          0          0         68   memcpya.o
       472         14          0          0          0        184   printf3.o
         0          0          0          4          0          0   stdout.o
        44          0          0          0          0         80   uidiv.o

    ----------------------------------------------------------------------
       640         30          0          4          0        400   Library Totals
         2          0          0          0          0          0   (incl. Padding)

    ----------------------------------------------------------------------

      Code (inc. data)   RO Data    RW Data    ZI Data      Debug   Library Name

       638         30          0          4          0        400   mc_w.l

    ----------------------------------------------------------------------
       640         30          0          4          0        400   Library Totals

    ----------------------------------------------------------------------

==============================================================================


      Code (inc. data)   RO Data    RW Data    ZI Data      Debug   

     15376       2664        460        192    2107808     401124   Grand Totals
     15376       2664        460        192    2107808     401124   ELF Image Totals
     15376       2664        460        192          0          0   ROM Totals

==============================================================================

    Total RO  Size (Code + RO Data)                15836 (  15.46kB)
    Total RW  Size (RW Data + ZI Data)           2108000 (2058.59kB)
    Total ROM Size (Code + RO Data + RW Data)      16028 (  15.65kB)

==============================================================================

